Component: ARM Compiler 5.06 update 2 (build 183) Tool: armlink [4d35b7]

==============================================================================

Small function inlining results

Inlined total of 0 calls.

==============================================================================

Section Cross References

    bmi160.o(.text) refers to bsp_i2c.o(.text) for I2C_WriteByte
    bmi160.o(.text) refers to timer.o(.text) for TIMER_Delay
    bmi160.o(.text) refers to uidiv.o(.text) for __aeabi_uidivmod
    bmi160.o(.text) refers to idiv.o(.text) for __aeabi_idivmod
    bmi160.o(.text) refers to bmi160.o(.data) for .data
    fbm320.o(.text) refers to bsp_i2c.o(.text) for I2C_SequentialRead
    fbm320.o(.text) refers to fbm320.o(.bss) for .bss
    fbm320.o(.text) refers to fbm320.o(.data) for .data
    fbm320.o(.text) refers to timer.o(.text) for TIMER_Delay
    fbm320.o(.text) refers to idiv.o(.text) for __aeabi_idivmod
    motor.o(.text) refers to pwm.o(.text) for PWM_ConfigOutputChannel
    motor.o(.text) refers to printfa.o(i.__0printf) for __2printf
    motor.o(.text) refers to algorithm_math.o(.text) for data_limit
    motor.o(.text) refers to ffltui.o(.text) for __aeabi_ui2f
    motor.o(.text) refers to fmul.o(.text) for __aeabi_fmul
    motor.o(.text) refers to ffixui.o(.text) for __aeabi_f2uiz
    motor.o(.text) refers to motor.o(.data) for .data
    motor.o(.text) refers to motor.o(.conststring) for .conststring
    common.o(.text) refers to clk.o(.text) for CLK_InitHIRC
    common.o(.text) refers to system_pn020series.o(.text) for SystemCoreClockUpdate
    common.o(.text) refers to algorithm_pid.o(.text) for set_pid_param
    common.o(.text) refers to uart_console.o(.text) for uart_console_init
    common.o(.text) refers to printfa.o(i.__0printf) for __2printf
    common.o(.text) refers to bsp_i2c.o(.text) for I2C_Init
    common.o(.text) refers to fbm320.o(.text) for fbm320_init
    common.o(.text) refers to bmi160.o(.text) for bmi160_init
    common.o(.text) refers to motor.o(.text) for motor_init
    common.o(.text) refers to scheduler.o(.text) for scheduler_init
    common.o(.text) refers to rc_channel.o(.text) for rc_channel_init
    common.o(.text) refers to attitude_control.o(.bss) for ctrl_loop
    main.o(.text) refers to common.o(.text) for system_init
    main.o(.text) refers to printfa.o(i.__0printf) for __2printf
    main.o(.text) refers to inertial_sensor.o(.text) for gyro_offset
    main.o(.text) refers to scheduler.o(.text) for scheduler_run
    system_pn020series.o(.text) refers to uidiv.o(.text) for __aeabi_uidivmod
    system_pn020series.o(.text) refers to system_pn020series.o(.data) for .data
    startup_pn020series.o(RESET) refers to startup_pn020series.o(.text) for Reset_Handler
    startup_pn020series.o(RESET) refers to retarget.o(.emb_text) for HardFault_Handler
    startup_pn020series.o(RESET) refers to scheduler.o(.text) for TMR1_IRQHandler
    startup_pn020series.o(RESET) refers to uart_console.o(.text) for UART0_IRQHandler
    startup_pn020series.o(.text) refers to entry.o(.ARM.Collect$$$$00000000) for __main
    algorithm_filter.o(.text) refers to dmul.o(.text) for __aeabi_dmul
    algorithm_filter.o(.text) refers to dadd.o(.text) for __aeabi_dadd
    algorithm_filter.o(.text) refers to fmul.o(.text) for __aeabi_fmul
    algorithm_filter.o(.text) refers to fadd.o(.text) for __aeabi_fsub
    algorithm_filter.o(.text) refers to dadd.o(.text) for __aeabi_dadd
    algorithm_filter.o(.text) refers to ddiv.o(.text) for __aeabi_ddiv
    algorithm_filter.o(.text) refers to dmul.o(.text) for __aeabi_dmul
    algorithm_filter.o(.text) refers to algorithm_filter.o(.data) for .data
    algorithm_filter.o(.text) refers to ffltui.o(.text) for __aeabi_ui2f
    algorithm_filter.o(.text) refers to fadd.o(.text) for __aeabi_fsub
    algorithm_filter.o(.text) refers to fdiv.o(.text) for __aeabi_fdiv
    algorithm_filter.o(.text) refers to cfrcmple.o(.text) for __aeabi_cfrcmple
    algorithm_filter.o(.text) refers to algorithm_filter.o(.data) for .data
    algorithm_filter.o(.text) refers to algorithm_filter.o(.bss) for .bss
    algorithm_filter.o(.text) refers to fadd.o(.text) for __aeabi_fsub
    algorithm_filter.o(.text) refers to f2d.o(.text) for __aeabi_f2d
    algorithm_filter.o(.text) refers to dadd.o(.text) for __aeabi_drsub
    algorithm_filter.o(.text) refers to d2f.o(.text) for __aeabi_d2f
    algorithm_filter.o(.text) refers to dmul.o(.text) for __aeabi_dmul
    algorithm_filter.o(.text) refers to fdiv.o(.text) for __aeabi_fdiv
    algorithm_filter.o(.text) refers to fmul.o(.text) for __aeabi_fmul
    algorithm_filter.o(.text) refers to algorithm_filter.o(.data) for .data
    algorithm_math.o(.text) refers to fscalb.o(.text) for __ARM_scalbnf
    algorithm_math.o(.text) refers to fmul.o(.text) for __aeabi_fmul
    algorithm_math.o(.text) refers to fadd.o(.text) for __aeabi_frsub
    algorithm_math.o(.text) refers to cfrcmple.o(.text) for __aeabi_cfrcmple
[...]
    Removing algorithm_pid.o(.text), (6 bytes).
    Removing algorithm_pid.o(.text), (4 bytes).
    Removing algorithm_quaternion.o(.rev16_text), (4 bytes).
    Removing algorithm_quaternion.o(.revsh_text), (4 bytes).
    Removing algorithm_quaternion.o(.text), (230 bytes).
    Removing algorithm_quaternion.o(.text), (272 bytes).
    Removing attitude_control.o(.rev16_text), (4 bytes).
    Removing attitude_control.o(.revsh_text), (4 bytes).
    Removing attitude_control.o(.bss), (12 bytes).
    Removing flight_mode_control.o(.rev16_text), (4 bytes).
    Removing flight_mode_control.o(.revsh_text), (4 bytes).
    Removing flight_mode_control.o(.text), (2 bytes).
    Removing flight_mode_control.o(.text), (4 bytes).
    Removing flight_mode_control.o(.text), (48 bytes).
    Removing motor_control.o(.rev16_text), (4 bytes).
    Removing motor_control.o(.revsh_text), (4 bytes).
    Removing motor_control.o(.data), (4 bytes).
    Removing scheduler.o(.rev16_text), (4 bytes).
    Removing scheduler.o(.revsh_text), (4 bytes).
    Removing scheduler.o(.text), (20 bytes).
    Removing scheduler.o(.text), (20 bytes).
    Removing ahrs.o(.rev16_text), (4 bytes).
    Removing ahrs.o(.revsh_text), (4 bytes).
    Removing ahrs.o(.text), (20 bytes).
    Removing ahrs.o(.data), (6 bytes).
    Removing inertial_sensor.o(.rev16_text), (4 bytes).
    Removing inertial_sensor.o(.revsh_text), (4 bytes).
    Removing bsp_i2c.o(.rev16_text), (4 bytes).
    Removing bsp_i2c.o(.revsh_text), (4 bytes).
    Removing bsp_i2c.o(.text), (156 bytes).
    Removing timer_delay.o(.rev16_text), (4 bytes).
    Removing timer_delay.o(.revsh_text), (4 bytes).
    Removing uart_console.o(.rev16_text), (4 bytes).
    Removing uart_console.o(.revsh_text), (4 bytes).
    Removing bsp_spi.o(.rev16_text), (4 bytes).
    Removing bsp_spi.o(.revsh_text), (4 bytes).
    Removing acmp.o(.rev16_text), (4 bytes).
    Removing acmp.o(.revsh_text), (4 bytes).
    Removing acmp.o(.text), (52 bytes).
    Removing acmp.o(.text), (20 bytes).
    Removing adc.o(.rev16_text), (4 bytes).
    Removing adc.o(.revsh_text), (4 bytes).
    Removing adc.o(.text), (44 bytes).
    Removing adc.o(.text), (36 bytes).
    Removing adc.o(.text), (20 bytes).
    Removing adc.o(.text), (22 bytes).
    Removing adc.o(.text), (44 bytes).
    Removing adc.o(.text), (20 bytes).
    Removing adc.o(.text), (20 bytes).
    Removing adc.o(.text), (44 bytes).
    Removing adc.o(.text), (44 bytes).
    Removing adc.o(.text), (44 bytes).
    Removing adc.o(.text), (36 bytes).
    Removing clk.o(.rev16_text), (4 bytes).
    Removing clk.o(.revsh_text), (4 bytes).
    Removing clk.o(.text), (48 bytes).
    Removing clk.o(.text), (36 bytes).
    Removing clk.o(.text), (24 bytes).
    Removing clk.o(.text), (8 bytes).
    Removing clk.o(.text), (16 bytes).
    Removing clk.o(.text), (36 bytes).
    Removing clk.o(.text), (12 bytes).
    Removing clk.o(.text), (28 bytes).
    Removing clk.o(.text), (16 bytes).
    Removing clk.o(.text), (44 bytes).
    Removing clk.o(.text), (28 bytes).
    Removing clk.o(.text), (40 bytes).
    Removing clk.o(.text), (52 bytes).
    Removing clk.o(.text), (72 bytes).
    Removing clk.o(.text), (72 bytes).
    Removing fmc.o(.rev16_text), (4 bytes).
    Removing fmc.o(.revsh_text), (4 bytes).
    Removing fmc.o(.text), (16 bytes).
    Removing fmc.o(.text), (48 bytes).
    Removing fmc.o(.text), (20 bytes).
    Removing fmc.o(.text), (16 bytes).
    Removing fmc.o(.text), (28 bytes).
    Removing fmc.o(.text), (28 bytes).
    Removing fmc.o(.text), (28 bytes).
    Removing fmc.o(.text), (32 bytes).
    Removing fmc.o(.text), (28 bytes).
    Removing fmc.o(.text), (12 bytes).
    Removing fmc.o(.text), (24 bytes).
    Removing fmc.o(.text), (20 bytes).
    Removing fmc.o(.text), (28 bytes).
    Removing fmc.o(.text), (72 bytes).
    Removing fmc.o(.text), (100 bytes).
    Removing fmc.o(.text), (80 bytes).
    Removing gpio.o(.rev16_text), (4 bytes).
    Removing gpio.o(.revsh_text), (4 bytes).
    Removing gpio.o(.text), (48 bytes).
    Removing gpio.o(.text), (26 bytes).
    Removing gpio.o(.text), (28 bytes).
    Removing i2c.o(.rev16_text), (4 bytes).
    Removing i2c.o(.revsh_text), (4 bytes).
    Removing i2c.o(.text), (44 bytes).
    Removing i2c.o(.text), (10 bytes).
    Removing i2c.o(.text), (48 bytes).
    Removing i2c.o(.text), (10 bytes).
    Removing i2c.o(.text), (10 bytes).
    Removing i2c.o(.text), (24 bytes).
    Removing i2c.o(.text), (40 bytes).
    Removing i2c.o(.text), (8 bytes).
    Removing i2c.o(.text), (4 bytes).
    Removing i2c.o(.text), (4 bytes).
    Removing i2c.o(.text), (4 bytes).
    Removing i2c.o(.text), (36 bytes).
    Removing i2c.o(.text), (34 bytes).
    Removing i2c.o(.text), (26 bytes).
    Removing i2c.o(.text), (10 bytes).
    Removing i2c.o(.text), (10 bytes).
    Removing i2c.o(.text), (10 bytes).
    Removing pwm.o(.rev16_text), (4 bytes).
    Removing pwm.o(.revsh_text), (4 bytes).
    Removing pwm.o(.text), (30 bytes).
    Removing pwm.o(.text), (44 bytes).
    Removing pwm.o(.text), (48 bytes).
    Removing pwm.o(.text), (36 bytes).
    Removing pwm.o(.text), (36 bytes).
    Removing pwm.o(.text), (40 bytes).
    Removing pwm.o(.text), (16 bytes).
    Removing pwm.o(.text), (40 bytes).
    Removing pwm.o(.text), (20 bytes).
    Removing pwm.o(.text), (14 bytes).
    Removing pwm.o(.text), (14 bytes).
    Removing pwm.o(.text), (16 bytes).
    Removing pwm.o(.text), (24 bytes).
    Removing pwm.o(.text), (14 bytes).
    Removing pwm.o(.text), (14 bytes).
    Removing pwm.o(.text), (16 bytes).
    Removing pwm.o(.text), (24 bytes).
    Removing pwm.o(.text), (12 bytes).
    Removing pwm.o(.text), (12 bytes).
    Removing pwm.o(.text), (16 bytes).
    Removing pwm.o(.text), (20 bytes).
    Removing pwm.o(.text), (14 bytes).
    Removing pwm.o(.text), (14 bytes).
    Removing pwm.o(.text), (16 bytes).
    Removing pwm.o(.text), (24 bytes).
    Removing pwm.o(.text), (40 bytes).
    Removing pwm.o(.text), (20 bytes).
    Removing pwm.o(.text), (16 bytes).
    Removing pwm.o(.text), (24 bytes).
    Removing retarget.o(.rev16_text), (4 bytes).
    Removing retarget.o(.revsh_text), (4 bytes).
    Removing retarget.o(.text), (8 bytes).
    Removing retarget.o(.text), (20 bytes).
    Removing retarget.o(.text), (16 bytes).
    Removing retarget.o(.text), (16 bytes).
    Removing retarget.o(.text), (8 bytes).
    Removing retarget.o(.text), (8 bytes).
    Removing retarget.o(.text), (6 bytes).
    Removing retarget.o(.data), (4 bytes).
    Removing spi.o(.rev16_text), (4 bytes).
    Removing spi.o(.revsh_text), (4 bytes).
    Removing spi.o(.text), (36 bytes).
    Removing spi.o(.text), (18 bytes).
    Removing spi.o(.text), (20 bytes).
    Removing spi.o(.text), (22 bytes).
    Removing spi.o(.text), (42 bytes).
    Removing spi.o(.text), (42 bytes).
    Removing sys.o(.rev16_text), (4 bytes).
    Removing sys.o(.revsh_text), (4 bytes).
    Removing sys.o(.text), (26 bytes).
    Removing sys.o(.text), (12 bytes).
    Removing sys.o(.text), (12 bytes).
    Removing sys.o(.text), (8 bytes).
    Removing sys.o(.text), (24 bytes).
    Removing sys.o(.text), (14 bytes).
    Removing sys.o(.text), (14 bytes).
    Removing sys.o(.text), (42 bytes).
    Removing sys.o(.text), (36 bytes).
    Removing sys.o(.text), (22 bytes).
    Removing timer.o(.rev16_text), (4 bytes).
    Removing timer.o(.revsh_text), (4 bytes).
    Removing timer.o(.text), (8 bytes).
    Removing timer.o(.text), (22 bytes).
    Removing timer.o(.text), (10 bytes).
    Removing timer.o(.text), (22 bytes).
    Removing timer.o(.text), (12 bytes).
    Removing uart.o(.rev16_text), (4 bytes).
    Removing uart.o(.revsh_text), (4 bytes).
    Removing uart.o(.text), (24 bytes).
    Removing uart.o(.text), (6 bytes).
    Removing uart.o(.text), (8 bytes).
    Removing uart.o(.text), (8 bytes).
    Removing uart.o(.text), (52 bytes).
    Removing uart.o(.text), (22 bytes).
    Removing uart.o(.text), (44 bytes).
    Removing wdt.o(.rev16_text), (4 bytes).
    Removing wdt.o(.revsh_text), (4 bytes).
    Removing wdt.o(.text), (24 bytes).
    Removing wdt.o(.text), (12 bytes).
    Removing wdt.o(.text), (20 bytes).
    Removing wdt.o(.text), (16 bytes).
    Removing wwdt.o(.rev16_text), (4 bytes).
    Removing wwdt.o(.revsh_text), (4 bytes).
    Removing wwdt.o(.text), (32 bytes).
    Removing wwdt.o(.text), (16 bytes).
    Removing rc_channel.o(.rev16_text), (4 bytes).
    Removing rc_channel.o(.revsh_text), (4 bytes).
    Removing rc_channel.o(.text), (104 bytes).
    Removing rc_channel.o(.text), (144 bytes).
    Removing rc_channel.o(.bss), (9 bytes).
    Removing rc_channel.o(.data), (3 bytes).
    Removing rf.o(.rev16_text), (4 bytes).
    Removing rf.o(.revsh_text), (4 bytes).
    Removing rf.o(.text), (36 bytes).
    Removing rf.o(.text), (10 bytes).
    Removing rf.o(.text), (22 bytes).
    Removing rf.o(.text), (56 bytes).
    Removing rf.o(.text), (56 bytes).
    Removing rf.o(.text), (188 bytes).
    Removing rf.o(.data), (2 bytes).
    Removing cdcmple.o(.text), (40 bytes).
    Removing frnd.o(.text), (62 bytes).

268 unused section(s) (total 9120 bytes) removed from the image.

==============================================================================

Image Symbol Table

    Local Symbols

    Symbol Name                              Value     Ov Type        Size  Object(Section)

    RESET                                    0x00000000   Section      192  startup_pn020series.o(RESET)
    ../clib/microlib/division.c              0x00000000   Number         0  uidiv.o ABSOLUTE
    ../clib/microlib/division.c              0x00000000   Number         0  idiv.o ABSOLUTE
    ../clib/microlib/division.c              0x00000000   Number         0  uldiv.o ABSOLUTE
    ../clib/microlib/errno.c                 0x00000000   Number         0  errno.o ABSOLUTE
    ../clib/microlib/init/entry.s            0x00000000   Number         0  entry10a.o ABSOLUTE
    ../clib/microlib/init/entry.s            0x00000000   Number         0  entry8b.o ABSOLUTE
    ../clib/microlib/init/entry.s            0x00000000   Number         0  entry9b.o ABSOLUTE
    ../clib/microlib/init/entry.s            0x00000000   Number         0  entry9a.o ABSOLUTE
    ../clib/microlib/init/entry.s            0x00000000   Number         0  entry.o ABSOLUTE
    ../clib/microlib/init/entry.s            0x00000000   Number         0  entry11b.o ABSOLUTE
    ../clib/microlib/init/entry.s            0x00000000   Number         0  entry2.o ABSOLUTE
    ../clib/microlib/init/entry.s            0x00000000   Number         0  entry5.o ABSOLUTE
    ../clib/microlib/init/entry.s            0x00000000   Number         0  entry7a.o ABSOLUTE
    ../clib/microlib/init/entry.s            0x00000000   Number         0  entry7b.o ABSOLUTE
    ../clib/microlib/init/entry.s            0x00000000   Number         0  entry8a.o ABSOLUTE
    ../clib/microlib/init/entry.s            0x00000000   Number         0  entry11a.o ABSOLUTE
    ../clib/microlib/init/entry.s            0x00000000   Number         0  entry10b.o ABSOLUTE
    ../clib/microlib/longlong.c              0x00000000   Number         0  llushr.o ABSOLUTE
    ../clib/microlib/longlong.c              0x00000000   Number         0  llsshr.o ABSOLUTE
    ../clib/microlib/longlong.c              0x00000000   Number         0  llshl.o ABSOLUTE
    ../clib/microlib/printf/printf.c         0x00000000   Number         0  printf3.o ABSOLUTE
    ../clib/microlib/printf/printf.c         0x00000000   Number         0  printf4.o ABSOLUTE
    ../clib/microlib/printf/printf.c         0x00000000   Number         0  printf5.o ABSOLUTE
    ../clib/microlib/printf/printf.c         0x00000000   Number         0  printf6.o ABSOLUTE
    ../clib/microlib/printf/printf.c         0x00000000   Number         0  printf7.o ABSOLUTE
    ../clib/microlib/printf/printf.c         0x00000000   Number         0  printf8.o ABSOLUTE
    ../clib/microlib/printf/printf.c         0x00000000   Number         0  printfa.o ABSOLUTE
    ../clib/microlib/printf/printf.c         0x00000000   Number         0  printf1.o ABSOLUTE
    ../clib/microlib/printf/printf.c         0x00000000   Number         0  printf2.o ABSOLUTE
    ../clib/microlib/printf/printf.c         0x00000000   Number         0  printf0.o ABSOLUTE
    ../clib/microlib/printf/printf.c         0x00000000   Number         0  printfb.o ABSOLUTE
    ../clib/microlib/printf/stubs.s          0x00000000   Number         0  stubs.o ABSOLUTE
    ../clib/microlib/string/memset.c         0x00000000   Number         0  memseta.o ABSOLUTE
    ../clib/microlib/stubs.s                 0x00000000   Number         0  iusefp.o ABSOLUTE
    ../clib/microlib/unhosted.c              0x00000000   Number         0  uread4.o ABSOLUTE
    ../fplib/microlib/d2f.c                  0x00000000   Number         0  d2f.o ABSOLUTE
    ../fplib/microlib/f2d.c                  0x00000000   Number         0  f2d.o ABSOLUTE
    ../fplib/microlib/fpadd.c                0x00000000   Number         0  fadd.o ABSOLUTE
    ../fplib/microlib/fpadd.c                0x00000000   Number         0  dadd.o ABSOLUTE
    ../fplib/microlib/fpdiv.c                0x00000000   Number         0  ddiv.o ABSOLUTE
    ../fplib/microlib/fpdiv.c                0x00000000   Number         0  fdiv.o ABSOLUTE
    ../fplib/microlib/fpepilogue.c           0x00000000   Number         0  fepilogue.o ABSOLUTE
    ../fplib/microlib/fpepilogue.c           0x00000000   Number         0  depilogue.o ABSOLUTE
    ../fplib/microlib/fpfix.c                0x00000000   Number         0  ffixi.o ABSOLUTE
    ../fplib/microlib/fpfix.c                0x00000000   Number         0  dfixul.o ABSOLUTE
    ../fplib/microlib/fpfix.c                0x00000000   Number         0  ffixui.o ABSOLUTE
    ../fplib/microlib/fpfix.c                0x00000000   Number         0  dfixi.o ABSOLUTE
    ../fplib/microlib/fpflt.c                0x00000000   Number         0  dflti.o ABSOLUTE
    ../fplib/microlib/fpflt.c                0x00000000   Number         0  fflti.o ABSOLUTE
    ../fplib/microlib/fpflt.c                0x00000000   Number         0  ffltui.o ABSOLUTE
    ../fplib/microlib/fpflt.c                0x00000000   Number         0  dfltui.o ABSOLUTE
    ../fplib/microlib/fpmul.c                0x00000000   Number         0  fmul.o ABSOLUTE
    ../fplib/microlib/fpmul.c                0x00000000   Number         0  dmul.o ABSOLUTE
    ../fplib/microlib/fprnd.c                0x00000000   Number         0  frnd.o ABSOLUTE
    ../fplib/microlib/fpscalb.c              0x00000000   Number         0  fscalb.o ABSOLUTE
    ../fplib/microlib/fpscalb.c              0x00000000   Number         0  dscalb.o ABSOLUTE
    ../fplib/microlib/fpsqrt.c               0x00000000   Number         0  fsqrt.o ABSOLUTE
    ../mathlib/asinf.c                       0x00000000   Number         0  asinf_x.o ABSOLUTE
    ../mathlib/asinf.c                       0x00000000   Number         0  asinf.o ABSOLUTE
    ../mathlib/atan2f.c                      0x00000000   Number         0  atan2f.o ABSOLUTE
    ../mathlib/atan2f.c                      0x00000000   Number         0  atan2f_x.o ABSOLUTE
    ../mathlib/cos.c                         0x00000000   Number         0  cos_x.o ABSOLUTE
    ../mathlib/cos.c                         0x00000000   Number         0  cos.o ABSOLUTE
    ../mathlib/cos_i.c                       0x00000000   Number         0  cos_i.o ABSOLUTE
    ../mathlib/cosf.c                        0x00000000   Number         0  cosf_x.o ABSOLUTE
    ../mathlib/cosf.c                        0x00000000   Number         0  cosf.o ABSOLUTE
    ../mathlib/dunder.c                      0x00000000   Number         0  dunder.o ABSOLUTE
    ../mathlib/fpclassify.c                  0x00000000   Number         0  fpclassify.o ABSOLUTE
    ../mathlib/fpclassifyf.c                 0x00000000   Number         0  fpclassifyf.o ABSOLUTE
    ../mathlib/funder.c                      0x00000000   Number         0  funder.o ABSOLUTE
    ../mathlib/poly.c                        0x00000000   Number         0  poly.o ABSOLUTE
    ../mathlib/rred.c                        0x00000000   Number         0  rred.o ABSOLUTE
    ../mathlib/rredf.c                       0x00000000   Number         0  rredf.o ABSOLUTE
    ../mathlib/sin.c                         0x00000000   Number         0  sin_x.o ABSOLUTE
    ../mathlib/sin.c                         0x00000000   Number         0  sin.o ABSOLUTE
    ../mathlib/sin_i.c                       0x00000000   Number         0  sin_i.o ABSOLUTE
    ../mathlib/sin_i.c                       0x00000000   Number         0  sin_i_x.o ABSOLUTE
    ../mathlib/sinf.c                        0x00000000   Number         0  sinf.o ABSOLUTE
    ../mathlib/sinf.c                        0x00000000   Number         0  sinf_x.o ABSOLUTE
    ../mathlib/sqrtf.c                       0x00000000   Number         0  sqrtf_x.o ABSOLUTE
    ../mathlib/sqrtf.c                       0x00000000   Number         0  sqrtf.o ABSOLUTE
    ..\AHRS\ahrs.c                           0x00000000   Number         0  ahrs.o ABSOLUTE
    ..\AHRS\inertial_sensor.c                0x00000000   Number         0  inertial_sensor.o ABSOLUTE
    ..\Algorithm\Algorithm_filter\Algorithm_filter.c 0x00000000   Number         0  algorithm_filter.o ABSOLUTE
    ..\Algorithm\Algorithm_math\Algorithm_math.c 0x00000000   Number         0  algorithm_math.o ABSOLUTE
    ..\Algorithm\Algorithm_math\mymath.c     0x00000000   Number         0  mymath.o ABSOLUTE
    ..\Algorithm\Algorithm_pid\Algorithm_pid.c 0x00000000   Number         0  algorithm_pid.o ABSOLUTE
    ..\Algorithm\Algorithm_quaternion\Algorithm_quaternion.c 0x00000000   Number         0  algorithm_quaternion.o ABSOLUTE
    ..\Algorithm\Algorithm_sqLite\Algorithm_sqLite.c 0x00000000   Number         0  algorithm_sqlite.o ABSOLUTE
    ..\Control\attitude_control.c            0x00000000   Number         0  attitude_control.o ABSOLUTE
    ..\Control\flight_mode_control.c         0x00000000   Number         0  flight_mode_control.o ABSOLUTE
    ..\Control\motor_control.c               0x00000000   Number         0  motor_control.o ABSOLUTE
    ..\Control\position_control.c            0x00000000   Number         0  position_control.o ABSOLUTE
    ..\Driver\bmi160.c                       0x00000000   Number         0  bmi160.o ABSOLUTE
    ..\Driver\bsp\bsp_i2c.c                  0x00000000   Number         0  bsp_i2c.o ABSOLUTE
    ..\Driver\bsp\bsp_spi.c                  0x00000000   Number         0  bsp_spi.o ABSOLUTE
    ..\Driver\bsp\timer_delay.c              0x00000000   Number         0  timer_delay.o ABSOLUTE
    ..\Driver\bsp\uart_console.c             0x00000000   Number         0  uart_console.o ABSOLUTE
    ..\Driver\fbm320.c                       0x00000000   Number         0  fbm320.o ABSOLUTE
    ..\Driver\motor.c                        0x00000000   Number         0  motor.o ABSOLUTE
    ..\Library\Device\Panchip\PN020Series\Source\ARM\startup_PN020Series.s 0x00000000   Number         0  startup_pn020series.o ABSOLUTE
    ..\Library\Device\Panchip\PN020Series\Source\system_PN020Series.c 0x00000000   Number         0  system_pn020series.o ABSOLUTE
    ..\Library\StdDriver\src\acmp.c          0x00000000   Number         0  acmp.o ABSOLUTE
    ..\Library\StdDriver\src\adc.c           0x00000000   Number         0  adc.o ABSOLUTE
    ..\Library\StdDriver\src\clk.c           0x00000000   Number         0  clk.o ABSOLUTE
    ..\Library\StdDriver\src\fmc.c           0x00000000   Number         0  fmc.o ABSOLUTE
    ..\Library\StdDriver\src\gpio.c          0x00000000   Number         0  gpio.o ABSOLUTE
    ..\Library\StdDriver\src\i2c.c           0x00000000   Number         0  i2c.o ABSOLUTE
    ..\Library\StdDriver\src\pwm.c           0x00000000   Number         0  pwm.o ABSOLUTE
    ..\Library\StdDriver\src\retarget.c      0x00000000   Number         0  retarget.o ABSOLUTE
    ..\Library\StdDriver\src\spi.c           0x00000000   Number         0  spi.o ABSOLUTE
    ..\Library\StdDriver\src\sys.c           0x00000000   Number         0  sys.o ABSOLUTE
    ..\Library\StdDriver\src\timer.c         0x00000000   Number         0  timer.o ABSOLUTE
    ..\Library\StdDriver\src\uart.c          0x00000000   Number         0  uart.o ABSOLUTE
    ..\Library\StdDriver\src\wdt.c           0x00000000   Number         0  wdt.o ABSOLUTE
    ..\Library\StdDriver\src\wwdt.c          0x00000000   Number         0  wwdt.o ABSOLUTE
    ..\RC\rc_channel.c                       0x00000000   Number         0  rc_channel.o ABSOLUTE
    ..\RC\rf.c                               0x00000000   Number         0  rf.o ABSOLUTE
    ..\Scheduler\scheduler.c                 0x00000000   Number         0  scheduler.o ABSOLUTE
    ..\User\common.c                         0x00000000   Number         0  common.o ABSOLUTE
    ..\User\main.c                           0x00000000   Number         0  main.o ABSOLUTE
    ..\\AHRS\\ahrs.c                         0x00000000   Number         0  ahrs.o ABSOLUTE
    ..\\AHRS\\inertial_sensor.c              0x00000000   Number         0  inertial_sensor.o ABSOLUTE
    ..\\Algorithm\\Algorithm_filter\\Algorithm_filter.c 0x00000000   Number         0  algorithm_filter.o ABSOLUTE
    ..\\Algorithm\\Algorithm_math\\Algorithm_math.c 0x00000000   Number         0  algorithm_math.o ABSOLUTE
    ..\\Algorithm\\Algorithm_math\\mymath.c  0x00000000   Number         0  mymath.o ABSOLUTE
    ..\\Algorithm\\Algorithm_pid\\Algorithm_pid.c 0x00000000   Number         0  algorithm_pid.o ABSOLUTE
    ..\\Algorithm\\Algorithm_quaternion\\Algorithm_quaternion.c 0x00000000   Number         0  algorithm_quaternion.o ABSOLUTE
    ..\\Control\\attitude_control.c          0x00000000   Number         0  attitude_control.o ABSOLUTE
    ..\\Control\\flight_mode_control.c       0x00000000   Number         0  flight_mode_control.o ABSOLUTE
    ..\\Control\\motor_control.c             0x00000000   Number         0  motor_control.o ABSOLUTE
    ..\\Driver\\bmi160.c                     0x00000000   Number         0  bmi160.o ABSOLUTE
    ..\\Driver\\bsp\\bsp_i2c.c               0x00000000   Number         0  bsp_i2c.o ABSOLUTE
    ..\\Driver\\bsp\\bsp_spi.c               0x00000000   Number         0  bsp_spi.o ABSOLUTE
    ..\\Driver\\bsp\\timer_delay.c           0x00000000   Number         0  timer_delay.o ABSOLUTE
    ..\\Driver\\bsp\\uart_console.c          0x00000000   Number         0  uart_console.o ABSOLUTE
    ..\\Driver\\fbm320.c                     0x00000000   Number         0  fbm320.o ABSOLUTE
    ..\\Driver\\motor.c                      0x00000000   Number         0  motor.o ABSOLUTE
    ..\\Library\\Device\\Panchip\\PN020Series\\Source\\system_PN020Series.c 0x00000000   Number         0  system_pn020series.o ABSOLUTE
    ..\\Library\\StdDriver\\src\\acmp.c      0x00000000   Number         0  acmp.o ABSOLUTE
    ..\\Library\\StdDriver\\src\\adc.c       0x00000000   Number         0  adc.o ABSOLUTE
    ..\\Library\\StdDriver\\src\\clk.c       0x00000000   Number         0  clk.o ABSOLUTE
    ..\\Library\\StdDriver\\src\\fmc.c       0x00000000   Number         0  fmc.o ABSOLUTE
    ..\\Library\\StdDriver\\src\\gpio.c      0x00000000   Number         0  gpio.o ABSOLUTE
    ..\\Library\\StdDriver\\src\\i2c.c       0x00000000   Number         0  i2c.o ABSOLUTE
    ..\\Library\\StdDriver\\src\\pwm.c       0x00000000   Number         0  pwm.o ABSOLUTE
    ..\\Library\\StdDriver\\src\\retarget.c  0x00000000   Number         0  retarget.o ABSOLUTE
    ..\\Library\\StdDriver\\src\\spi.c       0x00000000   Number         0  spi.o ABSOLUTE
    ..\\Library\\StdDriver\\src\\sys.c       0x00000000   Number         0  sys.o ABSOLUTE
    ..\\Library\\StdDriver\\src\\timer.c     0x00000000   Number         0  timer.o ABSOLUTE
    ..\\Library\\StdDriver\\src\\uart.c      0x00000000   Number         0  uart.o ABSOLUTE
    ..\\Library\\StdDriver\\src\\wdt.c       0x00000000   Number         0  wdt.o ABSOLUTE
    ..\\Library\\StdDriver\\src\\wwdt.c      0x00000000   Number         0  wwdt.o ABSOLUTE
    ..\\RC\\rc_channel.c                     0x00000000   Number         0  rc_channel.o ABSOLUTE
    ..\\RC\\rf.c                             0x00000000   Number         0  rf.o ABSOLUTE
    ..\\Scheduler\\scheduler.c               0x00000000   Number         0  scheduler.o ABSOLUTE
    ..\\User\\common.c                       0x00000000   Number         0  common.o ABSOLUTE
    ..\\User\\main.c                         0x00000000   Number         0  main.o ABSOLUTE
    cdcmple.s                                0x00000000   Number         0  cdcmple.o ABSOLUTE
    cdrcmple.s                               0x00000000   Number         0  cdrcmple.o ABSOLUTE
    cfcmple.s                                0x00000000   Number         0  cfcmple.o ABSOLUTE
    cfrcmple.s                               0x00000000   Number         0  cfrcmple.o ABSOLUTE
    handlers.s                               0x00000000   Number         0  handlers.o ABSOLUTE
    init.s                                   0x00000000   Number         0  init.o ABSOLUTE
    .ARM.Collect$$$$00000000                 0x000000c0   Section        0  entry.o(.ARM.Collect$$$$00000000)
    .ARM.Collect$$$$00000001                 0x000000c0   Section        4  entry2.o(.ARM.Collect$$$$00000001)
    .ARM.Collect$$$$00000004                 0x000000c4   Section        4  entry5.o(.ARM.Collect$$$$00000004)
    .ARM.Collect$$$$00000008                 0x000000c8   Section        0  entry7b.o(.ARM.Collect$$$$00000008)
    .ARM.Collect$$$$0000000A                 0x000000c8   Section        0  entry8b.o(.ARM.Collect$$$$0000000A)
    .ARM.Collect$$$$0000000B                 0x000000c8   Section        8  entry9a.o(.ARM.Collect$$$$0000000B)
    .ARM.Collect$$$$0000000D                 0x000000d0   Section        0  entry10a.o(.ARM.Collect$$$$0000000D)
    .ARM.Collect$$$$0000000F                 0x000000d0   Section        0  entry11a.o(.ARM.Collect$$$$0000000F)
    .ARM.Collect$$$$00002712                 0x000000d0   Section        4  entry2.o(.ARM.Collect$$$$00002712)
    __lit__00000000                          0x000000d0   Data           4  entry2.o(.ARM.Collect$$$$00002712)
    .emb_text                                0x000000d4   Section       28  retarget.o(.emb_text)
    .text                                    0x000000f0   Section        0  bmi160.o(.text)
    .text                                    0x00000388   Section        0  fbm320.o(.text)
    .text                                    0x00000a9c   Section        0  motor.o(.text)
    .text                                    0x00000b78   Section        0  common.o(.text)
    .text                                    0x00000db4   Section        0  main.o(.text)
    .text                                    0x00000e34   Section        0  system_pn020series.o(.text)
    .text                                    0x00000e9c   Section       20  startup_pn020series.o(.text)
    Default_Handler                          0x00000eab   Thumb Code     2  startup_pn020series.o(.text)
    .text                                    0x00000eb0   Section        0  algorithm_filter.o(.text)
    .text                                    0x00000f98   Section        0  algorithm_math.o(.text)
    .text                                    0x00001028   Section        0  algorithm_pid.o(.text)
    .text                                    0x00001154   Section        0  algorithm_quaternion.o(.text)
    .text                                    0x00001434   Section        0  attitude_control.o(.text)
    .text                                    0x000014fc   Section        0  flight_mode_control.o(.text)
    .text                                    0x00001540   Section        0  motor_control.o(.text)
    .text                                    0x0000160c   Section        0  scheduler.o(.text)
    .text                                    0x000017f0   Section        0  ahrs.o(.text)
    .text                                    0x00001b00   Section        0  inertial_sensor.o(.text)
    .text                                    0x00001e0c   Section        0  bsp_i2c.o(.text)
    .text                                    0x00002090   Section        0  uart_console.o(.text)
    .text                                    0x000029d4   Section        0  bsp_spi.o(.text)
    .text                                    0x00002a88   Section        0  clk.o(.text)
    .text                                    0x00002b6c   Section        0  i2c.o(.text)
    .text                                    0x00002ba0   Section        0  pwm.o(.text)
    .text                                    0x00002cd4   Section        0  retarget.o(.text)
    __tagsym$$used                           0x00002d1b   Number         0  retarget.o(.text)
    .text                                    0x00002dc0   Section        0  spi.o(.text)
    .text                                    0x00002e20   Section        0  timer.o(.text)
    .text                                    0x00002f88   Section        0  uart.o(.text)
    .text                                    0x00002fe4   Section        0  rc_channel.o(.text)
    .text                                    0x0000309c   Section        0  rf.o(.text)
    .text                                    0x00003218   Section        0  uidiv.o(.text)
    .text                                    0x00003244   Section        0  idiv.o(.text)
    .text                                    0x0000326c   Section        0  memseta.o(.text)
    .text                                    0x00003290   Section        0  uread4.o(.text)
    .text                                    0x000032a4   Section        0  fadd.o(.text)
    .text                                    0x00003356   Section        0  fmul.o(.text)
    .text                                    0x000033d0   Section        0  fdiv.o(.text)
    .text                                    0x0000344c   Section        0  fscalb.o(.text)
    .text                                    0x00003464   Section        0  dadd.o(.text)
    .text                                    0x000035c8   Section        0  dmul.o(.text)
    .text                                    0x00003698   Section        0  ddiv.o(.text)
    .text                                    0x00003788   Section        0  fflti.o(.text)
    .text                                    0x0000379e   Section        0  ffltui.o(.text)
    .text                                    0x000037ac   Section        0  dflti.o(.text)
    .text                                    0x000037d4   Section        0  ffixi.o(.text)
    .text                                    0x00003806   Section        0  ffixui.o(.text)
    .text                                    0x0000382e   Section        0  f2d.o(.text)
    .text                                    0x00003858   Section       40  cdrcmple.o(.text)
    .text                                    0x00003880   Section        0  d2f.o(.text)
    .text                                    0x000038b8   Section       20  cfcmple.o(.text)
    .text                                    0x000038cc   Section       20  cfrcmple.o(.text)
    .text                                    0x000038e0   Section        0  uldiv.o(.text)
    .text                                    0x00003940   Section        0  llshl.o(.text)
    .text                                    0x00003960   Section        0  llsshr.o(.text)
    .text                                    0x00003986   Section        0  fepilogue.o(.text)
    .text                                    0x00003986   Section        0  iusefp.o(.text)
    .text                                    0x00003a08   Section        0  depilogue.o(.text)
    .text                                    0x00003ac8   Section        0  dfixul.o(.text)
    .text                                    0x00003b08   Section       36  init.o(.text)
    .text                                    0x00003b2c   Section        0  llushr.o(.text)
    .text                                    0x00003b4e   Section        0  fsqrt.o(.text)
    .text                                    0x00003ba6   Section        0  dscalb.o(.text)
    .text                                    0x00003bd4   Section        0  dfltui.o(.text)
    .text                                    0x00003bf0   Section        0  dfixi.o(.text)
    i.SPI_RW                                 0x00003c38   Section        0  bsp_spi.o(i.SPI_RW)
    i.__0printf                              0x00003c58   Section        0  printfa.o(i.__0printf)
    i.__ARM_clz                              0x00003c78   Section        0  depilogue.o(i.__ARM_clz)
    i.__ARM_common_ll_muluu                  0x00003ca6   Section        0  rred.o(i.__ARM_common_ll_muluu)
    i.__ARM_fpclassify                       0x00003cd8   Section        0  fpclassify.o(i.__ARM_fpclassify)
    i.__ARM_fpclassifyf                      0x00003d04   Section        0  fpclassifyf.o(i.__ARM_fpclassifyf)
    i.__ieee754_rem_pio2                     0x00003d28   Section        0  rred.o(i.__ieee754_rem_pio2)
    i.__kernel_cos                           0x000040c4   Section        0  cos_i.o(i.__kernel_cos)
    i.__kernel_poly                          0x000041b8   Section        0  poly.o(i.__kernel_poly)
    i.__kernel_sin                           0x00004264   Section        0  sin_i.o(i.__kernel_sin)
    i.__mathlib_dbl_infnan                   0x00004350   Section        0  dunder.o(i.__mathlib_dbl_infnan)
    i.__mathlib_dbl_invalid                  0x0000435a   Section        0  dunder.o(i.__mathlib_dbl_invalid)
    i.__mathlib_dbl_underflow                0x0000436c   Section        0  dunder.o(i.__mathlib_dbl_underflow)
    i.__mathlib_flt_infnan                   0x00004380   Section        0  funder.o(i.__mathlib_flt_infnan)
    i.__mathlib_flt_infnan2                  0x0000438a   Section        0  funder.o(i.__mathlib_flt_infnan2)
    i.__mathlib_flt_invalid                  0x00004392   Section        0  funder.o(i.__mathlib_flt_invalid)
    i.__mathlib_flt_underflow                0x0000439e   Section        0  funder.o(i.__mathlib_flt_underflow)
    i.__scatterload_copy                     0x000043ac   Section       14  handlers.o(i.__scatterload_copy)
    i.__scatterload_null                     0x000043ba   Section        2  handlers.o(i.__scatterload_null)
    i.__scatterload_zeroinit                 0x000043bc   Section       14  handlers.o(i.__scatterload_zeroinit)
    i.__set_errno                            0x000043cc   Section        0  errno.o(i.__set_errno)
    i._fp_digits                             0x000043d8   Section        0  printfa.o(i._fp_digits)
    _fp_digits                               0x000043d9   Thumb Code   316  printfa.o(i._fp_digits)
    i._printf_core                           0x00004530   Section        0  printfa.o(i._printf_core)
    _printf_core                             0x00004531   Thumb Code  1754  printfa.o(i._printf_core)
    i._printf_post_padding                   0x00004c1c   Section        0  printfa.o(i._printf_post_padding)
    _printf_post_padding                     0x00004c1d   Thumb Code    32  printfa.o(i._printf_post_padding)
    i._printf_pre_padding                    0x00004c3c   Section        0  printfa.o(i._printf_pre_padding)
    _printf_pre_padding                      0x00004c3d   Thumb Code    44  printfa.o(i._printf_pre_padding)
    i.asinf                                  0x00004c68   Section        0  asinf.o(i.asinf)
    i.atan2f                                 0x00004d80   Section        0  atan2f.o(i.atan2f)
    i.cos                                    0x00004fdc   Section        0  cos.o(i.cos)
    i.sin                                    0x00005074   Section        0  sin.o(i.sin)
    i.sqrtf                                  0x00005110   Section        0  sqrtf.o(i.sqrtf)
    .constdata                               0x0000513c   Section        5  rf.o(.constdata)
    .constdata                               0x00005148   Section       48  cos_i.o(.constdata)
    C                                        0x00005148   Data          48  cos_i.o(.constdata)
    .constdata                               0x00005178   Section      200  rred.o(.constdata)
    pio2s                                    0x00005178   Data          48  rred.o(.constdata)
    twooverpi                                0x000051a8   Data         152  rred.o(.constdata)
    .constdata                               0x00005240   Section       40  sin_i.o(.constdata)
    S                                        0x00005240   Data          40  sin_i.o(.constdata)
    .conststring                             0x00005268   Section       69  motor.o(.conststring)
    .data                                    0x20000000   Section        8  bmi160.o(.data)
    .data                                    0x20000008   Section        4  fbm320.o(.data)
    timer_count                              0x2000000a   Data           2  fbm320.o(.data)
    .data                                    0x2000000c   Section        4  motor.o(.data)
    .data                                    0x20000010   Section       12  system_pn020series.o(.data)
    .data                                    0x2000001c   Section        2  flight_mode_control.o(.data)
    .data                                    0x20000020   Section        4  motor_control.o(.data)
    .data                                    0x20000024   Section       20  scheduler.o(.data)
    count_1Hz                                0x20000024   Data           2  scheduler.o(.data)
    count_5Hz                                0x20000026   Data           2  scheduler.o(.data)
    count_10Hz                               0x20000028   Data           2  scheduler.o(.data)
    count_20Hz                               0x2000002a   Data           2  scheduler.o(.data)
    count_50Hz                               0x2000002c   Data           2  scheduler.o(.data)
    count_100Hz                              0x2000002e   Data           2  scheduler.o(.data)
    count_200Hz                              0x20000030   Data           2  scheduler.o(.data)
    count_main_loop                          0x20000032   Data           2  scheduler.o(.data)
    .data                                    0x20000038   Section       36  ahrs.o(.data)
    .data                                    0x20000060   Section       88  inertial_sensor.o(.data)
    over_flag                                0x20000060   Data           1  inertial_sensor.o(.data)
    last_gyro                                0x20000062   Data           6  inertial_sensor.o(.data)
    .data                                    0x200000b8   Section        4  uart_console.o(.data)
    command_receive_complete                 0x200000b8   Data           1  uart_console.o(.data)
    command_receive_start                    0x200000b9   Data           1  uart_console.o(.data)
    .data                                    0x200000bc   Section        4  retarget.o(.data)
    .data                                    0x200000c0   Section        1  rc_channel.o(.data)
    buf_index                                0x200000c0   Data           1  rc_channel.o(.data)
    .data                                    0x200000c4   Section        4  errno.o(.data)
    _errno                                   0x200000c4   Data           4  errno.o(.data)
    .bss                                     0x200000c8   Section       56  fbm320.o(.bss)
    .bss                                     0x20000100   Section       16  motor.o(.bss)
    .bss                                     0x20000110   Section      300  attitude_control.o(.bss)
    .bss                                     0x2000023c   Section       12  attitude_control.o(.bss)
    .bss                                     0x20000248   Section       12  attitude_control.o(.bss)
    .bss                                     0x20000254   Section       16  motor_control.o(.bss)
    .bss                                     0x20000264   Section        9  scheduler.o(.bss)
    .bss                                     0x20000270   Section       36  ahrs.o(.bss)
    .bss                                     0x20000298   Section      368  inertial_sensor.o(.bss)
    .bss                                     0x20000408   Section     1024  uart_console.o(.bss)
    .bss                                     0x20000808   Section      161  rc_channel.o(.bss)

    Global Symbols

    Symbol Name                              Value     Ov Type        Size  Object(Section)

    BuildAttributes$$THM_ISAv3M$S$PE$A:L22$X:L11$S22$IEEE1$IW$USESV6$~STKCKD$USESV7$~SHL$OTIME$ROPI$IEEEX$EBA8$MICROLIB$REQ8$PRES8$EABIv2 0x00000000   Number         0  anon$$obj.o ABSOLUTE
    __ARM_use_no_argv                        0x00000000   Number         0  main.o ABSOLUTE
    __Vectors                                0x00000000   Data           4  startup_pn020series.o(RESET)
    _printf_a                                0x00000000   Number         0  stubs.o ABSOLUTE
    _printf_c                                0x00000000   Number         0  stubs.o ABSOLUTE
    _printf_charcount                        0x00000000   Number         0  stubs.o ABSOLUTE
    _printf_d                                0x00000000   Number         0  stubs.o ABSOLUTE
    _printf_e                                0x00000000   Number         0  stubs.o ABSOLUTE
    _printf_f                                0x00000000   Number         0  stubs.o ABSOLUTE
    _printf_flags                            0x00000000   Number         0  stubs.o ABSOLUTE
    _printf_fp_dec                           0x00000000   Number         0  stubs.o ABSOLUTE
    _printf_fp_hex                           0x00000000   Number         0  stubs.o ABSOLUTE
    _printf_g                                0x00000000   Number         0  stubs.o ABSOLUTE
    _printf_i                                0x00000000   Number         0  stubs.o ABSOLUTE
    _printf_int_dec                          0x00000000   Number         0  stubs.o ABSOLUTE
    _printf_l                                0x00000000   Number         0  stubs.o ABSOLUTE
    _printf_lc                               0x00000000   Number         0  stubs.o ABSOLUTE
    _printf_ll                               0x00000000   Number         0  stubs.o ABSOLUTE
    _printf_lld                              0x00000000   Number         0  stubs.o ABSOLUTE
    _printf_lli                              0x00000000   Number         0  stubs.o ABSOLUTE
    _printf_llo                              0x00000000   Number         0  stubs.o ABSOLUTE
    _printf_llu                              0x00000000   Number         0  stubs.o ABSOLUTE
    _printf_llx                              0x00000000   Number         0  stubs.o ABSOLUTE
    _printf_longlong_dec                     0x00000000   Number         0  stubs.o ABSOLUTE
    _printf_longlong_hex                     0x00000000   Number         0  stubs.o ABSOLUTE
    _printf_longlong_oct                     0x00000000   Number         0  stubs.o ABSOLUTE
    _printf_ls                               0x00000000   Number         0  stubs.o ABSOLUTE
    _printf_mbtowc                           0x00000000   Number         0  stubs.o ABSOLUTE
    _printf_n                                0x00000000   Number         0  stubs.o ABSOLUTE
    _printf_o                                0x00000000   Number         0  stubs.o ABSOLUTE
    _printf_p                                0x00000000   Number         0  stubs.o ABSOLUTE
    _printf_percent                          0x00000000   Number         0  stubs.o ABSOLUTE
    _printf_pre_padding                      0x00000000   Number         0  stubs.o ABSOLUTE
    _printf_return_value                     0x00000000   Number         0  stubs.o ABSOLUTE
    _printf_s                                0x00000000   Number         0  stubs.o ABSOLUTE
    _printf_sizespec                         0x00000000   Number         0  stubs.o ABSOLUTE
    _printf_str                              0x00000000   Number         0  stubs.o ABSOLUTE
    _printf_truncate_signed                  0x00000000   Number         0  stubs.o ABSOLUTE
    _printf_truncate_unsigned                0x00000000   Number         0  stubs.o ABSOLUTE
    _printf_u                                0x00000000   Number         0  stubs.o ABSOLUTE
    _printf_wc                               0x00000000   Number         0  stubs.o ABSOLUTE
    _printf_wctomb                           0x00000000   Number         0  stubs.o ABSOLUTE
    _printf_widthprec                        0x00000000   Number         0  stubs.o ABSOLUTE
    _printf_x                                0x00000000   Number         0  stubs.o ABSOLUTE
    __cpp_initialize__aeabi_                  - Undefined Weak Reference
    __cxa_finalize                            - Undefined Weak Reference
    __decompress                              - Undefined Weak Reference
    _clock_init                               - Undefined Weak Reference
    _microlib_exit                            - Undefined Weak Reference
    __main                                   0x000000c1   Thumb Code     0  entry.o(.ARM.Collect$$$$00000000)
    _main_stk                                0x000000c1   Thumb Code     0  entry2.o(.ARM.Collect$$$$00000001)
    _main_scatterload                        0x000000c5   Thumb Code     0  entry5.o(.ARM.Collect$$$$00000004)
    __main_after_scatterload                 0x000000c9   Thumb Code     0  entry5.o(.ARM.Collect$$$$00000004)
    _main_clock                              0x000000c9   Thumb Code     0  entry7b.o(.ARM.Collect$$$$00000008)
    _main_cpp_init                           0x000000c9   Thumb Code     0  entry8b.o(.ARM.Collect$$$$0000000A)
    _main_init                               0x000000c9   Thumb Code     0  entry9a.o(.ARM.Collect$$$$0000000B)
    __rt_final_cpp                           0x000000d1   Thumb Code     0  entry10a.o(.ARM.Collect$$$$0000000D)
    __rt_final_exit                          0x000000d1   Thumb Code     0  entry11a.o(.ARM.Collect$$$$0000000F)
    HardFault_Handler                        0x000000d5   Thumb Code    24  retarget.o(.emb_text)
    configure_fifo                           0x000000f1   Thumb Code    36  bmi160.o(.text)
    configure_gyro                           0x00000115   Thumb Code    54  bmi160.o(.text)
    configure_accel                          0x0000014b   Thumb Code    54  bmi160.o(.text)
    bmi160_init                              0x00000181   Thumb Code   126  bmi160.o(.text)
    read_fifo                                0x000001ff   Thumb Code   362  bmi160.o(.text)
    bmi160_read_raw                          0x00000369   Thumb Code     2  bmi160.o(.text)
    calculate                                0x00000389   Thumb Code   602  fbm320.o(.text)
    fbm320_read_long_data                    0x000005e3   Thumb Code    34  fbm320.o(.text)
    coefficient                              0x00000605   Thumb Code   346  fbm320.o(.text)
    fbm320_init                              0x0000075f   Thumb Code   198  fbm320.o(.text)
    abs_altitude                             0x00000825   Thumb Code   304  fbm320.o(.text)
    fbm320_timer_procedure                   0x00000955   Thumb Code    98  fbm320.o(.text)
    motor_init                               0x00000a9d   Thumb Code   128  motor.o(.text)
    motor_update                             0x00000b1d   Thumb Code    74  motor.o(.text)
    system_init                              0x00000b79   Thumb Code   212  common.o(.text)
    param_load                               0x00000c4d   Thumb Code   136  common.o(.text)
    peripheral_init                          0x00000cd5   Thumb Code    64  common.o(.text)
    main                                     0x00000db5   Thumb Code    50  main.o(.text)
    SystemCoreClockUpdate                    0x00000e35   Thumb Code    80  system_pn020series.o(.text)
    Reset_Handler                            0x00000e9d   Thumb Code     4  startup_pn020series.o(.text)
    NMI_Handler                              0x00000ea1   Thumb Code     2  startup_pn020series.o(.text)
    SVC_Handler                              0x00000ea5   Thumb Code     2  startup_pn020series.o(.text)
    PendSV_Handler                           0x00000ea7   Thumb Code     2  startup_pn020series.o(.text)
    SysTick_Handler                          0x00000ea9   Thumb Code     2  startup_pn020series.o(.text)
    ACMP_IRQHandler                          0x00000eab   Thumb Code     0  startup_pn020series.o(.text)
    ADC_IRQHandler                           0x00000eab   Thumb Code     0  startup_pn020series.o(.text)
    BOD_IRQHandler                           0x00000eab   Thumb Code     0  startup_pn020series.o(.text)
    EINT0_IRQHandler                         0x00000eab   Thumb Code     0  startup_pn020series.o(.text)
    EINT1_IRQHandler                         0x00000eab   Thumb Code     0  startup_pn020series.o(.text)
    EINT2_IRQHandler                         0x00000eab   Thumb Code     0  startup_pn020series.o(.text)
    FB_IRQHandler                            0x00000eab   Thumb Code     0  startup_pn020series.o(.text)
    GPIO01_IRQHandler                        0x00000eab   Thumb Code     0  startup_pn020series.o(.text)
    GPIO234_IRQHandler                       0x00000eab   Thumb Code     0  startup_pn020series.o(.text)
    GPIO5_IRQHandler                         0x00000eab   Thumb Code     0  startup_pn020series.o(.text)
    HIRC_IRQHandler                          0x00000eab   Thumb Code     0  startup_pn020series.o(.text)
    I2C0_IRQHandler                          0x00000eab   Thumb Code     0  startup_pn020series.o(.text)
    I2C1_IRQHandler                          0x00000eab   Thumb Code     0  startup_pn020series.o(.text)
    PDWU_IRQHandler                          0x00000eab   Thumb Code     0  startup_pn020series.o(.text)
    PWM_IRQHandler                           0x00000eab   Thumb Code     0  startup_pn020series.o(.text)
    SPI0_IRQHandler                          0x00000eab   Thumb Code     0  startup_pn020series.o(.text)
    SPI1_IRQHandler                          0x00000eab   Thumb Code     0  startup_pn020series.o(.text)
    TMR0_IRQHandler                          0x00000eab   Thumb Code     0  startup_pn020series.o(.text)
    TMR2_IRQHandler                          0x00000eab   Thumb Code     0  startup_pn020series.o(.text)
    UART1_IRQHandler                         0x00000eab   Thumb Code     0  startup_pn020series.o(.text)
    WDT_IRQHandler                           0x00000eab   Thumb Code     0  startup_pn020series.o(.text)
    IIR_I_Filter                             0x00000eb1   Thumb Code   190  algorithm_filter.o(.text)
    LPF_1st                                  0x00000f6f   Thumb Code    42  algorithm_filter.o(.text)
    Q_rsqrt                                  0x00000f99   Thumb Code    48  algorithm_math.o(.text)
    data_limit                               0x00000fc9   Thumb Code    34  algorithm_math.o(.text)
    VariableParameter                        0x00000feb   Thumb Code     6  algorithm_math.o(.text)
    Rad                                      0x00000ff1   Thumb Code    22  algorithm_math.o(.text)
    Degree                                   0x00001007   Thumb Code    22  algorithm_math.o(.text)
    set_pid_filt_hz                          0x00001029   Thumb Code    16  algorithm_pid.o(.text)
    set_pid_param                            0x00001039   Thumb Code    26  algorithm_pid.o(.text)
    set_pid_param_p                          0x00001053   Thumb Code     4  algorithm_pid.o(.text)
    set_pid_param_i                          0x00001057   Thumb Code     8  algorithm_pid.o(.text)
    set_pid_param_d                          0x0000105f   Thumb Code     8  algorithm_pid.o(.text)
    get_pid_output                           0x00001067   Thumb Code   106  algorithm_pid.o(.text)
    get_filt_alpha                           0x000010d1   Thumb Code    52  algorithm_pid.o(.text)
    set_pid_input                            0x00001105   Thumb Code    68  algorithm_pid.o(.text)
    Quaternion_vectorGravity                 0x00001155   Thumb Code   124  algorithm_quaternion.o(.text)
    Quaternion_ToAngE                        0x000011d1   Thumb Code   262  algorithm_quaternion.o(.text)
    Quaternion_Normalize                     0x000012d7   Thumb Code   108  algorithm_quaternion.o(.text)
    Quaternion_RungeKutta                    0x00001343   Thumb Code   240  algorithm_quaternion.o(.text)
    axis_target_pid_cal                      0x00001435   Thumb Code    50  attitude_control.o(.text)
    attitude_angle_rate_controller           0x00001467   Thumb Code    58  attitude_control.o(.text)
    attitude_angle_euler_controller          0x000014a1   Thumb Code    70  attitude_control.o(.text)
    attitude_throttle_controller             0x000014e7   Thumb Code     8  attitude_control.o(.text)
    get_smoothing_gain                       0x000014fd   Thumb Code     6  flight_mode_control.o(.text)
    stabilize_run                            0x00001503   Thumb Code    32  flight_mode_control.o(.text)
    update_flight_mode                       0x00001523   Thumb Code    12  flight_mode_control.o(.text)
    throttle_control                         0x00001541   Thumb Code    10  motor_control.o(.text)
    motors_output                            0x0000154b   Thumb Code   108  motor_control.o(.text)
    set_motor_roll                           0x000015b7   Thumb Code     6  motor_control.o(.text)
    set_motor_pitch                          0x000015bd   Thumb Code     6  motor_control.o(.text)
    set_motor_yaw                            0x000015c3   Thumb Code     6  motor_control.o(.text)
    set_motor_throttle                       0x000015c9   Thumb Code     6  motor_control.o(.text)
    set_trace_throttle                       0x000015cf   Thumb Code    22  motor_control.o(.text)
    scheduler_init                           0x0000160d   Thumb Code    76  scheduler.o(.text)
    time_slice                               0x00001659   Thumb Code   164  scheduler.o(.text)
    TMR1_IRQHandler                          0x000016fd   Thumb Code    32  scheduler.o(.text)
    sched_1Hzloop                            0x0000171d   Thumb Code    14  scheduler.o(.text)
    sched_10Hzloop                           0x0000172b   Thumb Code    14  scheduler.o(.text)
    sched_20Hzloop                           0x00001739   Thumb Code    28  scheduler.o(.text)
    sched_50Hzloop                           0x00001755   Thumb Code    24  scheduler.o(.text)
    sched_100Hzloop                          0x0000176d   Thumb Code    14  scheduler.o(.text)
    low_priority_loop                        0x0000177b   Thumb Code    24  scheduler.o(.text)
    fast_loop                                0x00001793   Thumb Code    36  scheduler.o(.text)
    scheduler_run                            0x000017b7   Thumb Code    12  scheduler.o(.text)
    AHRS_GetQ                                0x000017f1   Thumb Code   466  ahrs.o(.text)
    AHRS_Update                              0x000019c3   Thumb Code   114  ahrs.o(.text)
    AHRS_set_complementary_filter_kp         0x00001a35   Thumb Code    80  ahrs.o(.text)
    AHRS_set_complementary_filter_ki         0x00001a85   Thumb Code    80  ahrs.o(.text)
    inertial_sensor_read                     0x00001b01   Thumb Code   300  inertial_sensor.o(.text)
    gyro_caloffest                           0x00001c2d   Thumb Code    64  inertial_sensor.o(.text)
    gyro_offset                              0x00001c6d   Thumb Code   270  inertial_sensor.o(.text)
    accel_offset                             0x00001d7b   Thumb Code    96  inertial_sensor.o(.text)
    get_inertial_vel                         0x00001ddb   Thumb Code    24  inertial_sensor.o(.text)
    I2C_Init                                 0x00001e0d   Thumb Code     8  bsp_i2c.o(.text)
    I2C_WriteByte                            0x00001e15   Thumb Code   150  bsp_i2c.o(.text)
    I2C_ReadByte                             0x00001eab   Thumb Code   224  bsp_i2c.o(.text)
    I2C_SequentialRead                       0x00001f8b   Thumb Code   224  bsp_i2c.o(.text)
    uart_console_init                        0x00002091   Thumb Code    38  uart_console.o(.text)
    get_float                                0x000020b7   Thumb Code   126  uart_console.o(.text)
    console_input_handle                     0x00002135   Thumb Code  1768  uart_console.o(.text)
    UART0_IRQHandler                         0x0000281d   Thumb Code   142  uart_console.o(.text)
    SPI1_Init                                0x000029d5   Thumb Code    28  bsp_spi.o(.text)
    SPI_WriteReg                             0x000029f1   Thumb Code    26  bsp_spi.o(.text)
    SPI_WriteBuf                             0x00002a0b   Thumb Code    42  bsp_spi.o(.text)
    SPI_ReadReg                              0x00002a35   Thumb Code    24  bsp_spi.o(.text)
    SPI_ReadBuf                              0x00002a4d   Thumb Code    42  bsp_spi.o(.text)
    CLK_GetHCLKFreq                          0x00002a89   Thumb Code    12  clk.o(.text)
    CLK_SetModuleClock                       0x00002a95   Thumb Code    38  clk.o(.text)
    CLK_EnableModuleClock                    0x00002abb   Thumb Code    26  clk.o(.text)
    CLK_SysTickDelay                         0x00002ad5   Thumb Code    28  clk.o(.text)
    CLK_InitHIRC                             0x00002af1   Thumb Code   100  clk.o(.text)
    I2C_Open                                 0x00002b6d   Thumb Code    48  i2c.o(.text)
    PWM_ConfigOutputChannel                  0x00002ba1   Thumb Code   242  pwm.o(.text)
    PWM_Start                                0x00002c93   Thumb Code    40  pwm.o(.text)
    PWM_EnableOutput                         0x00002cbb   Thumb Code    12  pwm.o(.text)
    stackDump                                0x00002cd5   Thumb Code    70  retarget.o(.text)
    Hard_Fault_Handler                       0x00002d1b   Thumb Code    16  retarget.o(.text)
    SendChar_ToUART                          0x00002d2b   Thumb Code    12  retarget.o(.text)
    fputc                                    0x00002d37   Thumb Code    12  retarget.o(.text)
    SPI_SetBusClock                          0x00002dc1   Thumb Code    68  spi.o(.text)
    SPI_Open                                 0x00002e05   Thumb Code    24  spi.o(.text)
    TIMER_GetModuleClock                     0x00002e21   Thumb Code    74  timer.o(.text)
    TIMER_Open                               0x00002e6b   Thumb Code    94  timer.o(.text)
    TIMER_Delay                              0x00002ec9   Thumb Code   166  timer.o(.text)
    UART_Open                                0x00002f89   Thumb Code    42  uart.o(.text)
    UART_Read                                0x00002fb3   Thumb Code    44  uart.o(.text)
    rc_channel_init                          0x00002fe5   Thumb Code    22  rc_channel.o(.text)
    rc_channel_read                          0x00002ffb   Thumb Code   130  rc_channel.o(.text)
    RF_RxMode                                0x0000309d   Thumb Code    38  rf.o(.text)
    ucRF_GetStatus                           0x000030c3   Thumb Code    14  rf.o(.text)
    RF_ClearStatus                           0x000030d1   Thumb Code    12  rf.o(.text)
    RF_ClearFIFO                             0x000030dd   Thumb Code    20  rf.o(.text)
    ucRF_DumpRxData                          0x000030f1   Thumb Code    56  rf.o(.text)
    RF_Init                                  0x00003129   Thumb Code   202  rf.o(.text)
    __aeabi_uidiv                            0x00003219   Thumb Code     0  uidiv.o(.text)
    __aeabi_uidivmod                         0x00003219   Thumb Code    44  uidiv.o(.text)
    __aeabi_idiv                             0x00003245   Thumb Code     0  idiv.o(.text)
    __aeabi_idivmod                          0x00003245   Thumb Code    40  idiv.o(.text)
    __aeabi_memset                           0x0000326d   Thumb Code    14  memseta.o(.text)
    __aeabi_memset4                          0x0000326d   Thumb Code     0  memseta.o(.text)
    __aeabi_memset8                          0x0000326d   Thumb Code     0  memseta.o(.text)
    __aeabi_memclr                           0x0000327b   Thumb Code     4  memseta.o(.text)
    __aeabi_memclr4                          0x0000327b   Thumb Code     0  memseta.o(.text)
    __aeabi_memclr8                          0x0000327b   Thumb Code     0  memseta.o(.text)
    _memset$wrapper                          0x0000327f   Thumb Code    18  memseta.o(.text)
    __aeabi_uread4                           0x00003291   Thumb Code    20  uread4.o(.text)
    __rt_uread4                              0x00003291   Thumb Code     0  uread4.o(.text)
    _uread4                                  0x00003291   Thumb Code     0  uread4.o(.text)
    __aeabi_fadd                             0x000032a5   Thumb Code   162  fadd.o(.text)
    __aeabi_fsub                             0x00003347   Thumb Code     8  fadd.o(.text)
    __aeabi_frsub                            0x0000334f   Thumb Code     8  fadd.o(.text)
    __aeabi_fmul                             0x00003357   Thumb Code   122  fmul.o(.text)
    __aeabi_fdiv                             0x000033d1   Thumb Code   124  fdiv.o(.text)
    __ARM_scalbnf                            0x0000344d   Thumb Code    24  fscalb.o(.text)
    scalbnf                                  0x0000344d   Thumb Code     0  fscalb.o(.text)
    __aeabi_dadd                             0x00003465   Thumb Code   328  dadd.o(.text)
    __aeabi_dsub                             0x000035ad   Thumb Code    12  dadd.o(.text)
    __aeabi_drsub                            0x000035b9   Thumb Code    12  dadd.o(.text)
    __aeabi_dmul                             0x000035c9   Thumb Code   202  dmul.o(.text)
    __aeabi_ddiv                             0x00003699   Thumb Code   234  ddiv.o(.text)
    __aeabi_i2f                              0x00003789   Thumb Code    22  fflti.o(.text)
    __aeabi_ui2f                             0x0000379f   Thumb Code    14  ffltui.o(.text)
    __aeabi_i2d                              0x000037ad   Thumb Code    34  dflti.o(.text)
    __aeabi_f2iz                             0x000037d5   Thumb Code    50  ffixi.o(.text)
    __aeabi_f2uiz                            0x00003807   Thumb Code    40  ffixui.o(.text)
    __aeabi_f2d                              0x0000382f   Thumb Code    40  f2d.o(.text)
    __aeabi_cdrcmple                         0x00003859   Thumb Code    38  cdrcmple.o(.text)
    __aeabi_d2f                              0x00003881   Thumb Code    56  d2f.o(.text)
    __aeabi_cfcmpeq                          0x000038b9   Thumb Code     0  cfcmple.o(.text)
    __aeabi_cfcmple                          0x000038b9   Thumb Code    20  cfcmple.o(.text)
    __aeabi_cfrcmple                         0x000038cd   Thumb Code    20  cfrcmple.o(.text)
    __aeabi_uldivmod                         0x000038e1   Thumb Code    96  uldiv.o(.text)
    __aeabi_llsl                             0x00003941   Thumb Code    32  llshl.o(.text)
    _ll_shift_l                              0x00003941   Thumb Code     0  llshl.o(.text)
    __aeabi_lasr                             0x00003961   Thumb Code    38  llsshr.o(.text)
    _ll_sshift_r                             0x00003961   Thumb Code     0  llsshr.o(.text)
    __I$use$fp                               0x00003987   Thumb Code     0  iusefp.o(.text)
    _float_round                             0x00003987   Thumb Code    16  fepilogue.o(.text)
    _float_epilogue                          0x00003997   Thumb Code   114  fepilogue.o(.text)
    _double_round                            0x00003a09   Thumb Code    26  depilogue.o(.text)
    _double_epilogue                         0x00003a23   Thumb Code   164  depilogue.o(.text)
    __aeabi_d2ulz                            0x00003ac9   Thumb Code    54  dfixul.o(.text)
    __scatterload                            0x00003b09   Thumb Code    28  init.o(.text)
    __scatterload_rt2                        0x00003b09   Thumb Code     0  init.o(.text)
    __aeabi_llsr                             0x00003b2d   Thumb Code    34  llushr.o(.text)
    _ll_ushift_r                             0x00003b2d   Thumb Code     0  llushr.o(.text)
    _fsqrt                                   0x00003b4f   Thumb Code    88  fsqrt.o(.text)
    __ARM_scalbn                             0x00003ba7   Thumb Code    44  dscalb.o(.text)
    scalbn                                   0x00003ba7   Thumb Code     0  dscalb.o(.text)
    __aeabi_ui2d                             0x00003bd5   Thumb Code    24  dfltui.o(.text)
    __aeabi_d2iz                             0x00003bf1   Thumb Code    62  dfixi.o(.text)
    SPI_RW                                   0x00003c39   Thumb Code    26  bsp_spi.o(i.SPI_RW)
    __0printf                                0x00003c59   Thumb Code    24  printfa.o(i.__0printf)
    __1printf                                0x00003c59   Thumb Code     0  printfa.o(i.__0printf)
    __2printf                                0x00003c59   Thumb Code     0  printfa.o(i.__0printf)
    __c89printf                              0x00003c59   Thumb Code     0  printfa.o(i.__0printf)
    printf                                   0x00003c59   Thumb Code     0  printfa.o(i.__0printf)
    __ARM_clz                                0x00003c79   Thumb Code    46  depilogue.o(i.__ARM_clz)
    __ARM_common_ll_muluu                    0x00003ca7   Thumb Code    50  rred.o(i.__ARM_common_ll_muluu)
    __ARM_fpclassify                         0x00003cd9   Thumb Code    40  fpclassify.o(i.__ARM_fpclassify)
    __ARM_fpclassifyf                        0x00003d05   Thumb Code    34  fpclassifyf.o(i.__ARM_fpclassifyf)
    __ieee754_rem_pio2                       0x00003d29   Thumb Code   838  rred.o(i.__ieee754_rem_pio2)
    __kernel_cos                             0x000040c5   Thumb Code   224  cos_i.o(i.__kernel_cos)
    __kernel_poly                            0x000041b9   Thumb Code   172  poly.o(i.__kernel_poly)
    __kernel_sin                             0x00004265   Thumb Code   222  sin_i.o(i.__kernel_sin)
    __mathlib_dbl_infnan                     0x00004351   Thumb Code    10  dunder.o(i.__mathlib_dbl_infnan)
    __mathlib_dbl_invalid                    0x0000435b   Thumb Code    16  dunder.o(i.__mathlib_dbl_invalid)
    __mathlib_dbl_underflow                  0x0000436d   Thumb Code    14  dunder.o(i.__mathlib_dbl_underflow)
    __mathlib_flt_infnan                     0x00004381   Thumb Code    10  funder.o(i.__mathlib_flt_infnan)
    __mathlib_flt_infnan2                    0x0000438b   Thumb Code     8  funder.o(i.__mathlib_flt_infnan2)
    __mathlib_flt_invalid                    0x00004393   Thumb Code    12  funder.o(i.__mathlib_flt_invalid)
    __mathlib_flt_underflow                  0x0000439f   Thumb Code    14  funder.o(i.__mathlib_flt_underflow)
    __scatterload_copy                       0x000043ad   Thumb Code    14  handlers.o(i.__scatterload_copy)
    __scatterload_null                       0x000043bb   Thumb Code     2  handlers.o(i.__scatterload_null)
    __scatterload_zeroinit                   0x000043bd   Thumb Code    14  handlers.o(i.__scatterload_zeroinit)
    __set_errno                              0x000043cd   Thumb Code     6  errno.o(i.__set_errno)
    asinf                                    0x00004c69   Thumb Code   242  asinf.o(i.asinf)
    atan2f                                   0x00004d81   Thumb Code   526  atan2f.o(i.atan2f)
    cos                                      0x00004fdd   Thumb Code   142  cos.o(i.cos)
    sin                                      0x00005075   Thumb Code   146  sin.o(i.sin)
    sqrtf                                    0x00005111   Thumb Code    44  sqrtf.o(i.sqrtf)
    TX_ADDRESS_DEF                           0x0000513c   Data           5  rf.o(.constdata)
    Region$$Table$$Base                      0x000052b0   Number         0  anon$$obj.o(Region$$Table)
    Region$$Table$$Limit                     0x000052d0   Number         0  anon$$obj.o(Region$$Table)
    _accel_scale                             0x20000000   Data           4  bmi160.o(.data)
    _gyro_scale                              0x20000004   Data           4  bmi160.o(.data)
    Formula_Select                           0x20000008   Data           1  fbm320.o(.data)
    motor_duty_range                         0x2000000c   Data           4  motor.o(.data)
    PllClock                                 0x20000010   Data           4  system_pn020series.o(.data)
    SystemCoreClock                          0x20000014   Data           4  system_pn020series.o(.data)
    CyclesPerUs                              0x20000018   Data           4  system_pn020series.o(.data)
    control_mode                             0x2000001c   Data           1  flight_mode_control.o(.data)
    prev_control_mode                        0x2000001d   Data           1  flight_mode_control.o(.data)
    trace_throttle                           0x20000020   Data           4  motor_control.o(.data)
    micro_ticker                             0x20000034   Data           4  scheduler.o(.data)
    cmp_kp                                   0x20000038   Data           4  ahrs.o(.data)
    cmp_ki                                   0x2000003c   Data           4  ahrs.o(.data)
    exInt                                    0x20000040   Data           4  ahrs.o(.data)
    eyInt                                    0x20000044   Data           4  ahrs.o(.data)
    ezInt                                    0x20000048   Data           4  ahrs.o(.data)
    NumQ                                     0x2000004c   Data          16  ahrs.o(.data)
    b_IIR                                    0x20000068   Data          40  inertial_sensor.o(.data)
    a_IIR                                    0x20000090   Data          40  inertial_sensor.o(.data)
    buf_index                                0x200000ba   Data           2  uart_console.o(.data)
    __stdout                                 0x200000bc   Data           4  retarget.o(.data)
    fbm320_packet                            0x200000c8   Data          56  fbm320.o(.bss)
    motor_duty                               0x20000100   Data          16  motor.o(.bss)
    ctrl_loop                                0x20000110   Data         288  attitude_control.o(.bss)
    attitude_target_ang_vel                  0x20000230   Data          12  attitude_control.o(.bss)
    trace_attitude_ang                       0x2000023c   Data          12  attitude_control.o(.bss)
    trace_attituce_ang_vel                   0x20000248   Data          12  attitude_control.o(.bss)
    thrust                                   0x20000254   Data          16  motor_control.o(.bss)
    slice_flag                               0x20000264   Data           9  scheduler.o(.bss)
    AngE                                     0x20000270   Data          12  ahrs.o(.bss)
    ahrs                                     0x2000027c   Data          12  ahrs.o(.bss)
    V                                        0x20000288   Data          12  ahrs.o(.bss)
    InPut_IIR                                0x20000298   Data         120  inertial_sensor.o(.bss)
    OutPut_IIR                               0x20000310   Data         120  inertial_sensor.o(.bss)
    inertial_sensor                          0x20000388   Data         128  inertial_sensor.o(.bss)
    rev_buf                                  0x20000408   Data        1024  uart_console.o(.bss)
    rc_channels                              0x20000808   Data         144  rc_channel.o(.bss)
    rc_buf                                   0x20000898   Data          17  rc_channel.o(.bss)
    __initial_sp                             0x20000dfc   Number         0  startup_pn020series.o ABSOLUTE



==============================================================================

Memory Map of the image

  Image Entry point : 0x00000e9d

  Load Region LR_1 (Base: 0x00000000, Size: 0x00005398, Max: 0xffffffff, ABSOLUTE)

    Execution Region ER_RO (Base: 0x00000000, Size: 0x000052d0, Max: 0xffffffff, ABSOLUTE)

    Base Addr    Size         Type   Attr      Idx    E Section Name        Object

    0x00000000   0x000000c0   Data   RO          319    RESET               startup_pn020series.o
    0x000000c0   0x00000000   Code   RO         2292  * .ARM.Collect$$$$00000000  mc_p.l(entry.o)
    0x000000c0   0x00000004   Code   RO         2655    .ARM.Collect$$$$00000001  mc_p.l(entry2.o)
    0x000000c4   0x00000004   Code   RO         2658    .ARM.Collect$$$$00000004  mc_p.l(entry5.o)
    0x000000c8   0x00000000   Code   RO         2660    .ARM.Collect$$$$00000008  mc_p.l(entry7b.o)
    0x000000c8   0x00000000   Code   RO         2662    .ARM.Collect$$$$0000000A  mc_p.l(entry8b.o)
    0x000000c8   0x00000008   Code   RO         2663    .ARM.Collect$$$$0000000B  mc_p.l(entry9a.o)
    0x000000d0   0x00000000   Code   RO         2665    .ARM.Collect$$$$0000000D  mc_p.l(entry10a.o)
    0x000000d0   0x00000000   Code   RO         2667    .ARM.Collect$$$$0000000F  mc_p.l(entry11a.o)
    0x000000d0   0x00000004   Code   RO         2656    .ARM.Collect$$$$00002712  mc_p.l(entry2.o)
    0x000000d4   0x0000001c   Code   RO         1746    .emb_text           retarget.o
    0x000000f0   0x00000298   Code   RO            3    .text               bmi160.o
    0x00000388   0x00000714   Code   RO          104    .text               fbm320.o
    0x00000a9c   0x000000dc   Code   RO          132    .text               motor.o
    0x00000b78   0x0000023c   Code   RO          162    .text               common.o
    0x00000db4   0x00000080   Code   RO          260    .text               main.o
    0x00000e34   0x00000068   Code   RO          284    .text               system_pn020series.o
    0x00000e9c   0x00000014   Code   RO          320  * .text               startup_pn020series.o
    0x00000eb0   0x000000e8   Code   RO          326    .text               algorithm_filter.o
    0x00000f98   0x00000090   Code   RO          378    .text               algorithm_math.o
    0x00001028   0x0000012c   Code   RO          517    .text               algorithm_pid.o
    0x00001154   0x000002de   Code   RO          571    .text               algorithm_quaternion.o
    0x00001432   0x00000002   PAD
    0x00001434   0x000000c8   Code   RO          615    .text               attitude_control.o
    0x000014fc   0x00000044   Code   RO          675    .text               flight_mode_control.o
    0x00001540   0x000000cc   Code   RO          723    .text               motor_control.o
    0x0000160c   0x000001e4   Code   RO          755    .text               scheduler.o
    0x000017f0   0x00000310   Code   RO          864    .text               ahrs.o
    0x00001b00   0x0000030c   Code   RO          921    .text               inertial_sensor.o
    0x00001e0c   0x00000284   Code   RO          958    .text               bsp_i2c.o
    0x00002090   0x00000944   Code   RO         1004    .text               uart_console.o
    0x000029d4   0x000000b4   Code   RO         1042    .text               bsp_spi.o
    0x00002a88   0x000000e4   Code   RO         1183    .text               clk.o
    0x00002b6c   0x00000034   Code   RO         1430    .text               i2c.o
    0x00002ba0   0x00000134   Code   RO         1552    .text               pwm.o
    0x00002cd4   0x000000ec   Code   RO         1747    .text               retarget.o
    0x00002dc0   0x00000060   Code   RO         1831    .text               spi.o
    0x00002e20   0x00000168   Code   RO         1961    .text               timer.o
    0x00002f88   0x0000005c   Code   RO         2015    .text               uart.o
    0x00002fe4   0x000000b8   Code   RO         2137    .text               rc_channel.o
    0x0000309c   0x0000017c   Code   RO         2183    .text               rf.o
    0x00003218   0x0000002c   Code   RO         2293    .text               mc_p.l(uidiv.o)
    0x00003244   0x00000028   Code   RO         2295    .text               mc_p.l(idiv.o)
    0x0000326c   0x00000024   Code   RO         2297    .text               mc_p.l(memseta.o)
    0x00003290   0x00000014   Code   RO         2560    .text               mc_p.l(uread4.o)
    0x000032a4   0x000000b2   Code   RO         2562    .text               mf_p.l(fadd.o)
    0x00003356   0x0000007a   Code   RO         2564    .text               mf_p.l(fmul.o)
    0x000033d0   0x0000007c   Code   RO         2566    .text               mf_p.l(fdiv.o)
    0x0000344c   0x00000018   Code   RO         2568    .text               mf_p.l(fscalb.o)
    0x00003464   0x00000164   Code   RO         2570    .text               mf_p.l(dadd.o)
    0x000035c8   0x000000d0   Code   RO         2572    .text               mf_p.l(dmul.o)
    0x00003698   0x000000f0   Code   RO         2574    .text               mf_p.l(ddiv.o)
    0x00003788   0x00000016   Code   RO         2576    .text               mf_p.l(fflti.o)
    0x0000379e   0x0000000e   Code   RO         2578    .text               mf_p.l(ffltui.o)
    0x000037ac   0x00000028   Code   RO         2580    .text               mf_p.l(dflti.o)
    0x000037d4   0x00000032   Code   RO         2582    .text               mf_p.l(ffixi.o)
    0x00003806   0x00000028   Code   RO         2584    .text               mf_p.l(ffixui.o)
    0x0000382e   0x00000028   Code   RO         2586    .text               mf_p.l(f2d.o)
    0x00003856   0x00000002   PAD
    0x00003858   0x00000028   Code   RO         2590    .text               mf_p.l(cdrcmple.o)
    0x00003880   0x00000038   Code   RO         2592    .text               mf_p.l(d2f.o)
    0x000038b8   0x00000014   Code   RO         2594    .text               mf_p.l(cfcmple.o)
    0x000038cc   0x00000014   Code   RO         2596    .text               mf_p.l(cfrcmple.o)
    0x000038e0   0x00000060   Code   RO         2669    .text               mc_p.l(uldiv.o)
    0x00003940   0x00000020   Code   RO         2671    .text               mc_p.l(llshl.o)
    0x00003960   0x00000026   Code   RO         2673    .text               mc_p.l(llsshr.o)
    0x00003986   0x00000000   Code   RO         2682    .text               mc_p.l(iusefp.o)
    0x00003986   0x00000082   Code   RO         2683    .text               mf_p.l(fepilogue.o)
    0x00003a08   0x000000be   Code   RO         2687    .text               mf_p.l(depilogue.o)
    0x00003ac6   0x00000002   PAD
    0x00003ac8   0x00000040   Code   RO         2691    .text               mf_p.l(dfixul.o)
    0x00003b08   0x00000024   Code   RO         2697    .text               mc_p.l(init.o)
    0x00003b2c   0x00000022   Code   RO         2699    .text               mc_p.l(llushr.o)
    0x00003b4e   0x00000058   Code   RO         2701    .text               mf_p.l(fsqrt.o)
    0x00003ba6   0x0000002c   Code   RO         2703    .text               mf_p.l(dscalb.o)
    0x00003bd2   0x00000002   PAD
    0x00003bd4   0x0000001c   Code   RO         2705    .text               mf_p.l(dfltui.o)
    0x00003bf0   0x00000048   Code   RO         2707    .text               mf_p.l(dfixi.o)
    0x00003c38   0x00000020   Code   RO         1057    i.SPI_RW            bsp_spi.o
    0x00003c58   0x00000020   Code   RO         2532    i.__0printf         mc_p.l(printfa.o)
    0x00003c78   0x0000002e   Code   RO         2689    i.__ARM_clz         mf_p.l(depilogue.o)
    0x00003ca6   0x00000032   Code   RO         2636    i.__ARM_common_ll_muluu  m_ps.l(rred.o)
    0x00003cd8   0x0000002c   Code   RO         2693    i.__ARM_fpclassify  m_ps.l(fpclassify.o)
    0x00003d04   0x00000022   Code   RO         2615    i.__ARM_fpclassifyf  m_ps.l(fpclassifyf.o)
    0x00003d26   0x00000002   PAD
    0x00003d28   0x0000039c   Code   RO         2631    i.__ieee754_rem_pio2  m_ps.l(rred.o)
    0x000040c4   0x000000f4   Code   RO         2598    i.__kernel_cos      m_ps.l(cos_i.o)
    0x000041b8   0x000000ac   Code   RO         2695    i.__kernel_poly     m_ps.l(poly.o)
    0x00004264   0x000000ec   Code   RO         2641    i.__kernel_sin      m_ps.l(sin_i.o)
    0x00004350   0x0000000a   Code   RO         2602    i.__mathlib_dbl_infnan  m_ps.l(dunder.o)
    0x0000435a   0x00000010   Code   RO         2604    i.__mathlib_dbl_invalid  m_ps.l(dunder.o)
    0x0000436a   0x00000002   PAD
    0x0000436c   0x00000014   Code   RO         2607    i.__mathlib_dbl_underflow  m_ps.l(dunder.o)
    0x00004380   0x0000000a   Code   RO         2618    i.__mathlib_flt_infnan  m_ps.l(funder.o)
    0x0000438a   0x00000008   Code   RO         2619    i.__mathlib_flt_infnan2  m_ps.l(funder.o)
    0x00004392   0x0000000c   Code   RO         2620    i.__mathlib_flt_invalid  m_ps.l(funder.o)
    0x0000439e   0x0000000e   Code   RO         2623    i.__mathlib_flt_underflow  m_ps.l(funder.o)
    0x000043ac   0x0000000e   Code   RO         2711    i.__scatterload_copy  mc_p.l(handlers.o)
    0x000043ba   0x00000002   Code   RO         2712    i.__scatterload_null  mc_p.l(handlers.o)
    0x000043bc   0x0000000e   Code   RO         2713    i.__scatterload_zeroinit  mc_p.l(handlers.o)
    0x000043ca   0x00000002   PAD
    0x000043cc   0x0000000c   Code   RO         2677    i.__set_errno       mc_p.l(errno.o)
    0x000043d8   0x00000158   Code   RO         2539    i._fp_digits        mc_p.l(printfa.o)
    0x00004530   0x000006ec   Code   RO         2540    i._printf_core      mc_p.l(printfa.o)
    0x00004c1c   0x00000020   Code   RO         2541    i._printf_post_padding  mc_p.l(printfa.o)
    0x00004c3c   0x0000002c   Code   RO         2542    i._printf_pre_padding  mc_p.l(printfa.o)
    0x00004c68   0x00000118   Code   RO         2245    i.asinf             m_ps.l(asinf.o)
    0x00004d80   0x0000025c   Code   RO         2253    i.atan2f            m_ps.l(atan2f.o)
    0x00004fdc   0x00000098   Code   RO         2261    i.cos               m_ps.l(cos.o)
    0x00005074   0x0000009c   Code   RO         2277    i.sin               m_ps.l(sin.o)
    0x00005110   0x0000002c   Code   RO         2648    i.sqrtf             m_ps.l(sqrtf.o)
    0x0000513c   0x00000005   Data   RO         2189    .constdata          rf.o
    0x00005141   0x00000007   PAD
    0x00005148   0x00000030   Data   RO         2599    .constdata          m_ps.l(cos_i.o)
    0x00005178   0x000000c8   Data   RO         2633    .constdata          m_ps.l(rred.o)
    0x00005240   0x00000028   Data   RO         2642    .constdata          m_ps.l(sin_i.o)
    0x00005268   0x00000045   Data   RO          134    .conststring        motor.o
    0x000052ad   0x00000003   PAD
    0x000052b0   0x00000020   Data   RO         2709    Region$$Table       anon$$obj.o


    Execution Region ER_RW (Base: 0x20000000, Size: 0x000000c8, Max: 0xffffffff, ABSOLUTE)

    Base Addr    Size         Type   Attr      Idx    E Section Name        Object

    0x20000000   0x00000008   Data   RW            4    .data               bmi160.o
    0x20000008   0x00000004   Data   RW          106    .data               fbm320.o
    0x2000000c   0x00000004   Data   RW          137    .data               motor.o
    0x20000010   0x0000000c   Data   RW          286    .data               system_pn020series.o
    0x2000001c   0x00000002   Data   RW          676    .data               flight_mode_control.o
    0x2000001e   0x00000002   PAD
    0x20000020   0x00000004   Data   RW          726    .data               motor_control.o
    0x20000024   0x00000014   Data   RW          759    .data               scheduler.o
    0x20000038   0x00000024   Data   RW          867    .data               ahrs.o
    0x2000005c   0x00000004   PAD
    0x20000060   0x00000058   Data   RW          923    .data               inertial_sensor.o
    0x200000b8   0x00000004   Data   RW         1006    .data               uart_console.o
    0x200000bc   0x00000004   Data   RW         1755    .data               retarget.o
    0x200000c0   0x00000001   Data   RW         2143    .data               rc_channel.o
    0x200000c1   0x00000003   PAD
    0x200000c4   0x00000004   Data   RW         2678    .data               mc_p.l(errno.o)


    Execution Region ER_ZI (Base: 0x200000c8, Size: 0x000007e4, Max: 0xffffffff, ABSOLUTE)

    Base Addr    Size         Type   Attr      Idx    E Section Name        Object

    0x200000c8   0x00000038   Zero   RW          105    .bss                fbm320.o
    0x20000100   0x00000010   Zero   RW          133    .bss                motor.o
    0x20000110   0x0000012c   Zero   RW          616    .bss                attitude_control.o
    0x2000023c   0x0000000c   Zero   RW          618    .bss                attitude_control.o
    0x20000248   0x0000000c   Zero   RW          619    .bss                attitude_control.o
    0x20000254   0x00000010   Zero   RW          724    .bss                motor_control.o
    0x20000264   0x00000009   Zero   RW          758    .bss                scheduler.o
    0x2000026d   0x00000003   PAD
    0x20000270   0x00000024   Zero   RW          866    .bss                ahrs.o
    0x20000294   0x00000004   PAD
    0x20000298   0x00000170   Zero   RW          922    .bss                inertial_sensor.o
    0x20000408   0x00000400   Zero   RW         1005    .bss                uart_console.o
    0x20000808   0x000000a1   Zero   RW         2140    .bss                rc_channel.o


==============================================================================

Image component sizes


      Code (inc. data)   RO Data    RW Data    ZI Data      Debug   Object Name

       784         44          0         36         36       5997   ahrs.o
       232          0          0          0          0       1659   algorithm_filter.o
       144         12          0          0          0       1550   algorithm_math.o
       300         12          0          0          0       3406   algorithm_pid.o
       734          0          0          0          0       2944   algorithm_quaternion.o
       200         14          0          0        324       5414   attitude_control.o
       664         30          0          8          0     135205   bmi160.o
       644         38          0          0          0       2777   bsp_i2c.o
       212         24          0          0          0       2675   bsp_spi.o
       228         24          0          0          0       1441   clk.o
       572        160          0          0          0      10541   common.o
      1812        290          0          4         56       6127   fbm320.o
        68         18          0          2          0       2390   flight_mode_control.o
        52          4          0          0          0       1027   i2c.o
       780         26          0         88        368       3963   inertial_sensor.o
       128         78          0          0          0       3291   main.o
       220         18         69          4         16       1652   motor.o
       204         40          0          4         16       2754   motor_control.o
       308         14          0          0          0       2213   pwm.o
       184         32          0          1        161       2454   rc_channel.o
       264        130          0          4          0       3754   retarget.o
       380         38          5          0          0       2432   rf.o
       484         46          0         20          9      13105   scheduler.o
        96          4          0          0          0       1519   spi.o
        20          4        192          0          0        724   startup_pn020series.o
       104         24          0         12          0       5481   system_pn020series.o
       360         26          0          0          0       2038   timer.o
        92          6          0          0          0       1598   uart.o
      2372        912          0          4       1024      10068   uart_console.o

    ----------------------------------------------------------------------
     12644       2068        308        196       2020     240199   Object Totals
         0          0         32          0          0          0   (incl. Generated)
         2          0         10          9         10          0   (incl. Padding)

    ----------------------------------------------------------------------

      Code (inc. data)   RO Data    RW Data    ZI Data      Debug   Library Member Name

       280         38          0          0          0         76   asinf.o
       604         78          0          0          0        120   atan2f.o
       152         10          0          0          0        104   cos.o
       244         20         48          0          0         92   cos_i.o
        46          6          0          0          0        204   dunder.o
        44          4          0          0          0         60   fpclassify.o
        34          0          0          0          0         60   fpclassifyf.o
        44          0          0          0          0        272   funder.o
       172          0          0          0          0         76   poly.o
       974         86        200          0          0        200   rred.o
       156         10          0          0          0        104   sin.o
       236         14         40          0          0        100   sin_i.o
        44          0          0          0          0         72   sqrtf.o
         0          0          0          0          0          0   entry.o
         0          0          0          0          0          0   entry10a.o
         0          0          0          0          0          0   entry11a.o
         8          4          0          0          0          0   entry2.o
         4          0          0          0          0          0   entry5.o
         0          0          0          0          0          0   entry7b.o
         0          0          0          0          0          0   entry8b.o
         8          4          0          0          0          0   entry9a.o
        12          6          0          4          0         60   errno.o
        30          0          0          0          0          0   handlers.o
        40          0          0          0          0         72   idiv.o
        36          8          0          0          0         68   init.o
         0          0          0          0          0          0   iusefp.o
        32          0          0          0          0         68   llshl.o
        38          0          0          0          0         68   llsshr.o
        34          0          0          0          0         68   llushr.o
        36          0          0          0          0        100   memseta.o
      2224         98          0          0          0        412   printfa.o
        44          0          0          0          0         72   uidiv.o
        96          0          0          0          0         84   uldiv.o
        20          0          0          0          0         60   uread4.o
        40          2          0          0          0         68   cdrcmple.o
        20          0          0          0          0         68   cfcmple.o
        20          0          0          0          0         68   cfrcmple.o
        56          0          0          0          0         68   d2f.o
       356          4          0          0          0        140   dadd.o
       240          6          0          0          0         84   ddiv.o
       236          0          0          0          0        216   depilogue.o
        72         10          0          0          0         72   dfixi.o
        64         10          0          0          0         68   dfixul.o
        40          6          0          0          0         68   dflti.o
        28          4          0          0          0         68   dfltui.o
       208          6          0          0          0         88   dmul.o
        44          0          0          0          0         72   dscalb.o
        40          0          0          0          0         60   f2d.o
       178          0          0          0          0        108   fadd.o
       124          0          0          0          0         72   fdiv.o
       130          0          0          0          0        144   fepilogue.o
        50          0          0          0          0         60   ffixi.o
        40          0          0          0          0         60   ffixui.o
        22          0          0          0          0         68   fflti.o
        14          0          0          0          0         68   ffltui.o
       122          0          0          0          0         72   fmul.o
        24          0          0          0          0         60   fscalb.o
        88          0          0          0          0         72   fsqrt.o

    ----------------------------------------------------------------------
      7960        434        288          4          0       4664   Library Totals
        12          0          0          0          0          0   (incl. Padding)

    ----------------------------------------------------------------------

      Code (inc. data)   RO Data    RW Data    ZI Data      Debug   Library Name

      3030        266        288          0          0       1540   m_ps.l
      2662        120          0          4          0       1132   mc_p.l
      2256         48          0          0          0       1992   mf_p.l

    ----------------------------------------------------------------------
      7960        434        288          4          0       4664   Library Totals

    ----------------------------------------------------------------------

==============================================================================


      Code (inc. data)   RO Data    RW Data    ZI Data      Debug   

     20604       2502        596        200       2020     240495   Grand Totals
     20604       2502        596        200       2020     240495   ELF Image Totals
     20604       2502        596        200          0          0   ROM Totals

==============================================================================

    Total RO  Size (Code + RO Data)                21200 (  20.70kB)
    Total RW  Size (RW Data + ZI Data)              2220 (   2.17kB)
    Total ROM Size (Code + RO Data + RW Data)      21400 (  20.90kB)

==============================================================================

