Component: ARM Compiler 5.06 update 2 (build 183) Tool: armlink [4d35b7]

==============================================================================

Small function inlining results

Inlined total of 0 calls.

==============================================================================

Section Cross References

    bmi160.o(.text) refers to bsp_i2c.o(.text) for I2C_WriteByte
    bmi160.o(.text) refers to timer.o(.text) for TIMER_Delay
    bmi160.o(.text) refers to uidiv.o(.text) for __aeabi_uidivmod
    bmi160.o(.text) refers to idiv.o(.text) for __aeabi_idivmod
    bmi160.o(.text) refers to bmi160.o(.data) for .data
    fbm320.o(.text) refers to bsp_i2c.o(.text) for I2C_SequentialRead
    fbm320.o(.text) refers to fbm320.o(.bss) for .bss
    fbm320.o(.text) refers to fbm320.o(.data) for .data
    fbm320.o(.text) refers to timer.o(.text) for TIMER_Delay
    fbm320.o(.text) refers to fflti.o(.text) for __aeabi_i2f
    fbm320.o(.text) refers to fdiv.o(.text) for __aeabi_fdiv
    fbm320.o(.text) refers to algorithm_filter.o(.text) for Moving_Average
    fbm320.o(.text) refers to common.o(.text) for sys_milli
    fbm320.o(.text) refers to common.o(.bss) for fc_status
    common.o(.text) refers to clk.o(.text) for CLK_InitHIRC
    common.o(.text) refers to system_pn020series.o(.text) for SystemCoreClockUpdate
    common.o(.text) refers to algorithm_pid.o(.text) for set_pid_param
    common.o(.text) refers to uart_console.o(.text) for uart_console_init
    common.o(.text) refers to printf5.o(i.__0printf$5) for __2printf
    common.o(.text) refers to adc_det.o(.text) for adc_init
    common.o(.text) refers to bsp_i2c.o(.text) for I2C_Init
    common.o(.text) refers to fbm320.o(.text) for fbm320_init
    common.o(.text) refers to bmi160.o(.text) for bmi160_init
    common.o(.text) refers to motor.o(.text) for motor_init
    common.o(.text) refers to scheduler.o(.text) for scheduler_init
    common.o(.text) refers to rc_channel.o(.text) for rc_channel_init
    common.o(.text) refers to inertial_sensor.o(.text) for inertial_sensor_init
    common.o(.text) refers to inertial_nav.o(.text) for inertial_nav_init
    common.o(.text) refers to uidiv.o(.text) for __aeabi_uidivmod
    common.o(.text) refers to attitude_control.o(.bss) for ctrl_loop
    common.o(.text) refers to common.o(.bss) for .bss
    common.o(.text) refers to flight_mode_control.o(.data) for control_mode
    common.o(.text) refers to common.o(.data) for .data
    common.o(.text) refers to system_pn020series.o(.data) for CyclesPerUs
    main.o(.text) refers to common.o(.text) for system_init
    main.o(.text) refers to scheduler.o(.text) for scheduler_run
    system_pn020series.o(.text) refers to uidiv.o(.text) for __aeabi_uidivmod
    system_pn020series.o(.text) refers to system_pn020series.o(.data) for .data
    startup_pn020series.o(RESET) refers to startup_pn020series.o(.text) for Reset_Handler
    startup_pn020series.o(RESET) refers to retarget.o(.emb_text) for HardFault_Handler
    startup_pn020series.o(RESET) refers to common.o(.text) for SysTick_Handler
    startup_pn020series.o(RESET) refers to scheduler.o(.text) for TMR1_IRQHandler
    startup_pn020series.o(RESET) refers to adc_det.o(.text) for ADC_IRQHandler
    startup_pn020series.o(.text) refers to entry.o(.ARM.Collect$$$$00000000) for __main
    algorithm_filter.o(.text) refers to fdiv.o(.text) for __aeabi_fdiv
    algorithm_filter.o(.text) refers to tanf.o(i.tanf) for tanf
    algorithm_filter.o(.text) refers to fmul.o(.text) for __aeabi_fmul
    algorithm_filter.o(.text) refers to cosf.o(i.cosf) for cosf
    algorithm_filter.o(.text) refers to fscalb.o(.text) for __ARM_scalbnf
    algorithm_filter.o(.text) refers to fadd.o(.text) for __aeabi_fadd
    algorithm_filter.o(.text) refers to cfrcmple.o(.text) for __aeabi_cfrcmple
    algorithm_filter.o(.text) refers to cfcmple.o(.text) for __aeabi_cfcmple
    algorithm_filter.o(.text) refers to f2d.o(.text) for __aeabi_f2d
    algorithm_filter.o(.text) refers to dadd.o(.text) for __aeabi_dadd
    algorithm_filter.o(.text) refers to dflti.o(.text) for __aeabi_i2d
    algorithm_filter.o(.text) refers to ddiv.o(.text) for __aeabi_ddiv
    algorithm_filter.o(.text) refers to d2f.o(.text) for __aeabi_d2f
    algorithm_filter.o(.text) refers to dfltui.o(.text) for __aeabi_ui2d
    algorithm_math.o(.text) refers to fscalb.o(.text) for __ARM_scalbnf
    algorithm_math.o(.text) refers to fmul.o(.text) for __aeabi_fmul
    algorithm_math.o(.text) refers to fadd.o(.text) for __aeabi_frsub
    algorithm_math.o(.text) refers to f2d.o(.text) for __aeabi_f2d
    algorithm_math.o(.text) refers to ddiv.o(.text) for __aeabi_ddiv
    algorithm_math.o(.text) refers to d2f.o(.text) for __aeabi_d2f
    algorithm_math.o(.text) refers to fdiv.o(.text) for __aeabi_fdiv
    algorithm_math.o(.text) refers to dmul.o(.text) for __aeabi_dmul
    algorithm_math.o(.text) refers to cfrcmple.o(.text) for __aeabi_cfrcmple
[...]
    ../mathlib/fmax.c                        0x00000000   Number         0  fmax.o ABSOLUTE
    ../mathlib/fmod.c                        0x00000000   Number         0  fmod.o ABSOLUTE
    ../mathlib/fmod.c                        0x00000000   Number         0  fmod_x.o ABSOLUTE
    ../mathlib/fpclassify.c                  0x00000000   Number         0  fpclassify.o ABSOLUTE
    ../mathlib/fpclassifyf.c                 0x00000000   Number         0  fpclassifyf.o ABSOLUTE
    ../mathlib/funder.c                      0x00000000   Number         0  funder.o ABSOLUTE
    ../mathlib/poly.c                        0x00000000   Number         0  poly.o ABSOLUTE
    ../mathlib/rred.c                        0x00000000   Number         0  rred.o ABSOLUTE
    ../mathlib/rredf.c                       0x00000000   Number         0  rredf.o ABSOLUTE
    ../mathlib/sin_i.c                       0x00000000   Number         0  sin_i_x.o ABSOLUTE
    ../mathlib/sin_i.c                       0x00000000   Number         0  sin_i.o ABSOLUTE
    ../mathlib/sinf.c                        0x00000000   Number         0  sinf.o ABSOLUTE
    ../mathlib/sinf.c                        0x00000000   Number         0  sinf_x.o ABSOLUTE
    ../mathlib/sqrt.c                        0x00000000   Number         0  sqrt.o ABSOLUTE
    ../mathlib/sqrt.c                        0x00000000   Number         0  sqrt_x.o ABSOLUTE
    ../mathlib/sqrtf.c                       0x00000000   Number         0  sqrtf.o ABSOLUTE
    ../mathlib/sqrtf.c                       0x00000000   Number         0  sqrtf_x.o ABSOLUTE
    ../mathlib/tanf.c                        0x00000000   Number         0  tanf_x.o ABSOLUTE
    ../mathlib/tanf.c                        0x00000000   Number         0  tanf.o ABSOLUTE
    ..\AHRS\ahrs.c                           0x00000000   Number         0  ahrs.o ABSOLUTE
    ..\AHRS\inertial_nav.c                   0x00000000   Number         0  inertial_nav.o ABSOLUTE
    ..\AHRS\inertial_sensor.c                0x00000000   Number         0  inertial_sensor.o ABSOLUTE
    ..\Algorithm\Algorithm_filter\Algorithm_filter.c 0x00000000   Number         0  algorithm_filter.o ABSOLUTE
    ..\Algorithm\Algorithm_math\Algorithm_math.c 0x00000000   Number         0  algorithm_math.o ABSOLUTE
    ..\Algorithm\Algorithm_pid\Algorithm_pid.c 0x00000000   Number         0  algorithm_pid.o ABSOLUTE
    ..\Algorithm\Algorithm_quaternion\Algorithm_quaternion.c 0x00000000   Number         0  algorithm_quaternion.o ABSOLUTE
    ..\Control\attitude_control.c            0x00000000   Number         0  attitude_control.o ABSOLUTE
    ..\Control\flight_mode_control.c         0x00000000   Number         0  flight_mode_control.o ABSOLUTE
    ..\Control\motor_control.c               0x00000000   Number         0  motor_control.o ABSOLUTE
    ..\Control\position_control.c            0x00000000   Number         0  position_control.o ABSOLUTE
    ..\Driver\bmi160.c                       0x00000000   Number         0  bmi160.o ABSOLUTE
    ..\Driver\bsp\adc_det.c                  0x00000000   Number         0  adc_det.o ABSOLUTE
    ..\Driver\bsp\bsp_i2c.c                  0x00000000   Number         0  bsp_i2c.o ABSOLUTE
    ..\Driver\bsp\bsp_spi.c                  0x00000000   Number         0  bsp_spi.o ABSOLUTE
    ..\Driver\bsp\timer_delay.c              0x00000000   Number         0  timer_delay.o ABSOLUTE
    ..\Driver\bsp\uart_console.c             0x00000000   Number         0  uart_console.o ABSOLUTE
    ..\Driver\fbm320.c                       0x00000000   Number         0  fbm320.o ABSOLUTE
    ..\Driver\motor.c                        0x00000000   Number         0  motor.o ABSOLUTE
    ..\Library\Device\Panchip\PN020Series\Source\ARM\startup_PN020Series.s 0x00000000   Number         0  startup_pn020series.o ABSOLUTE
    ..\Library\Device\Panchip\PN020Series\Source\system_PN020Series.c 0x00000000   Number         0  system_pn020series.o ABSOLUTE
    ..\Library\StdDriver\src\acmp.c          0x00000000   Number         0  acmp.o ABSOLUTE
    ..\Library\StdDriver\src\adc.c           0x00000000   Number         0  adc.o ABSOLUTE
    ..\Library\StdDriver\src\clk.c           0x00000000   Number         0  clk.o ABSOLUTE
    ..\Library\StdDriver\src\fmc.c           0x00000000   Number         0  fmc.o ABSOLUTE
    ..\Library\StdDriver\src\gpio.c          0x00000000   Number         0  gpio.o ABSOLUTE
    ..\Library\StdDriver\src\i2c.c           0x00000000   Number         0  i2c.o ABSOLUTE
    ..\Library\StdDriver\src\pwm.c           0x00000000   Number         0  pwm.o ABSOLUTE
    ..\Library\StdDriver\src\retarget.c      0x00000000   Number         0  retarget.o ABSOLUTE
    ..\Library\StdDriver\src\spi.c           0x00000000   Number         0  spi.o ABSOLUTE
    ..\Library\StdDriver\src\sys.c           0x00000000   Number         0  sys.o ABSOLUTE
    ..\Library\StdDriver\src\timer.c         0x00000000   Number         0  timer.o ABSOLUTE
    ..\Library\StdDriver\src\uart.c          0x00000000   Number         0  uart.o ABSOLUTE
    ..\Library\StdDriver\src\wdt.c           0x00000000   Number         0  wdt.o ABSOLUTE
    ..\Library\StdDriver\src\wwdt.c          0x00000000   Number         0  wwdt.o ABSOLUTE
    ..\RC\rc_channel.c                       0x00000000   Number         0  rc_channel.o ABSOLUTE
    ..\RC\rf.c                               0x00000000   Number         0  rf.o ABSOLUTE
    ..\Scheduler\scheduler.c                 0x00000000   Number         0  scheduler.o ABSOLUTE
    ..\User\common.c                         0x00000000   Number         0  common.o ABSOLUTE
    ..\User\main.c                           0x00000000   Number         0  main.o ABSOLUTE
    ..\\AHRS\\ahrs.c                         0x00000000   Number         0  ahrs.o ABSOLUTE
    ..\\AHRS\\inertial_nav.c                 0x00000000   Number         0  inertial_nav.o ABSOLUTE
    ..\\AHRS\\inertial_sensor.c              0x00000000   Number         0  inertial_sensor.o ABSOLUTE
    ..\\Algorithm\\Algorithm_filter\\Algorithm_filter.c 0x00000000   Number         0  algorithm_filter.o ABSOLUTE
    ..\\Algorithm\\Algorithm_math\\Algorithm_math.c 0x00000000   Number         0  algorithm_math.o ABSOLUTE
    ..\\Algorithm\\Algorithm_pid\\Algorithm_pid.c 0x00000000   Number         0  algorithm_pid.o ABSOLUTE
    ..\\Algorithm\\Algorithm_quaternion\\Algorithm_quaternion.c 0x00000000   Number         0  algorithm_quaternion.o ABSOLUTE
    ..\\Control\\attitude_control.c          0x00000000   Number         0  attitude_control.o ABSOLUTE
    ..\\Control\\flight_mode_control.c       0x00000000   Number         0  flight_mode_control.o ABSOLUTE
    ..\\Control\\motor_control.c             0x00000000   Number         0  motor_control.o ABSOLUTE
    ..\\Control\\position_control.c          0x00000000   Number         0  position_control.o ABSOLUTE
    ..\\Driver\\bmi160.c                     0x00000000   Number         0  bmi160.o ABSOLUTE
    ..\\Driver\\bsp\\adc_det.c               0x00000000   Number         0  adc_det.o ABSOLUTE
    ..\\Driver\\bsp\\bsp_i2c.c               0x00000000   Number         0  bsp_i2c.o ABSOLUTE
    ..\\Driver\\bsp\\bsp_spi.c               0x00000000   Number         0  bsp_spi.o ABSOLUTE
    ..\\Driver\\bsp\\timer_delay.c           0x00000000   Number         0  timer_delay.o ABSOLUTE
    ..\\Driver\\bsp\\uart_console.c          0x00000000   Number         0  uart_console.o ABSOLUTE
    ..\\Driver\\fbm320.c                     0x00000000   Number         0  fbm320.o ABSOLUTE
    ..\\Driver\\motor.c                      0x00000000   Number         0  motor.o ABSOLUTE
    ..\\Library\\Device\\Panchip\\PN020Series\\Source\\system_PN020Series.c 0x00000000   Number         0  system_pn020series.o ABSOLUTE
    ..\\Library\\StdDriver\\src\\acmp.c      0x00000000   Number         0  acmp.o ABSOLUTE
    ..\\Library\\StdDriver\\src\\adc.c       0x00000000   Number         0  adc.o ABSOLUTE
    ..\\Library\\StdDriver\\src\\clk.c       0x00000000   Number         0  clk.o ABSOLUTE
    ..\\Library\\StdDriver\\src\\fmc.c       0x00000000   Number         0  fmc.o ABSOLUTE
    ..\\Library\\StdDriver\\src\\gpio.c      0x00000000   Number         0  gpio.o ABSOLUTE
    ..\\Library\\StdDriver\\src\\i2c.c       0x00000000   Number         0  i2c.o ABSOLUTE
    ..\\Library\\StdDriver\\src\\pwm.c       0x00000000   Number         0  pwm.o ABSOLUTE
    ..\\Library\\StdDriver\\src\\retarget.c  0x00000000   Number         0  retarget.o ABSOLUTE
    ..\\Library\\StdDriver\\src\\spi.c       0x00000000   Number         0  spi.o ABSOLUTE
    ..\\Library\\StdDriver\\src\\sys.c       0x00000000   Number         0  sys.o ABSOLUTE
    ..\\Library\\StdDriver\\src\\timer.c     0x00000000   Number         0  timer.o ABSOLUTE
    ..\\Library\\StdDriver\\src\\uart.c      0x00000000   Number         0  uart.o ABSOLUTE
    ..\\Library\\StdDriver\\src\\wdt.c       0x00000000   Number         0  wdt.o ABSOLUTE
    ..\\Library\\StdDriver\\src\\wwdt.c      0x00000000   Number         0  wwdt.o ABSOLUTE
    ..\\RC\\rc_channel.c                     0x00000000   Number         0  rc_channel.o ABSOLUTE
    ..\\RC\\rf.c                             0x00000000   Number         0  rf.o ABSOLUTE
    ..\\Scheduler\\scheduler.c               0x00000000   Number         0  scheduler.o ABSOLUTE
    ..\\User\\common.c                       0x00000000   Number         0  common.o ABSOLUTE
    ..\\User\\main.c                         0x00000000   Number         0  main.o ABSOLUTE
    cdcmple.s                                0x00000000   Number         0  cdcmple.o ABSOLUTE
    cdrcmple.s                               0x00000000   Number         0  cdrcmple.o ABSOLUTE
    cfcmple.s                                0x00000000   Number         0  cfcmple.o ABSOLUTE
    cfrcmple.s                               0x00000000   Number         0  cfrcmple.o ABSOLUTE
    handlers.s                               0x00000000   Number         0  handlers.o ABSOLUTE
    init.s                                   0x00000000   Number         0  init.o ABSOLUTE
    .ARM.Collect$$$$00000000                 0x000000c0   Section        0  entry.o(.ARM.Collect$$$$00000000)
    .ARM.Collect$$$$00000001                 0x000000c0   Section        4  entry2.o(.ARM.Collect$$$$00000001)
    .ARM.Collect$$$$00000004                 0x000000c4   Section        4  entry5.o(.ARM.Collect$$$$00000004)
    .ARM.Collect$$$$00000008                 0x000000c8   Section        0  entry7b.o(.ARM.Collect$$$$00000008)
    .ARM.Collect$$$$0000000A                 0x000000c8   Section        0  entry8b.o(.ARM.Collect$$$$0000000A)
    .ARM.Collect$$$$0000000B                 0x000000c8   Section        8  entry9a.o(.ARM.Collect$$$$0000000B)
    .ARM.Collect$$$$0000000D                 0x000000d0   Section        0  entry10a.o(.ARM.Collect$$$$0000000D)
    .ARM.Collect$$$$0000000F                 0x000000d0   Section        0  entry11a.o(.ARM.Collect$$$$0000000F)
    .ARM.Collect$$$$00002712                 0x000000d0   Section        4  entry2.o(.ARM.Collect$$$$00002712)
    __lit__00000000                          0x000000d0   Data           4  entry2.o(.ARM.Collect$$$$00002712)
    .emb_text                                0x000000d4   Section       28  retarget.o(.emb_text)
    .text                                    0x000000f0   Section        0  bmi160.o(.text)
    .text                                    0x00000398   Section        0  fbm320.o(.text)
    .text                                    0x00000b90   Section        0  common.o(.text)
    .text                                    0x00000fd8   Section        0  main.o(.text)
    .text                                    0x00000ff8   Section        0  system_pn020series.o(.text)
    .text                                    0x00001064   Section       20  startup_pn020series.o(.text)
    Default_Handler                          0x00001073   Thumb Code     2  startup_pn020series.o(.text)
    .text                                    0x00001078   Section        0  algorithm_filter.o(.text)
    .text                                    0x000012c4   Section        0  algorithm_math.o(.text)
    .text                                    0x00001364   Section        0  algorithm_pid.o(.text)
    .text                                    0x000014bc   Section        0  algorithm_quaternion.o(.text)
    .text                                    0x00001834   Section        0  attitude_control.o(.text)
    .text                                    0x000019e8   Section        0  flight_mode_control.o(.text)
    .text                                    0x00001e40   Section        0  position_control.o(.text)
    .text                                    0x0000245c   Section        0  motor_control.o(.text)
    .text                                    0x00002600   Section        0  scheduler.o(.text)
    .text                                    0x000028ec   Section        0  ahrs.o(.text)
    .text                                    0x00002af4   Section        0  inertial_sensor.o(.text)
    .text                                    0x00002eac   Section        0  inertial_nav.o(.text)
    inertial_filter_correct                  0x00002eb9   Thumb Code   150  inertial_nav.o(.text)
    inertial_filter_predict                  0x00002f4f   Thumb Code   110  inertial_nav.o(.text)
    .text                                    0x000032b4   Section        0  motor.o(.text)
    .text                                    0x000033b4   Section        0  bsp_i2c.o(.text)
    .text                                    0x00003638   Section        0  uart_console.o(.text)
    .text                                    0x00003640   Section        0  bsp_spi.o(.text)
    .text                                    0x000036f4   Section        0  adc_det.o(.text)
    .text                                    0x000037b4   Section        0  adc.o(.text)
    .text                                    0x000037ec   Section        0  clk.o(.text)
    .text                                    0x000038d0   Section        0  i2c.o(.text)
    .text                                    0x00003908   Section        0  pwm.o(.text)
    .text                                    0x00003a44   Section        0  retarget.o(.text)
    __tagsym$$used                           0x00003a8b   Number         0  retarget.o(.text)
    .text                                    0x00003b34   Section        0  spi.o(.text)
    .text                                    0x00003b94   Section        0  timer.o(.text)
    .text                                    0x00003d18   Section        0  uart.o(.text)
    .text                                    0x00003d48   Section        0  rc_channel.o(.text)
    switch_event_trigger                     0x00003f39   Thumb Code   390  rc_channel.o(.text)
    .text                                    0x00004570   Section        0  rf.o(.text)
    .text                                    0x000046ec   Section        0  uidiv.o(.text)
    .text                                    0x00004718   Section        0  idiv.o(.text)
    .text                                    0x00004740   Section        0  memseta.o(.text)
    .text                                    0x00004764   Section        0  fadd.o(.text)
    .text                                    0x00004816   Section        0  fmul.o(.text)
    .text                                    0x00004890   Section        0  fdiv.o(.text)
    .text                                    0x0000490c   Section        0  fscalb.o(.text)
    .text                                    0x00004924   Section        0  dadd.o(.text)
    .text                                    0x00004a88   Section        0  dmul.o(.text)
    .text                                    0x00004b58   Section        0  ddiv.o(.text)
    .text                                    0x00004c48   Section        0  dscalb.o(.text)
    .text                                    0x00004c74   Section        0  fflti.o(.text)
    .text                                    0x00004c8a   Section        0  ffltui.o(.text)
    .text                                    0x00004c98   Section        0  dflti.o(.text)
    .text                                    0x00004cc0   Section        0  dfltui.o(.text)
    .text                                    0x00004cdc   Section        0  ffixi.o(.text)
    .text                                    0x00004d0e   Section        0  ffixui.o(.text)
    .text                                    0x00004d36   Section        0  f2d.o(.text)
    .text                                    0x00004d60   Section       40  cdcmple.o(.text)
    .text                                    0x00004d88   Section        0  d2f.o(.text)
    .text                                    0x00004dc0   Section       20  cfcmple.o(.text)
    .text                                    0x00004dd4   Section       20  cfrcmple.o(.text)
    .text                                    0x00004de8   Section        0  uldiv.o(.text)
    .text                                    0x00004e48   Section        0  llshl.o(.text)
    .text                                    0x00004e68   Section        0  llsshr.o(.text)
    .text                                    0x00004e8e   Section        0  fepilogue.o(.text)
    .text                                    0x00004e8e   Section        0  iusefp.o(.text)
    .text                                    0x00004f10   Section        0  fsqrt.o(.text)
    .text                                    0x00004f68   Section        0  frnd.o(.text)
    .text                                    0x00004fa6   Section        0  depilogue.o(.text)
    .text                                    0x00005064   Section        0  dsqrt.o(.text)
    .text                                    0x00005108   Section        0  dcmp4.o(.text)
    .text                                    0x00005168   Section       36  init.o(.text)
    .text                                    0x0000518c   Section        0  llushr.o(.text)
    .text                                    0x000051b0   Section        0  dfixi.o(.text)
    i.SPI_RW                                 0x000051f8   Section        0  bsp_spi.o(i.SPI_RW)
    i.__0printf$5                            0x00005218   Section        0  printf5.o(i.__0printf$5)
    i.__ARM_clz                              0x00005238   Section        0  depilogue.o(i.__ARM_clz)
    i.__ARM_common_ll_muluu                  0x00005266   Section        0  rred.o(i.__ARM_common_ll_muluu)
    i.__ARM_common_switch8                   0x00005298   Section        0  flight_mode_control.o(i.__ARM_common_switch8)
    i.__ARM_fpclassify                       0x000052b4   Section        0  fpclassify.o(i.__ARM_fpclassify)
    i.__ARM_fpclassifyf                      0x000052e0   Section        0  fpclassifyf.o(i.__ARM_fpclassifyf)
    i.__ARM_isfinitef                        0x00005302   Section        0  inertial_nav.o(i.__ARM_isfinitef)
    i.__ieee754_rem_pio2                     0x00005314   Section        0  rred.o(i.__ieee754_rem_pio2)
    i.__kernel_cos                           0x000056b0   Section        0  cos_i.o(i.__kernel_cos)
    i.__kernel_poly                          0x000057a4   Section        0  poly.o(i.__kernel_poly)
    i.__kernel_sin                           0x00005850   Section        0  sin_i.o(i.__kernel_sin)
    i.__mathlib_dbl_infnan                   0x0000593c   Section        0  dunder.o(i.__mathlib_dbl_infnan)
    i.__mathlib_dbl_invalid                  0x00005946   Section        0  dunder.o(i.__mathlib_dbl_invalid)
    i.__mathlib_dbl_underflow                0x00005958   Section        0  dunder.o(i.__mathlib_dbl_underflow)
    i.__mathlib_flt_infnan                   0x0000596c   Section        0  funder.o(i.__mathlib_flt_infnan)
    i.__mathlib_flt_infnan2                  0x00005976   Section        0  funder.o(i.__mathlib_flt_infnan2)
    i.__mathlib_flt_invalid                  0x0000597e   Section        0  funder.o(i.__mathlib_flt_invalid)
    i.__mathlib_flt_underflow                0x0000598a   Section        0  funder.o(i.__mathlib_flt_underflow)
    i.__mathlib_rredf2                       0x00005998   Section        0  rredf.o(i.__mathlib_rredf2)
    i.__scatterload_copy                     0x00005b18   Section       14  handlers.o(i.__scatterload_copy)
    i.__scatterload_null                     0x00005b26   Section        2  handlers.o(i.__scatterload_null)
    i.__scatterload_zeroinit                 0x00005b28   Section       14  handlers.o(i.__scatterload_zeroinit)
    i.__set_errno                            0x00005b38   Section        0  errno.o(i.__set_errno)
    i._printf_core                           0x00005b44   Section        0  printf5.o(i._printf_core)
    _printf_core                             0x00005b45   Thumb Code   688  printf5.o(i._printf_core)
    i.asinf                                  0x00005e20   Section        0  asinf.o(i.asinf)
    i.atan2f                                 0x00005f38   Section        0  atan2f.o(i.atan2f)
    i.atanf                                  0x00006194   Section        0  atanf.o(i.atanf)
    i.cos                                    0x000062f4   Section        0  cos.o(i.cos)
    i.cosf                                   0x0000638c   Section        0  cosf.o(i.cosf)
    i.fmax                                   0x00006504   Section        0  fmax.o(i.fmax)
    i.sinf                                   0x00006540   Section        0  sinf.o(i.sinf)
    i.sqrt                                   0x000066c4   Section        0  sqrt.o(i.sqrt)
    i.sqrtf                                  0x0000670c   Section        0  sqrtf.o(i.sqrtf)
    i.tanf                                   0x00006738   Section        0  tanf.o(i.tanf)
    .constdata                               0x000068a8   Section        5  rf.o(.constdata)
    .constdata                               0x000068b0   Section       48  cos_i.o(.constdata)
    C                                        0x000068b0   Data          48  cos_i.o(.constdata)
    .constdata                               0x000068e0   Section      200  rred.o(.constdata)
    pio2s                                    0x000068e0   Data          48  rred.o(.constdata)
    twooverpi                                0x00006910   Data         152  rred.o(.constdata)
    .constdata                               0x000069a8   Section       32  rredf.o(.constdata)
    twooverpi                                0x000069a8   Data          32  rredf.o(.constdata)
    .constdata                               0x000069c8   Section       40  sin_i.o(.constdata)
    S                                        0x000069c8   Data          40  sin_i.o(.constdata)
    .conststring                             0x000069f0   Section       69  motor.o(.conststring)
    .data                                    0x20000000   Section        8  bmi160.o(.data)
    .data                                    0x20000008   Section       12  fbm320.o(.data)
    baro_initialize                          0x20000009   Data           1  fbm320.o(.data)
    timer_count                              0x2000000a   Data           2  fbm320.o(.data)
    init_time                                0x2000000c   Data           4  fbm320.o(.data)
    new_alt                                  0x20000010   Data           4  fbm320.o(.data)
    .data                                    0x20000014   Section        4  common.o(.data)
    milli_ticker                             0x20000014   Data           4  common.o(.data)
    .data                                    0x20000018   Section       12  system_pn020series.o(.data)
    .data                                    0x20000024   Section       32  flight_mode_control.o(.data)
    timestamp                                0x20000028   Data           4  flight_mode_control.o(.data)
    timestamp                                0x2000002c   Data           4  flight_mode_control.o(.data)
    .data                                    0x20000044   Section       40  position_control.o(.data)
    last_vel_error                           0x20000064   Data           4  position_control.o(.data)
    timestamp                                0x20000068   Data           4  position_control.o(.data)
    .data                                    0x2000006c   Section        8  motor_control.o(.data)
    old_desired_throttle                     0x20000070   Data           4  motor_control.o(.data)
    .data                                    0x20000074   Section       24  scheduler.o(.data)
    count_1Hz                                0x20000074   Data           2  scheduler.o(.data)
    count_5Hz                                0x20000076   Data           2  scheduler.o(.data)
    count_10Hz                               0x20000078   Data           2  scheduler.o(.data)
    count_20Hz                               0x2000007a   Data           2  scheduler.o(.data)
    count_50Hz                               0x2000007c   Data           2  scheduler.o(.data)
    count_80Hz                               0x2000007e   Data           2  scheduler.o(.data)
    count_200Hz                              0x20000080   Data           2  scheduler.o(.data)
    count_main_loop                          0x20000082   Data           2  scheduler.o(.data)
    main_isr_ticker                          0x20000084   Data           4  scheduler.o(.data)
    loop_tick                                0x20000088   Data           4  scheduler.o(.data)
    .data                                    0x2000008c   Section       76  ahrs.o(.data)
    timestamp                                0x200000a0   Data           4  ahrs.o(.data)
    .data                                    0x200000d8   Section        1  inertial_sensor.o(.data)
    over_flag                                0x200000d8   Data           1  inertial_sensor.o(.data)
    .data                                    0x200000dc   Section       36  inertial_nav.o(.data)
    position_z_init                          0x200000dc   Data           1  inertial_nav.o(.data)
    timestamp                                0x200000ec   Data           4  inertial_nav.o(.data)
    baro_offset                              0x200000f0   Data           4  inertial_nav.o(.data)
    .data                                    0x20000100   Section        4  motor.o(.data)
    .data                                    0x20000104   Section        4  adc_det.o(.data)
    .data                                    0x20000108   Section        4  retarget.o(.data)
    .data                                    0x2000010c   Section       28  rc_channel.o(.data)
    buf_index                                0x2000010c   Data           1  rc_channel.o(.data)
    check_times                              0x2000010d   Data           1  rc_channel.o(.data)
    idle_tick                                0x2000010e   Data           1  rc_channel.o(.data)
    timestamp                                0x20000114   Data           4  rc_channel.o(.data)
    switch_on_tick                           0x20000120   Data           8  rc_channel.o(.data)
    .data                                    0x20000128   Section        4  errno.o(.data)
    _errno                                   0x20000128   Data           4  errno.o(.data)
    .bss                                     0x2000012c   Section      100  fbm320.o(.bss)
    fbm320_alt_filter                        0x2000012c   Data          44  fbm320.o(.bss)
    .bss                                     0x20000190   Section       16  common.o(.bss)
    .bss                                     0x200001a0   Section      876  attitude_control.o(.bss)
    .bss                                     0x2000050c   Section       28  flight_mode_control.o(.bss)
    .bss                                     0x20000528   Section      108  position_control.o(.bss)
    .bss                                     0x20000594   Section       28  motor_control.o(.bss)
    .bss                                     0x200005b0   Section        9  scheduler.o(.bss)
    .bss                                     0x200005bc   Section       60  ahrs.o(.bss)
    .bss                                     0x200005f8   Section      296  inertial_sensor.o(.bss)
    .bss                                     0x20000720   Section      144  inertial_nav.o(.bss)
    filter_arr                               0x20000768   Data          60  inertial_nav.o(.bss)
    .bss                                     0x200007b0   Section       16  motor.o(.bss)
    .bss                                     0x200007c0   Section       20  adc_det.o(.bss)
    .bss                                     0x200007d4   Section       66  rc_channel.o(.bss)

    Global Symbols

    Symbol Name                              Value     Ov Type        Size  Object(Section)

    BuildAttributes$$THM_ISAv3M$S$PE$A:L22$X:L11$S22$IEEE1$IW$USESV6$~STKCKD$USESV7$~SHL$OTIME$ROPI$IEEEX$EBA8$MICROLIB$REQ8$PRES8$EABIv2 0x00000000   Number         0  anon$$obj.o ABSOLUTE
    __ARM_use_no_argv                        0x00000000   Number         0  main.o ABSOLUTE
    __Vectors                                0x00000000   Data           4  startup_pn020series.o(RESET)
    _printf_a                                0x00000000   Number         0  stubs.o ABSOLUTE
    _printf_c                                0x00000000   Number         0  stubs.o ABSOLUTE
    _printf_charcount                        0x00000000   Number         0  stubs.o ABSOLUTE
    _printf_d                                0x00000000   Number         0  stubs.o ABSOLUTE
    _printf_e                                0x00000000   Number         0  stubs.o ABSOLUTE
    _printf_f                                0x00000000   Number         0  stubs.o ABSOLUTE
    _printf_flags                            0x00000000   Number         0  stubs.o ABSOLUTE
    _printf_fp_dec                           0x00000000   Number         0  stubs.o ABSOLUTE
    _printf_fp_hex                           0x00000000   Number         0  stubs.o ABSOLUTE
    _printf_g                                0x00000000   Number         0  stubs.o ABSOLUTE
    _printf_i                                0x00000000   Number         0  stubs.o ABSOLUTE
    _printf_int_dec                          0x00000000   Number         0  stubs.o ABSOLUTE
    _printf_l                                0x00000000   Number         0  stubs.o ABSOLUTE
    _printf_lc                               0x00000000   Number         0  stubs.o ABSOLUTE
    _printf_ll                               0x00000000   Number         0  stubs.o ABSOLUTE
    _printf_lld                              0x00000000   Number         0  stubs.o ABSOLUTE
    _printf_lli                              0x00000000   Number         0  stubs.o ABSOLUTE
    _printf_llo                              0x00000000   Number         0  stubs.o ABSOLUTE
    _printf_llu                              0x00000000   Number         0  stubs.o ABSOLUTE
    _printf_llx                              0x00000000   Number         0  stubs.o ABSOLUTE
    _printf_longlong_dec                     0x00000000   Number         0  stubs.o ABSOLUTE
    _printf_longlong_hex                     0x00000000   Number         0  stubs.o ABSOLUTE
    _printf_longlong_oct                     0x00000000   Number         0  stubs.o ABSOLUTE
    _printf_ls                               0x00000000   Number         0  stubs.o ABSOLUTE
    _printf_mbtowc                           0x00000000   Number         0  stubs.o ABSOLUTE
    _printf_n                                0x00000000   Number         0  stubs.o ABSOLUTE
    _printf_o                                0x00000000   Number         0  stubs.o ABSOLUTE
    _printf_p                                0x00000000   Number         0  stubs.o ABSOLUTE
    _printf_percent                          0x00000000   Number         0  stubs.o ABSOLUTE
    _printf_pre_padding                      0x00000000   Number         0  stubs.o ABSOLUTE
    _printf_return_value                     0x00000000   Number         0  stubs.o ABSOLUTE
    _printf_s                                0x00000000   Number         0  stubs.o ABSOLUTE
    _printf_sizespec                         0x00000000   Number         0  stubs.o ABSOLUTE
    _printf_str                              0x00000000   Number         0  stubs.o ABSOLUTE
    _printf_truncate_signed                  0x00000000   Number         0  stubs.o ABSOLUTE
    _printf_truncate_unsigned                0x00000000   Number         0  stubs.o ABSOLUTE
    _printf_u                                0x00000000   Number         0  stubs.o ABSOLUTE
    _printf_wc                               0x00000000   Number         0  stubs.o ABSOLUTE
    _printf_wctomb                           0x00000000   Number         0  stubs.o ABSOLUTE
    _printf_widthprec                        0x00000000   Number         0  stubs.o ABSOLUTE
    _printf_x                                0x00000000   Number         0  stubs.o ABSOLUTE
    __cpp_initialize__aeabi_                  - Undefined Weak Reference
    __cxa_finalize                            - Undefined Weak Reference
    __decompress                              - Undefined Weak Reference
    _clock_init                               - Undefined Weak Reference
    _microlib_exit                            - Undefined Weak Reference
    __main                                   0x000000c1   Thumb Code     0  entry.o(.ARM.Collect$$$$00000000)
    _main_stk                                0x000000c1   Thumb Code     0  entry2.o(.ARM.Collect$$$$00000001)
    _main_scatterload                        0x000000c5   Thumb Code     0  entry5.o(.ARM.Collect$$$$00000004)
    __main_after_scatterload                 0x000000c9   Thumb Code     0  entry5.o(.ARM.Collect$$$$00000004)
    _main_clock                              0x000000c9   Thumb Code     0  entry7b.o(.ARM.Collect$$$$00000008)
    _main_cpp_init                           0x000000c9   Thumb Code     0  entry8b.o(.ARM.Collect$$$$0000000A)
    _main_init                               0x000000c9   Thumb Code     0  entry9a.o(.ARM.Collect$$$$0000000B)
    __rt_final_cpp                           0x000000d1   Thumb Code     0  entry10a.o(.ARM.Collect$$$$0000000D)
    __rt_final_exit                          0x000000d1   Thumb Code     0  entry11a.o(.ARM.Collect$$$$0000000F)
    HardFault_Handler                        0x000000d5   Thumb Code    24  retarget.o(.emb_text)
    configure_fifo                           0x000000f1   Thumb Code    36  bmi160.o(.text)
    configure_gyro                           0x00000115   Thumb Code    54  bmi160.o(.text)
    configure_accel                          0x0000014b   Thumb Code    54  bmi160.o(.text)
    bmi160_init                              0x00000181   Thumb Code   126  bmi160.o(.text)
    read_fifo                                0x000001ff   Thumb Code   378  bmi160.o(.text)
    bmi160_read_raw                          0x00000379   Thumb Code     2  bmi160.o(.text)
    calculate                                0x00000399   Thumb Code   704  fbm320.o(.text)
    fbm320_read_long_data                    0x00000659   Thumb Code    34  fbm320.o(.text)
    coefficient                              0x0000067b   Thumb Code   404  fbm320.o(.text)
    fbm320_init                              0x0000080f   Thumb Code   124  fbm320.o(.text)
    abs_altitude                             0x0000088b   Thumb Code   304  fbm320.o(.text)
    fbm320_timer_procedure                   0x000009bb   Thumb Code   238  fbm320.o(.text)
    system_init                              0x00000b91   Thumb Code   296  common.o(.text)
    param_load                               0x00000cb9   Thumb Code   218  common.o(.text)
    peripheral_init                          0x00000d93   Thumb Code    94  common.o(.text)
    fc_status_reset                          0x00000df1   Thumb Code    44  common.o(.text)
    set_land_complete                        0x00000e1d   Thumb Code    34  common.o(.text)
    set_radio_lost                           0x00000e3f   Thumb Code    22  common.o(.text)
    systick_config                           0x00000e55   Thumb Code    48  common.o(.text)
    SysTick_Handler                          0x00000e85   Thumb Code    18  common.o(.text)
    sys_micro                                0x00000e97   Thumb Code    28  common.o(.text)
    sys_milli                                0x00000eb3   Thumb Code     6  common.o(.text)
    main                                     0x00000fd9   Thumb Code    28  main.o(.text)
    SystemCoreClockUpdate                    0x00000ff9   Thumb Code    82  system_pn020series.o(.text)
    Reset_Handler                            0x00001065   Thumb Code     4  startup_pn020series.o(.text)
    NMI_Handler                              0x00001069   Thumb Code     2  startup_pn020series.o(.text)
    SVC_Handler                              0x0000106d   Thumb Code     2  startup_pn020series.o(.text)
    PendSV_Handler                           0x0000106f   Thumb Code     2  startup_pn020series.o(.text)
    ACMP_IRQHandler                          0x00001073   Thumb Code     0  startup_pn020series.o(.text)
    BOD_IRQHandler                           0x00001073   Thumb Code     0  startup_pn020series.o(.text)
    EINT0_IRQHandler                         0x00001073   Thumb Code     0  startup_pn020series.o(.text)
    EINT1_IRQHandler                         0x00001073   Thumb Code     0  startup_pn020series.o(.text)
    EINT2_IRQHandler                         0x00001073   Thumb Code     0  startup_pn020series.o(.text)
    FB_IRQHandler                            0x00001073   Thumb Code     0  startup_pn020series.o(.text)
    GPIO01_IRQHandler                        0x00001073   Thumb Code     0  startup_pn020series.o(.text)
    GPIO234_IRQHandler                       0x00001073   Thumb Code     0  startup_pn020series.o(.text)
    GPIO5_IRQHandler                         0x00001073   Thumb Code     0  startup_pn020series.o(.text)
    HIRC_IRQHandler                          0x00001073   Thumb Code     0  startup_pn020series.o(.text)
    I2C0_IRQHandler                          0x00001073   Thumb Code     0  startup_pn020series.o(.text)
    I2C1_IRQHandler                          0x00001073   Thumb Code     0  startup_pn020series.o(.text)
    PDWU_IRQHandler                          0x00001073   Thumb Code     0  startup_pn020series.o(.text)
    PWM_IRQHandler                           0x00001073   Thumb Code     0  startup_pn020series.o(.text)
    SPI0_IRQHandler                          0x00001073   Thumb Code     0  startup_pn020series.o(.text)
    SPI1_IRQHandler                          0x00001073   Thumb Code     0  startup_pn020series.o(.text)
    TMR0_IRQHandler                          0x00001073   Thumb Code     0  startup_pn020series.o(.text)
    TMR2_IRQHandler                          0x00001073   Thumb Code     0  startup_pn020series.o(.text)
    UART0_IRQHandler                         0x00001073   Thumb Code     0  startup_pn020series.o(.text)
    UART1_IRQHandler                         0x00001073   Thumb Code     0  startup_pn020series.o(.text)
    WDT_IRQHandler                           0x00001073   Thumb Code     0  startup_pn020series.o(.text)
    LPF2pSetCutoffFreq                       0x00001079   Thumb Code   180  algorithm_filter.o(.text)
    LPF2pApply                               0x0000112d   Thumb Code   140  algorithm_filter.o(.text)
    LPF_1st                                  0x000011b9   Thumb Code    40  algorithm_filter.o(.text)
    Moving_Average                           0x000011e1   Thumb Code   220  algorithm_filter.o(.text)
    Q_rsqrt                                  0x000012c5   Thumb Code    50  algorithm_math.o(.text)
    VariableParameter                        0x000012f7   Thumb Code     6  algorithm_math.o(.text)
    Rad                                      0x000012fd   Thumb Code    26  algorithm_math.o(.text)
    Degree                                   0x00001317   Thumb Code    26  algorithm_math.o(.text)
    constrain_float                          0x00001331   Thumb Code    38  algorithm_math.o(.text)
    set_pid_filt_hz                          0x00001365   Thumb Code    28  algorithm_pid.o(.text)
    set_pid_param                            0x00001381   Thumb Code    30  algorithm_pid.o(.text)
    set_pid_param_p                          0x0000139f   Thumb Code     4  algorithm_pid.o(.text)
    set_pid_param_i                          0x000013a3   Thumb Code     8  algorithm_pid.o(.text)
    set_pid_param_d                          0x000013ab   Thumb Code     8  algorithm_pid.o(.text)
    get_pd_output                            0x000013b3   Thumb Code    26  algorithm_pid.o(.text)
    get_filt_alpha                           0x000013cd   Thumb Code    52  algorithm_pid.o(.text)
    set_pid_input                            0x00001401   Thumb Code    68  algorithm_pid.o(.text)
    get_i_output                             0x00001445   Thumb Code    86  algorithm_pid.o(.text)
    reset_pid_I                              0x0000149b   Thumb Code     6  algorithm_pid.o(.text)
    reset_pid_D                              0x000014a1   Thumb Code     6  algorithm_pid.o(.text)
    get_integrator                           0x000014a7   Thumb Code     4  algorithm_pid.o(.text)
    Quaternion_vectorGravity                 0x000014bd   Thumb Code   118  algorithm_quaternion.o(.text)
    Quaternion_ToMatrix                      0x00001533   Thumb Code   374  algorithm_quaternion.o(.text)
    Quaternion_ToAngE                        0x000016a9   Thumb Code    48  algorithm_quaternion.o(.text)
    Quaternion_Normalize                     0x000016d9   Thumb Code   108  algorithm_quaternion.o(.text)
    Quaternion_RungeKutta                    0x00001745   Thumb Code   240  algorithm_quaternion.o(.text)
    axis_target_pid_cal                      0x00001835   Thumb Code    72  attitude_control.o(.text)
    attitude_angle_rate_controller           0x0000187d   Thumb Code    76  attitude_control.o(.text)
    attitude_angle_euler_controller          0x000018c9   Thumb Code    84  attitude_control.o(.text)
    get_throttle_boosted                     0x0000191d   Thumb Code   112  attitude_control.o(.text)
    attitude_throttle_controller             0x0000198d   Thumb Code    20  attitude_control.o(.text)
    reset_rate_controller                    0x000019a1   Thumb Code    48  attitude_control.o(.text)
    exit_mode                                0x000019e9   Thumb Code     2  flight_mode_control.o(.text)
    acro_init                                0x000019eb   Thumb Code    30  flight_mode_control.o(.text)
    takeoff_stop                             0x00001a09   Thumb Code    10  flight_mode_control.o(.text)
    althold_init                             0x00001a13   Thumb Code    90  flight_mode_control.o(.text)
    stabilize_init                           0x00001a6d   Thumb Code    26  flight_mode_control.o(.text)
    set_flight_mode                          0x00001a87   Thumb Code    86  flight_mode_control.o(.text)
    update_simple_mode                       0x00001add   Thumb Code   204  flight_mode_control.o(.text)
    acro_run                                 0x00001ba9   Thumb Code    92  flight_mode_control.o(.text)
    get_smoothing_gain                       0x00001c05   Thumb Code     6  flight_mode_control.o(.text)
    althold_run                              0x00001c0b   Thumb Code   360  flight_mode_control.o(.text)
    stabilize_run                            0x00001d73   Thumb Code   166  flight_mode_control.o(.text)
    update_flight_mode                       0x00001e19   Thumb Code    36  flight_mode_control.o(.text)
    accel_to_throttle                        0x00001e41   Thumb Code   212  position_control.o(.text)
    rate_to_accel_z                          0x00001f15   Thumb Code   198  position_control.o(.text)
    pos_to_rate_z                            0x00001fdb   Thumb Code   214  position_control.o(.text)
    calc_leash_length                        0x000020b1   Thumb Code   114  position_control.o(.text)
    calc_leash_length_z                      0x00002123   Thumb Code    56  position_control.o(.text)
    position_z_controller                    0x0000215b   Thumb Code    58  position_control.o(.text)
    set_alt_target_from_climb_rate_ff        0x00002195   Thumb Code   442  position_control.o(.text)
    relax_alt_controller                     0x0000234f   Thumb Code    88  position_control.o(.text)
    set_speed_z                              0x000023a7   Thumb Code    74  position_control.o(.text)
    set_accel_z                              0x000023f1   Thumb Code    46  position_control.o(.text)
    is_active_z                              0x0000241f   Thumb Code    26  position_control.o(.text)
    set_alt_target_to_current_alt            0x00002439   Thumb Code    12  position_control.o(.text)
    set_desired_vel_z                        0x00002445   Thumb Code     6  position_control.o(.text)
    motor_logic                              0x0000245d   Thumb Code   186  motor_control.o(.text)
    motors_output                            0x00002517   Thumb Code    36  motor_control.o(.text)
    set_motor_roll                           0x0000253b   Thumb Code     6  motor_control.o(.text)
    set_motor_pitch                          0x00002541   Thumb Code     6  motor_control.o(.text)
    set_motor_yaw                            0x00002547   Thumb Code     6  motor_control.o(.text)
    set_motor_throttle                       0x0000254d   Thumb Code     8  motor_control.o(.text)
    set_motor_state                          0x00002555   Thumb Code    12  motor_control.o(.text)
    get_throttle_hover                       0x00002561   Thumb Code    96  motor_control.o(.text)
    scheduler_init                           0x00002601   Thumb Code   106  scheduler.o(.text)
    time_slice                               0x0000266b   Thumb Code   164  scheduler.o(.text)
    TMR1_IRQHandler                          0x0000270f   Thumb Code    32  scheduler.o(.text)
    sched_1Hzloop                            0x0000272f   Thumb Code    14  scheduler.o(.text)
    sched_10Hzloop                           0x0000273d   Thumb Code    20  scheduler.o(.text)
    sched_20Hzloop                           0x00002751   Thumb Code   196  scheduler.o(.text)
    sched_50Hzloop                           0x00002815   Thumb Code    20  scheduler.o(.text)
    sched_80Hzloop                           0x00002829   Thumb Code    20  scheduler.o(.text)
    low_priority_loop                        0x0000283d   Thumb Code    24  scheduler.o(.text)
    fast_loop                                0x00002855   Thumb Code    58  scheduler.o(.text)
    scheduler_run                            0x0000288f   Thumb Code    12  scheduler.o(.text)
    AHRS_GetQ                                0x000028ed   Thumb Code   424  ahrs.o(.text)
    AHRS_Update                              0x00002a95   Thumb Code    80  ahrs.o(.text)
    accel_calibration                        0x00002af5   Thumb Code   168  inertial_sensor.o(.text)
    gyro_caloffest                           0x00002b9d   Thumb Code    64  inertial_sensor.o(.text)
    gyro_calibration                         0x00002bdd   Thumb Code   284  inertial_sensor.o(.text)
    inertial_sensor_init                     0x00002cf9   Thumb Code   112  inertial_sensor.o(.text)
    inertial_sensor_read                     0x00002d69   Thumb Code   230  inertial_sensor.o(.text)
    get_inertial_vel                         0x00002e4f   Thumb Code    34  inertial_sensor.o(.text)
    inertial_nav_init                        0x00002ead   Thumb Code    12  inertial_nav.o(.text)
    position_z_update                        0x00002fbd   Thumb Code   520  inertial_nav.o(.text)
    inertial_nav_update                      0x000031c5   Thumb Code     2  inertial_nav.o(.text)
    update_home_pos                          0x000031c7   Thumb Code    62  inertial_nav.o(.text)
    get_inav_alt                             0x00003205   Thumb Code    16  inertial_nav.o(.text)
    get_inav_velocity                        0x00003215   Thumb Code    48  inertial_nav.o(.text)
    get_inav_accel                           0x00003245   Thumb Code    48  inertial_nav.o(.text)
    motor_init                               0x000032b5   Thumb Code   128  motor.o(.text)
    motor_update                             0x00003335   Thumb Code    74  motor.o(.text)
    motor_stop                               0x0000337f   Thumb Code    36  motor.o(.text)
    I2C_Init                                 0x000033b5   Thumb Code     8  bsp_i2c.o(.text)
    I2C_WriteByte                            0x000033bd   Thumb Code   150  bsp_i2c.o(.text)
    I2C_ReadByte                             0x00003453   Thumb Code   224  bsp_i2c.o(.text)
    I2C_SequentialRead                       0x00003533   Thumb Code   226  bsp_i2c.o(.text)
    uart_console_init                        0x00003639   Thumb Code     8  uart_console.o(.text)
    SPI1_Init                                0x00003641   Thumb Code    28  bsp_spi.o(.text)
    SPI_WriteReg                             0x0000365d   Thumb Code    26  bsp_spi.o(.text)
    SPI_WriteBuf                             0x00003677   Thumb Code    42  bsp_spi.o(.text)
    SPI_ReadReg                              0x000036a1   Thumb Code    24  bsp_spi.o(.text)
    SPI_ReadBuf                              0x000036b9   Thumb Code    42  bsp_spi.o(.text)
    adc_init                                 0x000036f5   Thumb Code    40  adc_det.o(.text)
    adc_convert                              0x0000371d   Thumb Code    20  adc_det.o(.text)
    get_battery_vol                          0x00003731   Thumb Code    22  adc_det.o(.text)
    motor_pwm_detect                         0x00003747   Thumb Code    38  adc_det.o(.text)
    ADC_IRQHandler                           0x0000376d   Thumb Code    44  adc_det.o(.text)
    ADC_Open                                 0x000037b5   Thumb Code    14  adc.o(.text)
    ADC_EnableInt                            0x000037c3   Thumb Code    38  adc.o(.text)
    CLK_GetHCLKFreq                          0x000037ed   Thumb Code    12  clk.o(.text)
    CLK_SetModuleClock                       0x000037f9   Thumb Code    38  clk.o(.text)
    CLK_EnableModuleClock                    0x0000381f   Thumb Code    26  clk.o(.text)
    CLK_SysTickDelay                         0x00003839   Thumb Code    28  clk.o(.text)
    CLK_InitHIRC                             0x00003855   Thumb Code   100  clk.o(.text)
    I2C_Open                                 0x000038d1   Thumb Code    50  i2c.o(.text)
    PWM_ConfigOutputChannel                  0x00003909   Thumb Code   252  pwm.o(.text)
    PWM_Start                                0x00003a05   Thumb Code    40  pwm.o(.text)
    PWM_EnableOutput                         0x00003a2d   Thumb Code    12  pwm.o(.text)
    stackDump                                0x00003a45   Thumb Code    70  retarget.o(.text)
    Hard_Fault_Handler                       0x00003a8b   Thumb Code    16  retarget.o(.text)
    SendChar_ToUART                          0x00003a9b   Thumb Code    12  retarget.o(.text)
    SendChar                                 0x00003aa7   Thumb Code     2  retarget.o(.text)
    fputc                                    0x00003aa9   Thumb Code    14  retarget.o(.text)
    SPI_SetBusClock                          0x00003b35   Thumb Code    68  spi.o(.text)
    SPI_Open                                 0x00003b79   Thumb Code    24  spi.o(.text)
    TIMER_GetModuleClock                     0x00003b95   Thumb Code    84  timer.o(.text)
    TIMER_Open                               0x00003be9   Thumb Code    96  timer.o(.text)
    TIMER_Delay                              0x00003c49   Thumb Code   184  timer.o(.text)
    UART_Open                                0x00003d19   Thumb Code    42  uart.o(.text)
    set_rc_channel_reversed                  0x00003d49   Thumb Code     4  rc_channel.o(.text)
    set_rc_channel_deadzone                  0x00003d4d   Thumb Code     4  rc_channel.o(.text)
    set_rc_channel_neutral                   0x00003d51   Thumb Code     4  rc_channel.o(.text)
    set_rc_channel_min                       0x00003d55   Thumb Code     4  rc_channel.o(.text)
    set_rc_channel_max                       0x00003d59   Thumb Code     4  rc_channel.o(.text)
    setting_rc_channel_all                   0x00003d5d   Thumb Code    98  rc_channel.o(.text)
    set_roll_code                            0x00003dbf   Thumb Code    32  rc_channel.o(.text)
    auto_code_matching                       0x00003ddf   Thumb Code    58  rc_channel.o(.text)
    rc_channel_init                          0x00003e19   Thumb Code    46  rc_channel.o(.text)
    rc_channel_read                          0x00003e47   Thumb Code   242  rc_channel.o(.text)
    switch_handle                            0x000040bf   Thumb Code    62  rc_channel.o(.text)
    norm_input_dz                            0x000040fd   Thumb Code   300  rc_channel.o(.text)
    channel_input_to_target                  0x00004229   Thumb Code    16  rc_channel.o(.text)
    get_desired_leans_angles                 0x00004239   Thumb Code   186  rc_channel.o(.text)
    get_desired_throttle_expo                0x000042f3   Thumb Code   116  rc_channel.o(.text)
    get_desired_climb_rate                   0x00004367   Thumb Code   130  rc_channel.o(.text)
    check_motor_armed                        0x000043e9   Thumb Code   264  rc_channel.o(.text)
    check_throttle_is_safe                   0x000044f1   Thumb Code    42  rc_channel.o(.text)
    RF_RxMode                                0x00004571   Thumb Code    38  rf.o(.text)
    ucRF_GetStatus                           0x00004597   Thumb Code    14  rf.o(.text)
    RF_ClearStatus                           0x000045a5   Thumb Code    12  rf.o(.text)
    RF_ClearFIFO                             0x000045b1   Thumb Code    20  rf.o(.text)
    ucRF_DumpRxData                          0x000045c5   Thumb Code    56  rf.o(.text)
    RF_Init                                  0x000045fd   Thumb Code   202  rf.o(.text)
    __aeabi_uidiv                            0x000046ed   Thumb Code     0  uidiv.o(.text)
    __aeabi_uidivmod                         0x000046ed   Thumb Code    44  uidiv.o(.text)
    __aeabi_idiv                             0x00004719   Thumb Code     0  idiv.o(.text)
    __aeabi_idivmod                          0x00004719   Thumb Code    40  idiv.o(.text)
    __aeabi_memset                           0x00004741   Thumb Code    14  memseta.o(.text)
    __aeabi_memset4                          0x00004741   Thumb Code     0  memseta.o(.text)
    __aeabi_memset8                          0x00004741   Thumb Code     0  memseta.o(.text)
    __aeabi_memclr                           0x0000474f   Thumb Code     4  memseta.o(.text)
    __aeabi_memclr4                          0x0000474f   Thumb Code     0  memseta.o(.text)
    __aeabi_memclr8                          0x0000474f   Thumb Code     0  memseta.o(.text)
    _memset$wrapper                          0x00004753   Thumb Code    18  memseta.o(.text)
    __aeabi_fadd                             0x00004765   Thumb Code   162  fadd.o(.text)
    __aeabi_fsub                             0x00004807   Thumb Code     8  fadd.o(.text)
    __aeabi_frsub                            0x0000480f   Thumb Code     8  fadd.o(.text)
    __aeabi_fmul                             0x00004817   Thumb Code   122  fmul.o(.text)
    __aeabi_fdiv                             0x00004891   Thumb Code   124  fdiv.o(.text)
    __ARM_scalbnf                            0x0000490d   Thumb Code    24  fscalb.o(.text)
    scalbnf                                  0x0000490d   Thumb Code     0  fscalb.o(.text)
    __aeabi_dadd                             0x00004925   Thumb Code   328  dadd.o(.text)
    __aeabi_dsub                             0x00004a6d   Thumb Code    12  dadd.o(.text)
    __aeabi_drsub                            0x00004a79   Thumb Code    12  dadd.o(.text)
    __aeabi_dmul                             0x00004a89   Thumb Code   202  dmul.o(.text)
    __aeabi_ddiv                             0x00004b59   Thumb Code   234  ddiv.o(.text)
    __ARM_scalbn                             0x00004c49   Thumb Code    44  dscalb.o(.text)
    scalbn                                   0x00004c49   Thumb Code     0  dscalb.o(.text)
    __aeabi_i2f                              0x00004c75   Thumb Code    22  fflti.o(.text)
    __aeabi_ui2f                             0x00004c8b   Thumb Code    14  ffltui.o(.text)
    __aeabi_i2d                              0x00004c99   Thumb Code    34  dflti.o(.text)
    __aeabi_ui2d                             0x00004cc1   Thumb Code    24  dfltui.o(.text)
    __aeabi_f2iz                             0x00004cdd   Thumb Code    50  ffixi.o(.text)
    __aeabi_f2uiz                            0x00004d0f   Thumb Code    40  ffixui.o(.text)
    __aeabi_f2d                              0x00004d37   Thumb Code    40  f2d.o(.text)
    __aeabi_cdcmpeq                          0x00004d61   Thumb Code     0  cdcmple.o(.text)
    __aeabi_cdcmple                          0x00004d61   Thumb Code    38  cdcmple.o(.text)
    __aeabi_d2f                              0x00004d89   Thumb Code    56  d2f.o(.text)
    __aeabi_cfcmpeq                          0x00004dc1   Thumb Code     0  cfcmple.o(.text)
    __aeabi_cfcmple                          0x00004dc1   Thumb Code    20  cfcmple.o(.text)
    __aeabi_cfrcmple                         0x00004dd5   Thumb Code    20  cfrcmple.o(.text)
    __aeabi_uldivmod                         0x00004de9   Thumb Code    96  uldiv.o(.text)
    __aeabi_llsl                             0x00004e49   Thumb Code    32  llshl.o(.text)
    _ll_shift_l                              0x00004e49   Thumb Code     0  llshl.o(.text)
    __aeabi_lasr                             0x00004e69   Thumb Code    38  llsshr.o(.text)
    _ll_sshift_r                             0x00004e69   Thumb Code     0  llsshr.o(.text)
    __I$use$fp                               0x00004e8f   Thumb Code     0  iusefp.o(.text)
    _float_round                             0x00004e8f   Thumb Code    16  fepilogue.o(.text)
    _float_epilogue                          0x00004e9f   Thumb Code   114  fepilogue.o(.text)
    _fsqrt                                   0x00004f11   Thumb Code    88  fsqrt.o(.text)
    _frnd                                    0x00004f69   Thumb Code    62  frnd.o(.text)
    _double_round                            0x00004fa7   Thumb Code    26  depilogue.o(.text)
    _double_epilogue                         0x00004fc1   Thumb Code   164  depilogue.o(.text)
    _dsqrt                                   0x00005065   Thumb Code   162  dsqrt.o(.text)
    __ARM_dcmp4                              0x00005109   Thumb Code    88  dcmp4.o(.text)
    _dcmp4                                   0x00005109   Thumb Code     0  dcmp4.o(.text)
    __scatterload                            0x00005169   Thumb Code    28  init.o(.text)
    __scatterload_rt2                        0x00005169   Thumb Code     0  init.o(.text)
    __aeabi_llsr                             0x0000518d   Thumb Code    34  llushr.o(.text)
    _ll_ushift_r                             0x0000518d   Thumb Code     0  llushr.o(.text)
    __aeabi_d2iz                             0x000051b1   Thumb Code    62  dfixi.o(.text)
    SPI_RW                                   0x000051f9   Thumb Code    26  bsp_spi.o(i.SPI_RW)
    __0printf$5                              0x00005219   Thumb Code    24  printf5.o(i.__0printf$5)
    __1printf$5                              0x00005219   Thumb Code     0  printf5.o(i.__0printf$5)
    __2printf                                0x00005219   Thumb Code     0  printf5.o(i.__0printf$5)
    __ARM_clz                                0x00005239   Thumb Code    46  depilogue.o(i.__ARM_clz)
    __ARM_common_ll_muluu                    0x00005267   Thumb Code    50  rred.o(i.__ARM_common_ll_muluu)
    __ARM_common_switch8                     0x00005299   Thumb Code    26  flight_mode_control.o(i.__ARM_common_switch8)
    __ARM_fpclassify                         0x000052b5   Thumb Code    40  fpclassify.o(i.__ARM_fpclassify)
    __ARM_fpclassifyf                        0x000052e1   Thumb Code    34  fpclassifyf.o(i.__ARM_fpclassifyf)
    __ARM_isfinitef                          0x00005303   Thumb Code    18  inertial_nav.o(i.__ARM_isfinitef)
    __ieee754_rem_pio2                       0x00005315   Thumb Code   838  rred.o(i.__ieee754_rem_pio2)
    __kernel_cos                             0x000056b1   Thumb Code   224  cos_i.o(i.__kernel_cos)
    __kernel_poly                            0x000057a5   Thumb Code   172  poly.o(i.__kernel_poly)
    __kernel_sin                             0x00005851   Thumb Code   222  sin_i.o(i.__kernel_sin)
    __mathlib_dbl_infnan                     0x0000593d   Thumb Code    10  dunder.o(i.__mathlib_dbl_infnan)
    __mathlib_dbl_invalid                    0x00005947   Thumb Code    16  dunder.o(i.__mathlib_dbl_invalid)
    __mathlib_dbl_underflow                  0x00005959   Thumb Code    14  dunder.o(i.__mathlib_dbl_underflow)
    __mathlib_flt_infnan                     0x0000596d   Thumb Code    10  funder.o(i.__mathlib_flt_infnan)
    __mathlib_flt_infnan2                    0x00005977   Thumb Code     8  funder.o(i.__mathlib_flt_infnan2)
    __mathlib_flt_invalid                    0x0000597f   Thumb Code    12  funder.o(i.__mathlib_flt_invalid)
    __mathlib_flt_underflow                  0x0000598b   Thumb Code    14  funder.o(i.__mathlib_flt_underflow)
    __mathlib_rredf2                         0x00005999   Thumb Code   366  rredf.o(i.__mathlib_rredf2)
    __scatterload_copy                       0x00005b19   Thumb Code    14  handlers.o(i.__scatterload_copy)
    __scatterload_null                       0x00005b27   Thumb Code     2  handlers.o(i.__scatterload_null)
    __scatterload_zeroinit                   0x00005b29   Thumb Code    14  handlers.o(i.__scatterload_zeroinit)
    __set_errno                              0x00005b39   Thumb Code     6  errno.o(i.__set_errno)
    asinf                                    0x00005e21   Thumb Code   242  asinf.o(i.asinf)
    atan2f                                   0x00005f39   Thumb Code   526  atan2f.o(i.atan2f)
    atanf                                    0x00006195   Thumb Code   296  atanf.o(i.atanf)
    cos                                      0x000062f5   Thumb Code   142  cos.o(i.cos)
    cosf                                     0x0000638d   Thumb Code   318  cosf.o(i.cosf)
    fmax                                     0x00006505   Thumb Code    56  fmax.o(i.fmax)
    sinf                                     0x00006541   Thumb Code   330  sinf.o(i.sinf)
    sqrt                                     0x000066c5   Thumb Code    66  sqrt.o(i.sqrt)
    sqrtf                                    0x0000670d   Thumb Code    44  sqrtf.o(i.sqrtf)
    tanf                                     0x00006739   Thumb Code   312  tanf.o(i.tanf)
    TX_ADDRESS_DEF                           0x000068a8   Data           5  rf.o(.constdata)
    Region$$Table$$Base                      0x00006a38   Number         0  anon$$obj.o(Region$$Table)
    Region$$Table$$Limit                     0x00006a58   Number         0  anon$$obj.o(Region$$Table)
    _accel_scale                             0x20000000   Data           4  bmi160.o(.data)
    _gyro_scale                              0x20000004   Data           4  bmi160.o(.data)
    Formula_Select                           0x20000008   Data           1  fbm320.o(.data)
    PllClock                                 0x20000018   Data           4  system_pn020series.o(.data)
    SystemCoreClock                          0x2000001c   Data           4  system_pn020series.o(.data)
    CyclesPerUs                              0x20000020   Data           4  system_pn020series.o(.data)
    control_mode                             0x20000024   Data           1  flight_mode_control.o(.data)
    prev_control_mode                        0x20000025   Data           1  flight_mode_control.o(.data)
    simple_cos_yaw                           0x20000030   Data           4  flight_mode_control.o(.data)
    simple_sin_yaw                           0x20000034   Data           4  flight_mode_control.o(.data)
    super_simple_last_bearing                0x20000038   Data           4  flight_mode_control.o(.data)
    super_simple_cos_yaw                     0x2000003c   Data           4  flight_mode_control.o(.data)
    super_simple_sin_yaw                     0x20000040   Data           4  flight_mode_control.o(.data)
    pos_limit                                0x20000044   Data           1  position_control.o(.data)
    pos_flags                                0x20000046   Data           2  position_control.o(.data)
    leash_up_z                               0x20000048   Data           4  position_control.o(.data)
    leash_down_z                             0x2000004c   Data           4  position_control.o(.data)
    speed_up_cms                             0x20000050   Data           4  position_control.o(.data)
    speed_down_cms                           0x20000054   Data           4  position_control.o(.data)
    accel_z_cms                              0x20000058   Data           4  position_control.o(.data)
    accel_last_z_cms                         0x2000005c   Data           4  position_control.o(.data)
    last_update_z_ms                         0x20000060   Data           4  position_control.o(.data)
    throttle_hover                           0x2000006c   Data           4  motor_control.o(.data)
    cmp_kp                                   0x2000008c   Data           4  ahrs.o(.data)
    cmp_ki                                   0x20000090   Data           4  ahrs.o(.data)
    exInt                                    0x20000094   Data           4  ahrs.o(.data)
    eyInt                                    0x20000098   Data           4  ahrs.o(.data)
    ezInt                                    0x2000009c   Data           4  ahrs.o(.data)
    NumQ                                     0x200000a4   Data          16  ahrs.o(.data)
    Rot_matrix                               0x200000b4   Data          36  ahrs.o(.data)
    w_z_baro                                 0x200000e0   Data           4  inertial_nav.o(.data)
    w_z_acc                                  0x200000e4   Data           4  inertial_nav.o(.data)
    w_acc_bias                               0x200000e8   Data           4  inertial_nav.o(.data)
    accel_NED                                0x200000f4   Data          12  inertial_nav.o(.data)
    motor_duty_range                         0x20000100   Data           4  motor.o(.data)
    battery_vol                              0x20000104   Data           4  adc_det.o(.data)
    __stdout                                 0x20000108   Data           4  retarget.o(.data)
    roll_code                                0x2000010f   Data           3  rc_channel.o(.data)
    rc_switchs                               0x20000118   Data           8  rc_channel.o(.data)
    fbm320_packet                            0x20000158   Data          56  fbm320.o(.bss)
    fc_status                                0x20000190   Data          16  common.o(.bss)
    ctrl_loop                                0x200001a0   Data         864  attitude_control.o(.bss)
    attitude_target_ang_vel                  0x20000500   Data          12  attitude_control.o(.bss)
    target_attitude                          0x2000050c   Data          12  flight_mode_control.o(.bss)
    takeoff_state                            0x20000518   Data          16  flight_mode_control.o(.bss)
    pos_target                               0x20000528   Data          36  position_control.o(.bss)
    pos_error                                0x2000054c   Data          36  position_control.o(.bss)
    vel_desired                              0x20000570   Data          12  position_control.o(.bss)
    vel_last                                 0x2000057c   Data          12  position_control.o(.bss)
    accel_feedforward                        0x20000588   Data          12  position_control.o(.bss)
    motor                                    0x20000594   Data          28  motor_control.o(.bss)
    slice_flag                               0x200005b0   Data           9  scheduler.o(.bss)
    AngE                                     0x200005bc   Data          12  ahrs.o(.bss)
    ahrs                                     0x200005c8   Data          48  ahrs.o(.bss)
    inertial_sensor                          0x200005f8   Data         296  inertial_sensor.o(.bss)
    nav                                      0x20000720   Data          36  inertial_nav.o(.bss)
    z_est                                    0x20000744   Data          12  inertial_nav.o(.bss)
    corr_acc                                 0x20000750   Data          12  inertial_nav.o(.bss)
    acc_bias                                 0x2000075c   Data          12  inertial_nav.o(.bss)
    home_absolute_pos                        0x200007a4   Data          12  inertial_nav.o(.bss)
    motor_duty                               0x200007b0   Data          16  motor.o(.bss)
    battery_adc_val                          0x200007c0   Data          20  adc_det.o(.bss)
    rc_channels                              0x200007d4   Data          48  rc_channel.o(.bss)
    rc_buf                                   0x20000804   Data          18  rc_channel.o(.bss)
    __initial_sp                             0x20000dfc   Number         0  startup_pn020series.o ABSOLUTE



==============================================================================

Memory Map of the image

  Image Entry point : 0x00001065

  Load Region LR_1 (Base: 0x00000000, Size: 0x00006b84, Max: 0xffffffff, ABSOLUTE)

    Execution Region ER_RO (Base: 0x00000000, Size: 0x00006a58, Max: 0xffffffff, ABSOLUTE)

    Base Addr    Size         Type   Attr      Idx    E Section Name        Object

    0x00000000   0x000000c0   Data   RO          310    RESET               startup_pn020series.o
    0x000000c0   0x00000000   Code   RO         2253  * .ARM.Collect$$$$00000000  mc_p.l(entry.o)
    0x000000c0   0x00000004   Code   RO         2610    .ARM.Collect$$$$00000001  mc_p.l(entry2.o)
    0x000000c4   0x00000004   Code   RO         2613    .ARM.Collect$$$$00000004  mc_p.l(entry5.o)
    0x000000c8   0x00000000   Code   RO         2615    .ARM.Collect$$$$00000008  mc_p.l(entry7b.o)
    0x000000c8   0x00000000   Code   RO         2617    .ARM.Collect$$$$0000000A  mc_p.l(entry8b.o)
    0x000000c8   0x00000008   Code   RO         2618    .ARM.Collect$$$$0000000B  mc_p.l(entry9a.o)
    0x000000d0   0x00000000   Code   RO         2620    .ARM.Collect$$$$0000000D  mc_p.l(entry10a.o)
    0x000000d0   0x00000000   Code   RO         2622    .ARM.Collect$$$$0000000F  mc_p.l(entry11a.o)
    0x000000d0   0x00000004   Code   RO         2611    .ARM.Collect$$$$00002712  mc_p.l(entry2.o)
    0x000000d4   0x0000001c   Code   RO         1708    .emb_text           retarget.o
    0x000000f0   0x000002a8   Code   RO            3    .text               bmi160.o
    0x00000398   0x000007f8   Code   RO          114    .text               fbm320.o
    0x00000b90   0x00000448   Code   RO          141    .text               common.o
    0x00000fd8   0x00000020   Code   RO          247    .text               main.o
    0x00000ff8   0x0000006c   Code   RO          275    .text               system_pn020series.o
    0x00001064   0x00000014   Code   RO          311  * .text               startup_pn020series.o
    0x00001078   0x0000024c   Code   RO          317    .text               algorithm_filter.o
    0x000012c4   0x000000a0   Code   RO          350    .text               algorithm_math.o
    0x00001364   0x00000158   Code   RO          382    .text               algorithm_pid.o
    0x000014bc   0x00000378   Code   RO          414    .text               algorithm_quaternion.o
    0x00001834   0x000001b4   Code   RO          440    .text               attitude_control.o
    0x000019e8   0x00000458   Code   RO          497    .text               flight_mode_control.o
    0x00001e40   0x0000061c   Code   RO          557    .text               position_control.o
    0x0000245c   0x000001a4   Code   RO          612    .text               motor_control.o
    0x00002600   0x000002ec   Code   RO          652    .text               scheduler.o
    0x000028ec   0x00000208   Code   RO          756    .text               ahrs.o
    0x00002af4   0x000003b8   Code   RO          795    .text               inertial_sensor.o
    0x00002eac   0x00000408   Code   RO          832    .text               inertial_nav.o
    0x000032b4   0x00000100   Code   RO          900    .text               motor.o
    0x000033b4   0x00000284   Code   RO          930    .text               bsp_i2c.o
    0x00003638   0x00000008   Code   RO          959    .text               uart_console.o
    0x00003640   0x000000b4   Code   RO          982    .text               bsp_spi.o
    0x000036f4   0x000000c0   Code   RO         1013    .text               adc_det.o
    0x000037b4   0x00000038   Code   RO         1068    .text               adc.o
    0x000037ec   0x000000e4   Code   RO         1144    .text               clk.o
    0x000038d0   0x00000038   Code   RO         1392    .text               i2c.o
    0x00003908   0x0000013c   Code   RO         1514    .text               pwm.o
    0x00003a44   0x000000f0   Code   RO         1709    .text               retarget.o
    0x00003b34   0x00000060   Code   RO         1788    .text               spi.o
    0x00003b94   0x00000184   Code   RO         1918    .text               timer.o
    0x00003d18   0x00000030   Code   RO         1972    .text               uart.o
    0x00003d48   0x00000828   Code   RO         2100    .text               rc_channel.o
    0x00004570   0x0000017c   Code   RO         2142    .text               rf.o
    0x000046ec   0x0000002c   Code   RO         2254    .text               mc_p.l(uidiv.o)
    0x00004718   0x00000028   Code   RO         2256    .text               mc_p.l(idiv.o)
    0x00004740   0x00000024   Code   RO         2258    .text               mc_p.l(memseta.o)
    0x00004764   0x000000b2   Code   RO         2521    .text               mf_p.l(fadd.o)
    0x00004816   0x0000007a   Code   RO         2523    .text               mf_p.l(fmul.o)
    0x00004890   0x0000007c   Code   RO         2525    .text               mf_p.l(fdiv.o)
    0x0000490c   0x00000018   Code   RO         2527    .text               mf_p.l(fscalb.o)
    0x00004924   0x00000164   Code   RO         2529    .text               mf_p.l(dadd.o)
    0x00004a88   0x000000d0   Code   RO         2531    .text               mf_p.l(dmul.o)
    0x00004b58   0x000000f0   Code   RO         2533    .text               mf_p.l(ddiv.o)
    0x00004c48   0x0000002c   Code   RO         2535    .text               mf_p.l(dscalb.o)
    0x00004c74   0x00000016   Code   RO         2537    .text               mf_p.l(fflti.o)
    0x00004c8a   0x0000000e   Code   RO         2539    .text               mf_p.l(ffltui.o)
    0x00004c98   0x00000028   Code   RO         2541    .text               mf_p.l(dflti.o)
    0x00004cc0   0x0000001c   Code   RO         2543    .text               mf_p.l(dfltui.o)
    0x00004cdc   0x00000032   Code   RO         2545    .text               mf_p.l(ffixi.o)
    0x00004d0e   0x00000028   Code   RO         2547    .text               mf_p.l(ffixui.o)
    0x00004d36   0x00000028   Code   RO         2549    .text               mf_p.l(f2d.o)
    0x00004d5e   0x00000002   PAD
    0x00004d60   0x00000028   Code   RO         2551    .text               mf_p.l(cdcmple.o)
    0x00004d88   0x00000038   Code   RO         2555    .text               mf_p.l(d2f.o)
    0x00004dc0   0x00000014   Code   RO         2557    .text               mf_p.l(cfcmple.o)
    0x00004dd4   0x00000014   Code   RO         2559    .text               mf_p.l(cfrcmple.o)
    0x00004de8   0x00000060   Code   RO         2624    .text               mc_p.l(uldiv.o)
    0x00004e48   0x00000020   Code   RO         2626    .text               mc_p.l(llshl.o)
    0x00004e68   0x00000026   Code   RO         2628    .text               mc_p.l(llsshr.o)
    0x00004e8e   0x00000000   Code   RO         2637    .text               mc_p.l(iusefp.o)
    0x00004e8e   0x00000082   Code   RO         2638    .text               mf_p.l(fepilogue.o)
    0x00004f10   0x00000058   Code   RO         2640    .text               mf_p.l(fsqrt.o)
    0x00004f68   0x0000003e   Code   RO         2642    .text               mf_p.l(frnd.o)
    0x00004fa6   0x000000be   Code   RO         2644    .text               mf_p.l(depilogue.o)
    0x00005064   0x000000a2   Code   RO         2648    .text               mf_p.l(dsqrt.o)
    0x00005106   0x00000002   PAD
    0x00005108   0x00000060   Code   RO         2654    .text               mf_p.l(dcmp4.o)
    0x00005168   0x00000024   Code   RO         2660    .text               mc_p.l(init.o)
    0x0000518c   0x00000022   Code   RO         2662    .text               mc_p.l(llushr.o)
    0x000051ae   0x00000002   PAD
    0x000051b0   0x00000048   Code   RO         2664    .text               mf_p.l(dfixi.o)
    0x000051f8   0x00000020   Code   RO          997    i.SPI_RW            bsp_spi.o
    0x00005218   0x00000020   Code   RO         2393    i.__0printf$5       mc_p.l(printf5.o)
    0x00005238   0x0000002e   Code   RO         2646    i.__ARM_clz         mf_p.l(depilogue.o)
    0x00005266   0x00000032   Code   RO         2599    i.__ARM_common_ll_muluu  m_ps.l(rred.o)
    0x00005298   0x0000001a   Code   RO          534    i.__ARM_common_switch8  flight_mode_control.o
    0x000052b2   0x00000002   PAD
    0x000052b4   0x0000002c   Code   RO         2656    i.__ARM_fpclassify  m_ps.l(fpclassify.o)
    0x000052e0   0x00000022   Code   RO         2578    i.__ARM_fpclassifyf  m_ps.l(fpclassifyf.o)
    0x00005302   0x00000012   Code   RO          851    i.__ARM_isfinitef   inertial_nav.o
    0x00005314   0x0000039c   Code   RO         2594    i.__ieee754_rem_pio2  m_ps.l(rred.o)
    0x000056b0   0x000000f4   Code   RO         2561    i.__kernel_cos      m_ps.l(cos_i.o)
    0x000057a4   0x000000ac   Code   RO         2658    i.__kernel_poly     m_ps.l(poly.o)
    0x00005850   0x000000ec   Code   RO         2604    i.__kernel_sin      m_ps.l(sin_i.o)
    0x0000593c   0x0000000a   Code   RO         2565    i.__mathlib_dbl_infnan  m_ps.l(dunder.o)
    0x00005946   0x00000010   Code   RO         2567    i.__mathlib_dbl_invalid  m_ps.l(dunder.o)
    0x00005956   0x00000002   PAD
    0x00005958   0x00000014   Code   RO         2570    i.__mathlib_dbl_underflow  m_ps.l(dunder.o)
    0x0000596c   0x0000000a   Code   RO         2581    i.__mathlib_flt_infnan  m_ps.l(funder.o)
    0x00005976   0x00000008   Code   RO         2582    i.__mathlib_flt_infnan2  m_ps.l(funder.o)
    0x0000597e   0x0000000c   Code   RO         2583    i.__mathlib_flt_invalid  m_ps.l(funder.o)
    0x0000598a   0x0000000e   Code   RO         2586    i.__mathlib_flt_underflow  m_ps.l(funder.o)
    0x00005998   0x00000180   Code   RO         2601    i.__mathlib_rredf2  m_ps.l(rredf.o)
    0x00005b18   0x0000000e   Code   RO         2668    i.__scatterload_copy  mc_p.l(handlers.o)
    0x00005b26   0x00000002   Code   RO         2669    i.__scatterload_null  mc_p.l(handlers.o)
    0x00005b28   0x0000000e   Code   RO         2670    i.__scatterload_zeroinit  mc_p.l(handlers.o)
    0x00005b36   0x00000002   PAD
    0x00005b38   0x0000000c   Code   RO         2632    i.__set_errno       mc_p.l(errno.o)
    0x00005b44   0x000002dc   Code   RO         2400    i._printf_core      mc_p.l(printf5.o)
    0x00005e20   0x00000118   Code   RO         2172    i.asinf             m_ps.l(asinf.o)
    0x00005f38   0x0000025c   Code   RO         2180    i.atan2f            m_ps.l(atan2f.o)
    0x00006194   0x00000160   Code   RO         2188    i.atanf             m_ps.l(atanf.o)
    0x000062f4   0x00000098   Code   RO         2196    i.cos               m_ps.l(cos.o)
    0x0000638c   0x00000178   Code   RO         2204    i.cosf              m_ps.l(cosf.o)
    0x00006504   0x0000003c   Code   RO         2211    i.fmax              m_ps.l(fmax.o)
    0x00006540   0x00000184   Code   RO         2222    i.sinf              m_ps.l(sinf.o)
    0x000066c4   0x00000048   Code   RO         2230    i.sqrt              m_ps.l(sqrt.o)
    0x0000670c   0x0000002c   Code   RO         2238    i.sqrtf             m_ps.l(sqrtf.o)
    0x00006738   0x00000170   Code   RO         2246    i.tanf              m_ps.l(tanf.o)
    0x000068a8   0x00000005   Data   RO         2143    .constdata          rf.o
    0x000068ad   0x00000003   PAD
    0x000068b0   0x00000030   Data   RO         2562    .constdata          m_ps.l(cos_i.o)
    0x000068e0   0x000000c8   Data   RO         2596    .constdata          m_ps.l(rred.o)
    0x000069a8   0x00000020   Data   RO         2602    .constdata          m_ps.l(rredf.o)
    0x000069c8   0x00000028   Data   RO         2605    .constdata          m_ps.l(sin_i.o)
    0x000069f0   0x00000045   Data   RO          902    .conststring        motor.o
    0x00006a35   0x00000003   PAD
    0x00006a38   0x00000020   Data   RO         2666    Region$$Table       anon$$obj.o


    Execution Region ER_RW (Base: 0x20000000, Size: 0x0000012c, Max: 0xffffffff, ABSOLUTE)

    Base Addr    Size         Type   Attr      Idx    E Section Name        Object

    0x20000000   0x00000008   Data   RW            4    .data               bmi160.o
    0x20000008   0x0000000c   Data   RW          116    .data               fbm320.o
    0x20000014   0x00000004   Data   RW          143    .data               common.o
    0x20000018   0x0000000c   Data   RW          277    .data               system_pn020series.o
    0x20000024   0x00000020   Data   RW          502    .data               flight_mode_control.o
    0x20000044   0x00000028   Data   RW          561    .data               position_control.o
    0x2000006c   0x00000008   Data   RW          617    .data               motor_control.o
    0x20000074   0x00000018   Data   RW          656    .data               scheduler.o
    0x2000008c   0x0000004c   Data   RW          759    .data               ahrs.o
    0x200000d8   0x00000001   Data   RW          797    .data               inertial_sensor.o
    0x200000d9   0x00000003   PAD
    0x200000dc   0x00000024   Data   RW          834    .data               inertial_nav.o
    0x20000100   0x00000004   Data   RW          905    .data               motor.o
    0x20000104   0x00000004   Data   RW         1015    .data               adc_det.o
    0x20000108   0x00000004   Data   RW         1716    .data               retarget.o
    0x2000010c   0x0000001c   Data   RW         2103    .data               rc_channel.o
    0x20000128   0x00000004   Data   RW         2633    .data               mc_p.l(errno.o)


    Execution Region ER_ZI (Base: 0x2000012c, Size: 0x000006ec, Max: 0xffffffff, ABSOLUTE)

    Base Addr    Size         Type   Attr      Idx    E Section Name        Object

    0x2000012c   0x00000064   Zero   RW          115    .bss                fbm320.o
    0x20000190   0x00000010   Zero   RW          142    .bss                common.o
    0x200001a0   0x0000036c   Zero   RW          441    .bss                attitude_control.o
    0x2000050c   0x0000001c   Zero   RW          501    .bss                flight_mode_control.o
    0x20000528   0x0000006c   Zero   RW          560    .bss                position_control.o
    0x20000594   0x0000001c   Zero   RW          615    .bss                motor_control.o
    0x200005b0   0x00000009   Zero   RW          655    .bss                scheduler.o
    0x200005b9   0x00000003   PAD
    0x200005bc   0x0000003c   Zero   RW          758    .bss                ahrs.o
    0x200005f8   0x00000128   Zero   RW          796    .bss                inertial_sensor.o
    0x20000720   0x00000090   Zero   RW          833    .bss                inertial_nav.o
    0x200007b0   0x00000010   Zero   RW          901    .bss                motor.o
    0x200007c0   0x00000014   Zero   RW         1014    .bss                adc_det.o
    0x200007d4   0x00000042   Zero   RW         2102    .bss                rc_channel.o


==============================================================================

Image component sizes


      Code (inc. data)   RO Data    RW Data    ZI Data      Debug   Object Name

        56          4          0          0          0       1193   adc.o
       192         28          0          4         20       7705   adc_det.o
       520         16          0         76         60       3268   ahrs.o
       588          8          0          0          0       3581   algorithm_filter.o
       160         14          0          0          0       1547   algorithm_math.o
       344         18          0          0          0       4035   algorithm_pid.o
       888          0          0          0          0       3164   algorithm_quaternion.o
       436         24          0          0        876       6719   attitude_control.o
       680         30          0          8          0     135787   bmi160.o
       644         36          0          0          0       2633   bsp_i2c.o
       212         24          0          0          0       2711   bsp_spi.o
       228         24          0          0          0       1393   clk.o
      1096        288          0          4         16      19751   common.o
      2040        292          0         12        100       6341   fbm320.o
      1138         60          0         32         28       7970   flight_mode_control.o
        56          6          0          0          0       1019   i2c.o
      1050         64          0         36        144       5512   inertial_nav.o
       952         60          0          1        296       4153   inertial_sensor.o
        32          4          0          0          0       3275   main.o
       256         18         69          4         16       1835   motor.o
       420         64          0          8         28       3038   motor_control.o
      1564         98          0         40        108       6629   position_control.o
       316         12          0          0          0       2129   pwm.o
      2088        260          0         28         66       8276   rc_channel.o
       268        130          0          4          0       3728   retarget.o
       380         38          5          0          0       2386   rf.o
       748         82          0         24          9      12769   scheduler.o
        96          4          0          0          0       1523   spi.o
        20          4        192          0          0        724   startup_pn020series.o
       108         26          0         12          0       5533   system_pn020series.o
       388         24          0          0          0       2054   timer.o
        48          6          0          0          0       1072   uart.o
         8          0          0          0          0       1080   uart_console.o

    ----------------------------------------------------------------------
     18022       1766        304        296       1772     274533   Object Totals
         0          0         32          0          0          0   (incl. Generated)
         2          0          6          3          5          0   (incl. Padding)

    ----------------------------------------------------------------------

      Code (inc. data)   RO Data    RW Data    ZI Data      Debug   Library Member Name

       280         38          0          0          0         76   asinf.o
       604         78          0          0          0        120   atan2f.o
       352         56          0          0          0         84   atanf.o
       152         10          0          0          0        104   cos.o
       244         20         48          0          0         92   cos_i.o
       376         58          0          0          0        104   cosf.o
        46          6          0          0          0        204   dunder.o
        60          4          0          0          0         76   fmax.o
        44          4          0          0          0         60   fpclassify.o
        34          0          0          0          0         60   fpclassifyf.o
        44          0          0          0          0        272   funder.o
       172          0          0          0          0         76   poly.o
       974         86        200          0          0        200   rred.o
       384         18         32          0          0         88   rredf.o
       236         14         40          0          0        100   sin_i.o
       388         58          0          0          0        104   sinf.o
        72          6          0          0          0         76   sqrt.o
        44          0          0          0          0         72   sqrtf.o
       368         56          0          0          0        100   tanf.o
         0          0          0          0          0          0   entry.o
         0          0          0          0          0          0   entry10a.o
         0          0          0          0          0          0   entry11a.o
         8          4          0          0          0          0   entry2.o
         4          0          0          0          0          0   entry5.o
         0          0          0          0          0          0   entry7b.o
         0          0          0          0          0          0   entry8b.o
         8          4          0          0          0          0   entry9a.o
        12          6          0          4          0         60   errno.o
        30          0          0          0          0          0   handlers.o
        40          0          0          0          0         72   idiv.o
        36          8          0          0          0         68   init.o
         0          0          0          0          0          0   iusefp.o
        32          0          0          0          0         68   llshl.o
        38          0          0          0          0         68   llsshr.o
        34          0          0          0          0         68   llushr.o
        36          0          0          0          0        100   memseta.o
       764         52          0          0          0        168   printf5.o
        44          0          0          0          0         72   uidiv.o
        96          0          0          0          0         84   uldiv.o
        40          2          0          0          0         68   cdcmple.o
        20          0          0          0          0         68   cfcmple.o
        20          0          0          0          0         68   cfrcmple.o
        56          0          0          0          0         68   d2f.o
       356          4          0          0          0        140   dadd.o
        96          8          0          0          0         72   dcmp4.o
       240          6          0          0          0         84   ddiv.o
       236          0          0          0          0        216   depilogue.o
        72         10          0          0          0         72   dfixi.o
        40          6          0          0          0         68   dflti.o
        28          4          0          0          0         68   dfltui.o
       208          6          0          0          0         88   dmul.o
        44          0          0          0          0         72   dscalb.o
       162          0          0          0          0         80   dsqrt.o
        40          0          0          0          0         60   f2d.o
       178          0          0          0          0        108   fadd.o
       124          0          0          0          0         72   fdiv.o
       130          0          0          0          0        144   fepilogue.o
        50          0          0          0          0         60   ffixi.o
        40          0          0          0          0         60   ffixui.o
        22          0          0          0          0         68   fflti.o
        14          0          0          0          0         68   ffltui.o
       122          0          0          0          0         72   fmul.o
        62          0          0          0          0         68   frnd.o
        24          0          0          0          0         60   fscalb.o
        88          0          0          0          0         72   fsqrt.o

    ----------------------------------------------------------------------
      8578        632        320          4          0       5040   Library Totals
        10          0          0          0          0          0   (incl. Padding)

    ----------------------------------------------------------------------

      Code (inc. data)   RO Data    RW Data    ZI Data      Debug   Library Name

      4874        512        320          0          0       2068   m_ps.l
      1182         74          0          4          0        828   mc_p.l
      2512         46          0          0          0       2144   mf_p.l

    ----------------------------------------------------------------------
      8578        632        320          4          0       5040   Library Totals

    ----------------------------------------------------------------------

==============================================================================


      Code (inc. data)   RO Data    RW Data    ZI Data      Debug   

     26600       2398        624        300       1772     274677   Grand Totals
     26600       2398        624        300       1772     274677   ELF Image Totals
     26600       2398        624        300          0          0   ROM Totals

==============================================================================

    Total RO  Size (Code + RO Data)                27224 (  26.59kB)
    Total RW  Size (RW Data + ZI Data)              2072 (   2.02kB)
    Total ROM Size (Code + RO Data + RW Data)      27524 (  26.88kB)

==============================================================================

