<html>
<body>
<pre>
<h1>µVision Build Log</h1>
<h2>Tool Versions:</h2>
IDE-Version: ¦ÌVision V5.20.0.0
Copyright (C) 2016 ARM Ltd and ARM Germany GmbH. All rights reserved.
License Information: dd j, j, LIC=----
 
Tool Versions:
Toolchain:       MDK-Lite  Version: 5.20
Toolchain Path:  C:\Keil_v5\ARM\ARMCC\Bin
C Compiler:      Armcc.exe V5.06 update 2 (build 183)
Assembler:       Armasm.exe V5.06 update 2 (build 183)
Linker/Locator:  ArmLink.exe V5.06 update 2 (build 183)
Library Manager: ArmAr.exe V5.06 update 2 (build 183)
Hex Converter:   FromElf.exe V5.06 update 2 (build 183)
CPU DLL:         SARMCM3.DLL V5.20
Dialog DLL:      DARMCM1.DLL V1.14.0.0
Target DLL:      Segger\JL2CM3.dll V2.99.20.0
Dialog DLL:      TARMCM1.DLL V1.10.0.0
 
<h2>Project:</h2>
C:\Users\Administrator.DESKTOP-ZXM\Desktop\workspace\HD_Drone\HD_Drone_Firmware\Keil Project\HD_Drone.uvprojx
Project File Date:  08/25/2017

<h2>Output:</h2>
*** Using Compiler 'V5.06 update 2 (build 183)', folder: 'C:\Keil_v5\ARM\ARMCC\Bin'
Build target 'HD_Drone'
Clean started - Project: 'HD_Drone'
   deleting intermediate output files for target 'HD_Drone'
compiling bmi160.c...
compiling fbm320.c...
compiling motor.c...
compiling common.c...
compiling main.c...
..\User\main.c(20): warning:  #111-D: statement is unreachable
          return 0;
..\User\main.c: 1 warning, 0 errors
compiling system_PN020Series.c...
assembling startup_PN020Series.s...
compiling Algorithm_filter.c...
compiling Algorithm_math.c...
..\Algorithm\Algorithm_math\Algorithm_math.c(88): warning:  #111-D: statement is unreachable
        if(error < 0.0f)
..\Algorithm\Algorithm_math\Algorithm_math.c: 1 warning, 0 errors
compiling mymath.c...
compiling Algorithm_pid.c...
compiling Algorithm_quaternion.c...
compiling Algorithm_sqLite.c...
compiling attitude_control.c...
compiling flight_mode_control.c...
compiling motor_control.c...
..\Control\motor_control.c(114): warning:  #1-D: last line of file ends without a newline
  }
..\Control\motor_control.c: 1 warning, 0 errors
compiling position_control.c...
compiling scheduler.c...
..\Scheduler\scheduler.c(61): warning:  #177-D: variable "test" was declared but never referenced
        static uint32_t test = 0;
..\Scheduler\scheduler.c(142): warning:  #177-D: variable "_ahrs" was declared but never referenced
        EulerAngle _ahrs;
..\Scheduler\scheduler.c: 2 warnings, 0 errors
compiling ahrs.c...
..\AHRS\ahrs.c(158): warning:  #223-D: function "memset" declared implicitly
                memset(&NumQ, 0, sizeof(Quaternion));
..\AHRS\ahrs.c(176): warning:  #223-D: function "memset" declared implicitly
                memset(&NumQ, 0, sizeof(Quaternion));
..\AHRS\ahrs.c: 2 warnings, 0 errors
compiling inertial_sensor.c...
compiling bsp_i2c.c...
compiling timer_delay.c...
compiling uart_console.c...
compiling bsp_spi.c...
compiling acmp.c...
compiling adc.c...
compiling clk.c...
compiling fmc.c...
compiling gpio.c...
compiling i2c.c...
compiling pwm.c...
compiling retarget.c...
compiling spi.c...
compiling sys.c...
compiling timer.c...
compiling uart.c...
compiling wdt.c...
compiling wwdt.c...
compiling rc_channel.c...
..\RC\rc_channel.c(38): warning:  #177-D: variable "j" was declared but never referenced
      uint8_t j = 0;
..\RC\rc_channel.c(192): warning:  #188-D: enumerated type mixed with another type
              switch_event_trigger(ch_index, (switch_on_tick[ch_index] >= 250));
..\RC\rc_channel.c(165): warning:  #177-D: function "packet_parse" was declared but never referenced
  static void packet_parse(void)
..\RC\rc_channel.c(11): warning:  #177-D: variable "pre_switch" was declared but never referenced
  static uint8_t pre_switch = 0;
..\RC\rc_channel.c: 4 warnings, 0 errors
compiling rf.c...
linking...
Program Size: Code=23000 RO-data=552 RW-data=312 ZI-data=1196  
".\output\HD_Drone.axf" - 0 Error(s), 11 Warning(s).

*** Performing Cross-Module-Optimization:
compiling bmi160.c...
compiling fbm320.c...
compiling motor.c...
compiling common.c...
compiling main.c...
..\User\main.c(20): warning:  #111-D: statement is unreachable
          return 0;
..\User\main.c: 1 warning, 0 errors
compiling system_PN020Series.c...
compiling Algorithm_filter.c...
compiling Algorithm_math.c...
..\Algorithm\Algorithm_math\Algorithm_math.c(88): warning:  #111-D: statement is unreachable
        if(error < 0.0f)
..\Algorithm\Algorithm_math\Algorithm_math.c: 1 warning, 0 errors
compiling mymath.c...
compiling Algorithm_pid.c...
compiling Algorithm_quaternion.c...
compiling attitude_control.c...
compiling flight_mode_control.c...
compiling motor_control.c...
..\Control\motor_control.c(114): warning:  #1-D: last line of file ends without a newline
  }
..\Control\motor_control.c: 1 warning, 0 errors
compiling position_control.c...
compiling scheduler.c...
..\Scheduler\scheduler.c(61): warning:  #177-D: variable "test" was declared but never referenced
        static uint32_t test = 0;
..\Scheduler\scheduler.c(142): warning:  #177-D: variable "_ahrs" was declared but never referenced
        EulerAngle _ahrs;
..\Scheduler\scheduler.c: 2 warnings, 0 errors
compiling ahrs.c...
..\AHRS\ahrs.c(158): warning:  #223-D: function "memset" declared implicitly
                memset(&NumQ, 0, sizeof(Quaternion));
..\AHRS\ahrs.c(176): warning:  #223-D: function "memset" declared implicitly
                memset(&NumQ, 0, sizeof(Quaternion));
..\AHRS\ahrs.c: 2 warnings, 0 errors
compiling inertial_sensor.c...
compiling bsp_i2c.c...
compiling timer_delay.c...
compiling uart_console.c...
compiling bsp_spi.c...
compiling acmp.c...
compiling adc.c...
compiling clk.c...
compiling fmc.c...
compiling gpio.c...
compiling i2c.c...
compiling pwm.c...
compiling retarget.c...
compiling spi.c...
compiling sys.c...
compiling timer.c...
compiling uart.c...
compiling wdt.c...
compiling wwdt.c...
compiling rc_channel.c...
..\RC\rc_channel.c(38): warning:  #177-D: variable "j" was declared but never referenced
      uint8_t j = 0;
..\RC\rc_channel.c(192): warning:  #188-D: enumerated type mixed with another type
              switch_event_trigger(ch_index, (switch_on_tick[ch_index] >= 250));
..\RC\rc_channel.c(165): warning:  #177-D: function "packet_parse" was declared but never referenced
  static void packet_parse(void)
..\RC\rc_channel.c(11): warning:  #177-D: variable "pre_switch" was declared but never referenced
  static uint8_t pre_switch = 0;
..\RC\rc_channel.c: 4 warnings, 0 errors
compiling rf.c...
linking...
Program Size: Code=18404 RO-data=556 RW-data=224 ZI-data=1020  
compiling bmi160.c...
compiling fbm320.c...
compiling motor.c...
compiling common.c...
compiling main.c...
..\User\main.c(20): warning:  #111-D: statement is unreachable
          return 0;
..\User\main.c: 1 warning, 0 errors
compiling system_PN020Series.c...
compiling Algorithm_filter.c...
compiling Algorithm_math.c...
..\Algorithm\Algorithm_math\Algorithm_math.c(88): warning:  #111-D: statement is unreachable
        if(error < 0.0f)
..\Algorithm\Algorithm_math\Algorithm_math.c: 1 warning, 0 errors
compiling mymath.c...
compiling Algorithm_pid.c...
compiling Algorithm_quaternion.c...
compiling attitude_control.c...
compiling flight_mode_control.c...
compiling motor_control.c...
..\Control\motor_control.c(114): warning:  #1-D: last line of file ends without a newline
  }
..\Control\motor_control.c: 1 warning, 0 errors
compiling position_control.c...
compiling scheduler.c...
..\Scheduler\scheduler.c(61): warning:  #177-D: variable "test" was declared but never referenced
        static uint32_t test = 0;
..\Scheduler\scheduler.c(142): warning:  #177-D: variable "_ahrs" was declared but never referenced
        EulerAngle _ahrs;
..\Scheduler\scheduler.c: 2 warnings, 0 errors
compiling ahrs.c...
..\AHRS\ahrs.c(158): warning:  #223-D: function "memset" declared implicitly
                memset(&NumQ, 0, sizeof(Quaternion));
..\AHRS\ahrs.c(176): warning:  #223-D: function "memset" declared implicitly
                memset(&NumQ, 0, sizeof(Quaternion));
..\AHRS\ahrs.c: 2 warnings, 0 errors
compiling inertial_sensor.c...
compiling bsp_i2c.c...
compiling timer_delay.c...
compiling uart_console.c...
compiling bsp_spi.c...
compiling acmp.c...
compiling adc.c...
compiling clk.c...
compiling fmc.c...
compiling gpio.c...
compiling i2c.c...
compiling pwm.c...
compiling retarget.c...
compiling spi.c...
compiling sys.c...
compiling timer.c...
compiling uart.c...
compiling wdt.c...
compiling wwdt.c...
compiling rc_channel.c...
..\RC\rc_channel.c(38): warning:  #177-D: variable "j" was declared but never referenced
      uint8_t j = 0;
..\RC\rc_channel.c(192): warning:  #188-D: enumerated type mixed with another type
              switch_event_trigger(ch_index, (switch_on_tick[ch_index] >= 250));
..\RC\rc_channel.c(165): warning:  #177-D: function "packet_parse" was declared but never referenced
  static void packet_parse(void)
..\RC\rc_channel.c(11): warning:  #177-D: variable "pre_switch" was declared but never referenced
  static uint8_t pre_switch = 0;
..\RC\rc_channel.c: 4 warnings, 0 errors
compiling rf.c...
linking...
Program Size: Code=18404 RO-data=556 RW-data=224 ZI-data=1020  
After Build - User command #1: fromelf --bin ".\output\HD_Drone.axf" --output ".\output\HD_Drone.bin"
After Build - User command #2: fromelf --text -c ".\output\HD_Drone.axf" --output ".\output\HD_Drone.txt"
".\output\HD_Drone.axf" - 0 Error(s), 11 Warning(s).
*** Completed Cross-Module-Optimization after 3 iteration(s).

<h2>Software Packages used:</h2>

Package Vendor: ARM
                http://www.keil.com/pack/ARM.CMSIS.5.1.0.pack
                ARM::CMSIS:CORE:5.0.2
                CMSIS (Cortex Microcontroller Software Interface Standard)
   * Component: CORE Version: 5.0.2

<h2>Collection of Component include folders:</h2>
  C:\Users\Administrator.DESKTOP-ZXM\Desktop\workspace\HD_Drone\HD_Drone_Firmware\Keil Project\RTE
  C:\Keil_v5\ARM\PACK\ARM\CMSIS\5.1.0\CMSIS\Include
  C:\Keil_v5\ARM\PACK\ARM\CMSIS\5.1.0\Device\ARM\ARMCM0\Include

<h2>Collection of Component Files used:</h2>

   * Component: ARM::CMSIS:CORE:5.0.2
Build Time Elapsed:  00:00:34
</pre>
</body>
</html>
